Archive member included to satisfy reference by file (symbol)

Generated_Source\PSoC6\pdl\middleware\ble\lib\cy_ble_stack_gcc_controller_ipc_cm0p.a(CyBleStackMgrIP_Interface.o)
                              .\CortexM0p\ARM_GCC_541\Debug\cy_ble.o (Cy_BLE_EnableDleFeature)
Generated_Source\PSoC6\pdl\middleware\ble\lib\cy_ble_stack_gcc_controller_ipc_cm0p.a(CyBleStackMgr_PSoCHal.o)
                              Generated_Source\PSoC6\pdl\middleware\ble\lib\cy_ble_stack_gcc_controller_ipc_cm0p.a(CyBleStackMgrIP_Interface.o) (bt_config)
Generated_Source\PSoC6\pdl\middleware\ble\lib\cy_ble_stack_gcc_controller_ipc_cm0p.a(CyBleStackMgr_BleSSDriver.o)
                              Generated_Source\PSoC6\pdl\middleware\ble\lib\cy_ble_stack_gcc_controller_ipc_cm0p.a(CyBleStackMgrIP_Interface.o) (CyBleStackMgr_BleSSInit)
Generated_Source\PSoC6\pdl\middleware\ble\lib\cy_ble_stack_gcc_controller_ipc_cm0p.a(CyBleStackMgr_StackTaskHandler.o)
                              Generated_Source\PSoC6\pdl\middleware\ble\lib\cy_ble_stack_gcc_controller_ipc_cm0p.a(CyBleStackMgrIP_Interface.o) (CyBle_CreateBleStackTask)
Generated_Source\PSoC6\pdl\middleware\ble\lib\cy_ble_stack_gcc_controller_ipc_cm0p.a(config_bin.o)
                              Generated_Source\PSoC6\pdl\middleware\ble\lib\cy_ble_stack_gcc_controller_ipc_cm0p.a(CyBleStackMgr_PSoCHal.o) (bt_cfg_pdata)
Generated_Source\PSoC6\pdl\middleware\ble\lib\cy_ble_stack_gcc_controller_ipc_cm0p.a(BT_timer.o)
                              Generated_Source\PSoC6\pdl\middleware\ble\lib\cy_ble_stack_gcc_controller_ipc_cm0p.a(CyBleStackMgr_StackTaskHandler.o) (BT_timer_process_signals)
Generated_Source\PSoC6\pdl\middleware\ble\lib\cy_ble_stack_gcc_controller_ipc_cm0p.a(bt_os_common.o)
                              Generated_Source\PSoC6\pdl\middleware\ble\lib\cy_ble_stack_gcc_controller_ipc_cm0p.a(CyBleStackMgr_StackTaskHandler.o) (BT_ISROSQPost)
Generated_Source\PSoC6\pdl\middleware\ble\lib\cy_ble_stack_gcc_controller_ipc_cm0p.a(CyBleStackMgrIP_Pilo.o)
                              Generated_Source\PSoC6\pdl\middleware\ble\lib\cy_ble_stack_gcc_controller_ipc_cm0p.a(CyBleStackMgrIP_Interface.o) (CyPilo_InitCalibration)
Generated_Source\PSoC6\pdl\middleware\ble\lib\cy_ble_stack_gcc_controller_ipc_cm0p.a(mint_os.o)
                              Generated_Source\PSoC6\pdl\middleware\ble\lib\cy_ble_stack_gcc_controller_ipc_cm0p.a(CyBleStackMgrIP_Interface.o) (OS_init)
Generated_Source\PSoC6\pdl\middleware\ble\lib\cy_ble_stack_gcc_controller_ipc_cm0p.a(mint_os_queue.o)
                              Generated_Source\PSoC6\pdl\middleware\ble\lib\cy_ble_stack_gcc_controller_ipc_cm0p.a(mint_os.o) (OS_TOTAL_QUEUES)
Generated_Source\PSoC6\pdl\middleware\ble\lib\cy_ble_stack_gcc_controller_ipc_cm0p.a(mint_os_task.o)
                              Generated_Source\PSoC6\pdl\middleware\ble\lib\cy_ble_stack_gcc_controller_ipc_cm0p.a(mint_os.o) (idle_func_handler)
Generated_Source\PSoC6\pdl\middleware\ble\lib\cy_ble_stack_gcc_controller_ipc_cm0p.a(mint_buf_mgmt.o)
                              Generated_Source\PSoC6\pdl\middleware\ble\lib\cy_ble_stack_gcc_controller_ipc_cm0p.a(CyBleStackMgrIP_Interface.o) (mint_buf_mgmt_init)
Generated_Source\PSoC6\pdl\middleware\ble\lib\cy_ble_stack_gcc_controller_ipc_cm0p.a(transport_ipc.o)
                              Generated_Source\PSoC6\pdl\middleware\ble\lib\cy_ble_stack_gcc_controller_ipc_cm0p.a(CyBleStackMgr_PSoCHal.o) (CyBleController_HciIpcInit)
Generated_Source\PSoC6\pdl\middleware\ble\lib\cy_ble_stack_gcc_controller_ipc_cm0p.a(CyBleStackMgr_PSoCIPCHal.o)
                              Generated_Source\PSoC6\pdl\middleware\ble\lib\cy_ble_stack_gcc_controller_ipc_cm0p.a(CyBleStackMgrIP_Interface.o) (CyBleController_IPC_HAL_InitWithStaticMem)
Generated_Source\PSoC6\pdl\middleware\ble\lib\cy_ble_stack_gcc_controller_ipc_cm0p.a(CyBleControllerIP_Interface.o)
                              Generated_Source\PSoC6\pdl\middleware\ble\lib\cy_ble_stack_gcc_controller_ipc_cm0p.a(CyBleStackMgrIP_Interface.o) (CyBle_ControllerEnableDleFeature)
Generated_Source\PSoC6\pdl\middleware\ble\lib\cy_ble_stack_gcc_controller_ipc_cm0p.a(ll.o)
                              Generated_Source\PSoC6\pdl\middleware\ble\lib\cy_ble_stack_gcc_controller_ipc_cm0p.a(CyBleControllerIP_Interface.o) (ll_self_device_data)
Generated_Source\PSoC6\pdl\middleware\ble\lib\cy_ble_stack_gcc_controller_ipc_cm0p.a(ll_advertiser.o)
                              Generated_Source\PSoC6\pdl\middleware\ble\lib\cy_ble_stack_gcc_controller_ipc_cm0p.a(ll.o) (ll_adv_is_configured_connection_adv)
Generated_Source\PSoC6\pdl\middleware\ble\lib\cy_ble_stack_gcc_controller_ipc_cm0p.a(ll_connection.o)
                              Generated_Source\PSoC6\pdl\middleware\ble\lib\cy_ble_stack_gcc_controller_ipc_cm0p.a(ll.o) (bleSlDsmFix)
Generated_Source\PSoC6\pdl\middleware\ble\lib\cy_ble_stack_gcc_controller_ipc_cm0p.a(llh_api.o)
[...]
Memory Configuration

Name             Origin             Length             Attributes
ram              0x08000000         0x00024000         xrw
flash            0x10000000         0x00080000         xr
em_eeprom        0x14000000         0x00008000         xr
sflash_user_data 0x16000800         0x00000800         xr
sflash_nar       0x16001a00         0x00000200         xr
sflash_public_key 0x16005a00         0x00000c00         xr
sflash_toc_2     0x16007c00         0x00000200         xr
sflash_rtoc_2    0x16007e00         0x00000200         xr
xip              0x18000000         0x08000000         xr
efuse            0x90700000         0x00100000         r
*default*        0x00000000         0xffffffff

Linker script and memory map

LOAD d:/cypress creator/psoc creator/4.2/psoc creator/import/gnu/arm/5.4.1/bin/../lib/gcc/arm-none-eabi/5.4.1/armv6-m/crti.o
LOAD d:/cypress creator/psoc creator/4.2/psoc creator/import/gnu/arm/5.4.1/bin/../lib/gcc/arm-none-eabi/5.4.1/armv6-m/crtbegin.o
LOAD d:/cypress creator/psoc creator/4.2/psoc creator/import/gnu/arm/5.4.1/bin/../lib/gcc/arm-none-eabi/5.4.1/../../../../arm-none-eabi/lib/armv6-m/crt0.o
START GROUP
LOAD Generated_Source\PSoC6\pdl\middleware\ble\lib\cy_ble_stack_gcc_radio_max_cm0p.a
LOAD Generated_Source\PSoC6\pdl\middleware\ble\lib\cy_ble_stack_gcc_controller_ipc_cm0p.a
LOAD .\CortexM0p\ARM_GCC_541\Debug\startup_psoc63_cm0plus.o
LOAD .\CortexM0p\ARM_GCC_541\Debug\main_cm0p.o
LOAD .\CortexM0p\ARM_GCC_541\Debug\system_psoc63_cm0plus.o
LOAD .\CortexM0p\ARM_GCC_541\Debug\cy_ipc_config.o
LOAD .\CortexM0p\ARM_GCC_541\Debug\cyfitter_sysint_cfg.o
LOAD .\CortexM0p\ARM_GCC_541\Debug\cyfitter_cfg.o
LOAD .\CortexM0p\ARM_GCC_541\Debug\cymetadata.o
LOAD .\CortexM0p\ARM_GCC_541\Debug\MCWDT_PDL.o
LOAD .\CortexM0p\ARM_GCC_541\Debug\BLE.o
LOAD .\CortexM0p\ARM_GCC_541\Debug\BLE_config.o
LOAD .\CortexM0p\ARM_GCC_541\Debug\BLE_custom_config.o
LOAD .\CortexM0p\ARM_GCC_541\Debug\CapSense_Control.o
LOAD .\CortexM0p\ARM_GCC_541\Debug\CapSense_Processing.o
LOAD .\CortexM0p\ARM_GCC_541\Debug\CapSense_Structure.o
LOAD .\CortexM0p\ARM_GCC_541\Debug\CapSense_Tuner.o
LOAD .\CortexM0p\ARM_GCC_541\Debug\CapSense_Filter.o
LOAD .\CortexM0p\ARM_GCC_541\Debug\CapSense_Sensing.o
LOAD .\CortexM0p\ARM_GCC_541\Debug\CapSense_INT.o
LOAD .\CortexM0p\ARM_GCC_541\Debug\CapSense_SensingCSD_LL.o
LOAD .\CortexM0p\ARM_GCC_541\Debug\CY_EINK_SPIM.o
LOAD .\CortexM0p\ARM_GCC_541\Debug\CY_EINK_Timer.o
LOAD .\CortexM0p\ARM_GCC_541\Debug\cy_sysint.o
LOAD .\CortexM0p\ARM_GCC_541\Debug\cy_ipc_drv.o
LOAD .\CortexM0p\ARM_GCC_541\Debug\cy_ipc_sema.o
LOAD .\CortexM0p\ARM_GCC_541\Debug\cy_ipc_pipe.o
LOAD .\CortexM0p\ARM_GCC_541\Debug\cy_sysclk.o
LOAD .\CortexM0p\ARM_GCC_541\Debug\cy_wdt.o
LOAD .\CortexM0p\ARM_GCC_541\Debug\cy_mcwdt.o
LOAD .\CortexM0p\ARM_GCC_541\Debug\cy_tcpwm_counter.o
LOAD .\CortexM0p\ARM_GCC_541\Debug\cy_tcpwm_pwm.o
LOAD .\CortexM0p\ARM_GCC_541\Debug\cy_tcpwm_quaddec.o
LOAD .\CortexM0p\ARM_GCC_541\Debug\cy_scb_common.o
LOAD .\CortexM0p\ARM_GCC_541\Debug\cy_scb_i2c.o
LOAD .\CortexM0p\ARM_GCC_541\Debug\cy_scb_ezi2c.o
LOAD .\CortexM0p\ARM_GCC_541\Debug\cy_scb_spi.o
LOAD .\CortexM0p\ARM_GCC_541\Debug\cy_scb_uart.o
LOAD .\CortexM0p\ARM_GCC_541\Debug\cy_efuse.o
LOAD .\CortexM0p\ARM_GCC_541\Debug\cy_flash.o
LOAD .\CortexM0p\ARM_GCC_541\Debug\cy_gpio.o
LOAD .\CortexM0p\ARM_GCC_541\Debug\cy_sysanalog.o
LOAD .\CortexM0p\ARM_GCC_541\Debug\cy_syspm.o
LOAD .\CortexM0p\ARM_GCC_541\Debug\cy_syslib.o
LOAD .\CortexM0p\ARM_GCC_541\Debug\cy_syslib_gcc.o
LOAD .\CortexM0p\ARM_GCC_541\Debug\cy_trigmux.o
LOAD .\CortexM0p\ARM_GCC_541\Debug\cy_systick.o
LOAD .\CortexM0p\ARM_GCC_541\Debug\cy_profile.o
LOAD .\CortexM0p\ARM_GCC_541\Debug\cy_prot.o
LOAD .\CortexM0p\ARM_GCC_541\Debug\cy_lvd.o
LOAD .\CortexM0p\ARM_GCC_541\Debug\cy_ble.o
LOAD .\CortexM0p\ARM_GCC_541\Debug\cy_ble_hal_int.o
LOAD .\CortexM0p\ARM_GCC_541\Debug\cy_ble_hal_pvt.o
LOAD .\CortexM0p\ARM_GCC_541\Debug\cy_ble_gap.o
LOAD .\CortexM0p\ARM_GCC_541\Debug\cy_ble_gatt.o
LOAD .\CortexM0p\ARM_GCC_541\Debug\cy_ble_event_handler.o
LOAD .\CortexM0p\ARM_GCC_541\Debug\cy_ble_ancs.o
LOAD .\CortexM0p\ARM_GCC_541\Debug\cy_ble_ans.o
LOAD .\CortexM0p\ARM_GCC_541\Debug\cy_ble_aios.o
LOAD .\CortexM0p\ARM_GCC_541\Debug\cy_ble_bas.o
LOAD .\CortexM0p\ARM_GCC_541\Debug\cy_ble_bcs.o
LOAD .\CortexM0p\ARM_GCC_541\Debug\cy_ble_bls.o
LOAD .\CortexM0p\ARM_GCC_541\Debug\cy_ble_bms.o
LOAD .\CortexM0p\ARM_GCC_541\Debug\cy_ble_bts.o
LOAD .\CortexM0p\ARM_GCC_541\Debug\cy_ble_cgms.o
LOAD .\CortexM0p\ARM_GCC_541\Debug\cy_ble_cps.o
LOAD .\CortexM0p\ARM_GCC_541\Debug\cy_ble_cscs.o
LOAD .\CortexM0p\ARM_GCC_541\Debug\cy_ble_cts.o
LOAD .\CortexM0p\ARM_GCC_541\Debug\cy_ble_custom.o
LOAD .\CortexM0p\ARM_GCC_541\Debug\cy_ble_dis.o
LOAD .\CortexM0p\ARM_GCC_541\Debug\cy_ble_ess.o
LOAD .\CortexM0p\ARM_GCC_541\Debug\cy_ble_gls.o
LOAD .\CortexM0p\ARM_GCC_541\Debug\cy_ble_hids.o
LOAD .\CortexM0p\ARM_GCC_541\Debug\cy_ble_hps.o
LOAD .\CortexM0p\ARM_GCC_541\Debug\cy_ble_hrs.o
LOAD .\CortexM0p\ARM_GCC_541\Debug\cy_ble_hts.o
LOAD .\CortexM0p\ARM_GCC_541\Debug\cy_ble_ias.o
LOAD .\CortexM0p\ARM_GCC_541\Debug\cy_ble_ips.o
LOAD .\CortexM0p\ARM_GCC_541\Debug\cy_ble_lls.o
LOAD .\CortexM0p\ARM_GCC_541\Debug\cy_ble_lns.o
LOAD .\CortexM0p\ARM_GCC_541\Debug\cy_ble_ndcs.o
LOAD .\CortexM0p\ARM_GCC_541\Debug\cy_ble_plxs.o
LOAD .\CortexM0p\ARM_GCC_541\Debug\cy_ble_pass.o
LOAD .\CortexM0p\ARM_GCC_541\Debug\cy_ble_rscs.o
LOAD .\CortexM0p\ARM_GCC_541\Debug\cy_ble_rtus.o
LOAD .\CortexM0p\ARM_GCC_541\Debug\cy_ble_scps.o
LOAD .\CortexM0p\ARM_GCC_541\Debug\cy_ble_tps.o
LOAD .\CortexM0p\ARM_GCC_541\Debug\cy_ble_uds.o
LOAD .\CortexM0p\ARM_GCC_541\Debug\cy_ble_wpts.o
LOAD .\CortexM0p\ARM_GCC_541\Debug\cy_ble_wss.o
LOAD .\CortexM0p\ARM_GCC_541\Debug\cy_ble_clk.o
LOAD .\CortexM0p\ARM_GCC_541\Debug\EZI2C.o
LOAD D:\CyPRess Creator\PSoC Creator\4.2\PSoC Creator\psoc\content\CyComponentLibrary\CyComponentLibrary.cylib\CapSense_v2_0\Library\CapSense_Library_GCC_M0p.a
END GROUP
START GROUP
LOAD d:/cypress creator/psoc creator/4.2/psoc creator/import/gnu/arm/5.4.1/bin/../lib/gcc/arm-none-eabi/5.4.1/armv6-m\libgcc.a
LOAD d:/cypress creator/psoc creator/4.2/psoc creator/import/gnu/arm/5.4.1/bin/../lib/gcc/arm-none-eabi/5.4.1/../../../../arm-none-eabi/lib/armv6-m\libg_nano.a
LOAD d:/cypress creator/psoc creator/4.2/psoc creator/import/gnu/arm/5.4.1/bin/../lib/gcc/arm-none-eabi/5.4.1/../../../../arm-none-eabi/lib/armv6-m\libc_nano.a
END GROUP
START GROUP
LOAD d:/cypress creator/psoc creator/4.2/psoc creator/import/gnu/arm/5.4.1/bin/../lib/gcc/arm-none-eabi/5.4.1/armv6-m\libgcc.a
LOAD d:/cypress creator/psoc creator/4.2/psoc creator/import/gnu/arm/5.4.1/bin/../lib/gcc/arm-none-eabi/5.4.1/../../../../arm-none-eabi/lib/armv6-m\libc_nano.a
END GROUP
LOAD d:/cypress creator/psoc creator/4.2/psoc creator/import/gnu/arm/5.4.1/bin/../lib/gcc/arm-none-eabi/5.4.1/armv6-m/crtend.o
LOAD d:/cypress creator/psoc creator/4.2/psoc creator/import/gnu/arm/5.4.1/bin/../lib/gcc/arm-none-eabi/5.4.1/armv6-m/crtn.o
START GROUP
LOAD d:/cypress creator/psoc creator/4.2/psoc creator/import/gnu/arm/5.4.1/bin/../lib/gcc/arm-none-eabi/5.4.1/armv6-m\libgcc.a
LOAD d:/cypress creator/psoc creator/4.2/psoc creator/import/gnu/arm/5.4.1/bin/../lib/gcc/arm-none-eabi/5.4.1/../../../../arm-none-eabi/lib/armv6-m\libc.a
LOAD d:/cypress creator/psoc creator/4.2/psoc creator/import/gnu/arm/5.4.1/bin/../lib/gcc/arm-none-eabi/5.4.1/../../../../arm-none-eabi/lib/armv6-m\libnosys.a
END GROUP
START GROUP
LOAD d:/cypress creator/psoc creator/4.2/psoc creator/import/gnu/arm/5.4.1/bin/../lib/gcc/arm-none-eabi/5.4.1/armv6-m\libgcc.a
LOAD d:/cypress creator/psoc creator/4.2/psoc creator/import/gnu/arm/5.4.1/bin/../lib/gcc/arm-none-eabi/5.4.1/../../../../arm-none-eabi/lib/armv6-m\libc.a
LOAD d:/cypress creator/psoc creator/4.2/psoc creator/import/gnu/arm/5.4.1/bin/../lib/gcc/arm-none-eabi/5.4.1/../../../../arm-none-eabi/lib/armv6-m\libm.a
LOAD d:/cypress creator/psoc creator/4.2/psoc creator/import/gnu/arm/5.4.1/bin/../lib/gcc/arm-none-eabi/5.4.1/../../../../arm-none-eabi/lib/armv6-m\libnosys.a
END GROUP

.cy_app_header
 *(.cy_app_header)

.text           0x10000000     0x6170
                0x10000000                . = ALIGN (0x4)
                0x10000000                __Vectors = .
 *(.vectors)
 .vectors       0x10000000       0xc0 .\CortexM0p\ARM_GCC_541\Debug\startup_psoc63_cm0plus.o
                0x100000c0                . = ALIGN (0x4)
                0x100000c0                __Vectors_End = .
                0x000000c0                __Vectors_Size = (__Vectors_End - __Vectors)
                0x100000c0                __end__ = .
                0x100000c0                . = ALIGN (0x4)
 *(.text*)
 .text          0x100000c0       0x60 d:/cypress creator/psoc creator/4.2/psoc creator/import/gnu/arm/5.4.1/bin/../lib/gcc/arm-none-eabi/5.4.1/armv6-m/crtbegin.o
 .text          0x10000120       0x90 .\CortexM0p\ARM_GCC_541\Debug\startup_psoc63_cm0plus.o
                0x10000120                Cy_OnResetUser
                0x10000122                Cy_SaveIRQ
                0x1000012a                Cy_RestoreIRQ
                0x10000130                Reset_Handler
                0x10000190                SysTick_Handler
                0x10000190                PendSV_Handler
                0x10000190                NMI_Handler
                0x10000190                NvicMux19_IRQHandler
                0x10000190                NvicMux8_IRQHandler
                0x10000190                NvicMux27_IRQHandler
                0x10000190                NvicMux26_IRQHandler
                0x10000190                NvicMux17_IRQHandler
                0x10000190                NvicMux0_IRQHandler
                0x10000190                NvicMux25_IRQHandler
                0x10000190                NvicMux13_IRQHandler
                0x10000190                NvicMux11_IRQHandler
                0x10000190                NvicMux9_IRQHandler
                0x10000190                NvicMux18_IRQHandler
                0x10000190                NvicMux6_IRQHandler
                0x10000190                NvicMux10_IRQHandler
                0x10000190                NvicMux7_IRQHandler
                0x10000190                NvicMux2_IRQHandler
                0x10000190                NvicMux4_IRQHandler
                0x10000190                Default_Handler
                0x10000190                NvicMux30_IRQHandler
                0x10000190                NvicMux12_IRQHandler
                0x10000190                NvicMux5_IRQHandler
                0x10000190                NvicMux14_IRQHandler
                0x10000190                NvicMux3_IRQHandler
                0x10000190                SVC_Handler
                0x10000190                NvicMux1_IRQHandler
                0x10000190                NvicMux16_IRQHandler
                0x10000190                NvicMux29_IRQHandler
                0x10000190                NvicMux31_IRQHandler
                0x10000190                NvicMux21_IRQHandler
                0x10000190                NvicMux24_IRQHandler
                0x10000190                NvicMux20_IRQHandler
                0x10000190                NvicMux22_IRQHandler
                0x10000190                NvicMux15_IRQHandler
                0x10000190                NvicMux28_IRQHandler
                0x10000190                NvicMux23_IRQHandler
                0x10000194                HardFault_Handler
 .text.main     0x100001b0       0x34 .\CortexM0p\ARM_GCC_541\Debug\main_cm0p.o
                0x100001b0                main
 .text.SystemCoreClockUpdate
                0x100001e4      0x1b0 .\CortexM0p\ARM_GCC_541\Debug\system_psoc63_cm0plus.o
                0x100001e4                SystemCoreClockUpdate
 .text.SystemInit
                0x10000394       0xa4 .\CortexM0p\ARM_GCC_541\Debug\system_psoc63_cm0plus.o
                0x10000394                SystemInit
 .text.Cy_SysGetCM4Status
                0x10000438       0x10 .\CortexM0p\ARM_GCC_541\Debug\system_psoc63_cm0plus.o
                0x10000438                Cy_SysGetCM4Status
 .text.Cy_SysResetCM4
                0x10000448       0x34 .\CortexM0p\ARM_GCC_541\Debug\system_psoc63_cm0plus.o
                0x10000448                Cy_SysResetCM4
 .text.Cy_SysEnableCM4
                0x1000047c       0x4c .\CortexM0p\ARM_GCC_541\Debug\system_psoc63_cm0plus.o
                0x1000047c                Cy_SysEnableCM4
 .text.Cy_IPC_SystemPipeIsr
                0x100004c8        0xc .\CortexM0p\ARM_GCC_541\Debug\cy_ipc_config.o
 .text.Cy_IPC_SystemSemaInit
                0x100004d4       0x14 .\CortexM0p\ARM_GCC_541\Debug\cy_ipc_config.o
                0x100004d4                Cy_IPC_SystemSemaInit
 .text.Cy_IPC_SystemPipeInit
                0x100004e8       0x28 .\CortexM0p\ARM_GCC_541\Debug\cy_ipc_config.o
                0x100004e8                Cy_IPC_SystemPipeInit
 .text.CyClockStartupError
                0x10000510        0x4 .\CortexM0p\ARM_GCC_541\Debug\cyfitter_cfg.o
 .text.AnalogSetDefault
                0x10000514       0x24 .\CortexM0p\ARM_GCC_541\Debug\cyfitter_cfg.o
 .text.ClockInit
                0x10000538      0x23c .\CortexM0p\ARM_GCC_541\Debug\cyfitter_cfg.o
 .text.Cy_SystemInit
                0x10000774      0x1b8 .\CortexM0p\ARM_GCC_541\Debug\cyfitter_cfg.o
                0x10000774                Cy_SystemInit
 .text.Cy_BLE_Start
                0x1000092c       0x20 .\CortexM0p\ARM_GCC_541\Debug\BLE.o
                0x1000092c                Cy_BLE_Start
 .text.Cy_SysInt_SetIntSource
                0x1000094c       0x88 .\CortexM0p\ARM_GCC_541\Debug\cy_sysint.o
                0x1000094c                Cy_SysInt_SetIntSource
 .text.Cy_SysInt_GetIntSource
                0x100009d4       0x78 .\CortexM0p\ARM_GCC_541\Debug\cy_sysint.o
                0x100009d4                Cy_SysInt_GetIntSource
 .text.Cy_SysInt_SetVector
                0x10000a4c       0x44 .\CortexM0p\ARM_GCC_541\Debug\cy_sysint.o
                0x10000a4c                Cy_SysInt_SetVector
 .text.Cy_SysInt_Init
                0x10000a90       0xcc .\CortexM0p\ARM_GCC_541\Debug\cy_sysint.o
                0x10000a90                Cy_SysInt_Init
 .text.Cy_IPC_Drv_LockRelease
                0x10000b5c       0x34 .\CortexM0p\ARM_GCC_541\Debug\cy_ipc_drv.o
                0x10000b5c                Cy_IPC_Drv_LockRelease
 .text.Cy_IPC_Drv_SendMsgWord
                0x10000b90       0x40 .\CortexM0p\ARM_GCC_541\Debug\cy_ipc_drv.o
                0x10000b90                Cy_IPC_Drv_SendMsgWord
 .text.Cy_IPC_Drv_ReadMsgWord
                0x10000bd0       0x2c .\CortexM0p\ARM_GCC_541\Debug\cy_ipc_drv.o
                0x10000bd0                Cy_IPC_Drv_ReadMsgWord
 .text.Cy_IPC_Sema_Init
                0x10000bfc       0xb8 .\CortexM0p\ARM_GCC_541\Debug\cy_ipc_sema.o
                0x10000bfc                Cy_IPC_Sema_Init
 .text.Cy_IPC_Sema_Set
                0x10000cb4       0x8c .\CortexM0p\ARM_GCC_541\Debug\cy_ipc_sema.o
                0x10000cb4                Cy_IPC_Sema_Set
 .text.Cy_IPC_Sema_Clear
                0x10000d40       0x8c .\CortexM0p\ARM_GCC_541\Debug\cy_ipc_sema.o
                0x10000d40                Cy_IPC_Sema_Clear
 .text.Cy_IPC_Sema_Status
                0x10000dcc       0x3c .\CortexM0p\ARM_GCC_541\Debug\cy_ipc_sema.o
                0x10000dcc                Cy_IPC_Sema_Status
 .text.Cy_IPC_Pipe_Config
                0x10000e08       0x14 .\CortexM0p\ARM_GCC_541\Debug\cy_ipc_pipe.o
                0x10000e08                Cy_IPC_Pipe_Config
 .text.Cy_IPC_Pipe_EndpointInit
                0x10000e1c       0xd0 .\CortexM0p\ARM_GCC_541\Debug\cy_ipc_pipe.o
                0x10000e1c                Cy_IPC_Pipe_EndpointInit
 .text.Cy_IPC_Pipe_Init
                0x10000eec       0xcc .\CortexM0p\ARM_GCC_541\Debug\cy_ipc_pipe.o
                0x10000eec                Cy_IPC_Pipe_Init
 .text.Cy_IPC_Pipe_SendMessage
                0x10000fb8       0xd0 .\CortexM0p\ARM_GCC_541\Debug\cy_ipc_pipe.o
                0x10000fb8                Cy_IPC_Pipe_SendMessage
 .text.Cy_IPC_Pipe_RegisterCallback
                0x10001088       0x64 .\CortexM0p\ARM_GCC_541\Debug\cy_ipc_pipe.o
                0x10001088                Cy_IPC_Pipe_RegisterCallback
 .text.Cy_IPC_Pipe_RegisterCallbackRel
                0x100010ec       0x3c .\CortexM0p\ARM_GCC_541\Debug\cy_ipc_pipe.o
                0x100010ec                Cy_IPC_Pipe_RegisterCallbackRel
 .text.Cy_IPC_Pipe_ExecCallback
                0x10001128       0xc4 .\CortexM0p\ARM_GCC_541\Debug\cy_ipc_pipe.o
                0x10001128                Cy_IPC_Pipe_ExecCallback
 .text.Cy_IPC_Pipe_ExecuteCallback
                0x100011ec       0x3c .\CortexM0p\ARM_GCC_541\Debug\cy_ipc_pipe.o
                0x100011ec                Cy_IPC_Pipe_ExecuteCallback
 .text.Cy_IPC_Pipe_EndpointPause
                0x10001228       0x60 .\CortexM0p\ARM_GCC_541\Debug\cy_ipc_pipe.o
                0x10001228                Cy_IPC_Pipe_EndpointPause
 .text.Cy_IPC_Pipe_EndpointResume
                0x10001288       0x58 .\CortexM0p\ARM_GCC_541\Debug\cy_ipc_pipe.o
                0x10001288                Cy_IPC_Pipe_EndpointResume
 .text.Cy_SysClk_ClkPathSetSource
                0x100012e0       0x50 .\CortexM0p\ARM_GCC_541\Debug\cy_sysclk.o
                0x100012e0                Cy_SysClk_ClkPathSetSource
 .text.Cy_SysClk_ClkPathGetSource
                0x10001330       0x40 .\CortexM0p\ARM_GCC_541\Debug\cy_sysclk.o
                0x10001330                Cy_SysClk_ClkPathGetSource
 .text.Cy_SysClk_FllManualConfigure
                0x10001370      0x170 .\CortexM0p\ARM_GCC_541\Debug\cy_sysclk.o
                0x10001370                Cy_SysClk_FllManualConfigure
 .text.Cy_SysClk_FllEnable
                0x100014e0       0xcc .\CortexM0p\ARM_GCC_541\Debug\cy_sysclk.o
                0x100014e0                Cy_SysClk_FllEnable
 .text.Cy_SysClk_StartClkMeasurementCounters
                0x100015ac      0x1b8 .\CortexM0p\ARM_GCC_541\Debug\cy_sysclk.o
                0x100015ac                Cy_SysClk_StartClkMeasurementCounters
 .text.Cy_SysClk_ClkMeasurementCountersGetFreq
                0x10001764       0xdc .\CortexM0p\ARM_GCC_541\Debug\cy_sysclk.o
                0x10001764                Cy_SysClk_ClkMeasurementCountersGetFreq
 .text.Cy_Flash_GetRowNum
                0x10001840       0x4c .\CortexM0p\ARM_GCC_541\Debug\cy_flash.o
 .text.Cy_Flash_BoundsCheck
                0x1000188c       0x1c .\CortexM0p\ARM_GCC_541\Debug\cy_flash.o
 .text.Cy_Flash_ProcessOpcode
                0x100018a8       0xbc .\CortexM0p\ARM_GCC_541\Debug\cy_flash.o
 .text.Cy_Flash_OperationStatus
                0x10001964       0x4c .\CortexM0p\ARM_GCC_541\Debug\cy_flash.o
 .text.Cy_Flash_Init
                0x100019b0       0x14 .\CortexM0p\ARM_GCC_541\Debug\cy_flash.o
                0x100019b0                Cy_Flash_Init
 .text.Cy_Flash_WriteRow
                0x100019c4       0x84 .\CortexM0p\ARM_GCC_541\Debug\cy_flash.o
                0x100019c4                Cy_Flash_WriteRow
 .text.Cy_Flash_IsOperationComplete
                0x10001a48        0x8 .\CortexM0p\ARM_GCC_541\Debug\cy_flash.o
                0x10001a48                Cy_Flash_IsOperationComplete
 .text.Cy_Flash_StartErase
                0x10001a50       0x80 .\CortexM0p\ARM_GCC_541\Debug\cy_flash.o
                0x10001a50                Cy_Flash_StartErase
 .text.Cy_Flash_StartProgram
                0x10001ad0       0x88 .\CortexM0p\ARM_GCC_541\Debug\cy_flash.o
                0x10001ad0                Cy_Flash_StartProgram
 .text.Cy_GPIO_Pin_Init
                0x10001b58      0x2d4 .\CortexM0p\ARM_GCC_541\Debug\cy_gpio.o
                0x10001b58                Cy_GPIO_Pin_Init
 .text.Cy_GPIO_Port_Init
                0x10001e2c       0xb4 .\CortexM0p\ARM_GCC_541\Debug\cy_gpio.o
                0x10001e2c                Cy_GPIO_Port_Init
 .text.SaveRegisters
                0x10001ee0       0x54 .\CortexM0p\ARM_GCC_541\Debug\cy_syspm.o
 .text.RestoreRegisters
                0x10001f34       0x54 .\CortexM0p\ARM_GCC_541\Debug\cy_syspm.o
 .text.SetReadMarginTrimUlp
                0x10001f88       0x28 .\CortexM0p\ARM_GCC_541\Debug\cy_syspm.o
 .text.SetReadMarginTrimLp
                0x10001fb0       0x28 .\CortexM0p\ARM_GCC_541\Debug\cy_syspm.o
 .text.SetWriteAssistTrimUlp
                0x10001fd8       0x20 .\CortexM0p\ARM_GCC_541\Debug\cy_syspm.o
 .text.SetWriteAssistTrimLp
                0x10001ff8       0x20 .\CortexM0p\ARM_GCC_541\Debug\cy_syspm.o
 .text.IsVoltageChangePossible
                0x10002018       0x34 .\CortexM0p\ARM_GCC_541\Debug\cy_syspm.o
 .text.WriteVoltageBitForFlash
                0x1000204c       0x78 .\CortexM0p\ARM_GCC_541\Debug\cy_syspm.o
 .text.Cy_SysPm_BuckSetVoltage1
                0x100020c4       0xac .\CortexM0p\ARM_GCC_541\Debug\cy_syspm.o
                0x100020c4                Cy_SysPm_BuckSetVoltage1
 .text.Cy_SysPm_BuckEnable
                0x10002170      0x148 .\CortexM0p\ARM_GCC_541\Debug\cy_syspm.o
                0x10002170                Cy_SysPm_BuckEnable
 .text.Cy_SysPm_BuckIsOutputEnabled
                0x100022b8       0x4c .\CortexM0p\ARM_GCC_541\Debug\cy_syspm.o
                0x100022b8                Cy_SysPm_BuckIsOutputEnabled
 .text.Cy_SysPm_BuckSetVoltage2
                0x10002304       0x4c .\CortexM0p\ARM_GCC_541\Debug\cy_syspm.o
                0x10002304                Cy_SysPm_BuckSetVoltage2
 .text.Cy_SysPm_LdoSetVoltage
                0x10002350       0xc8 .\CortexM0p\ARM_GCC_541\Debug\cy_syspm.o
                0x10002350                Cy_SysPm_LdoSetVoltage
 .text.Cy_SysPm_RegisterCallback
                0x10002418       0x7c .\CortexM0p\ARM_GCC_541\Debug\cy_syspm.o
                0x10002418                Cy_SysPm_RegisterCallback
 .text.Cy_SysPm_ExecuteCallback
                0x10002494       0xc8 .\CortexM0p\ARM_GCC_541\Debug\cy_syspm.o
                0x10002494                Cy_SysPm_ExecuteCallback
 .text.Cy_SysPm_Sleep
                0x1000255c       0x8c .\CortexM0p\ARM_GCC_541\Debug\cy_syspm.o
                0x1000255c                Cy_SysPm_Sleep
 .text.Cy_SysPm_DeepSleep
                0x100025e8      0x110 .\CortexM0p\ARM_GCC_541\Debug\cy_syspm.o
                0x100025e8                Cy_SysPm_DeepSleep
 .text.Cy_SysPm_IoUnfreeze
                0x100026f8       0x2c .\CortexM0p\ARM_GCC_541\Debug\cy_syspm.o
                0x100026f8                Cy_SysPm_IoUnfreeze
 .text.Cy_SysLib_DelayUs
                0x10002724       0x14 .\CortexM0p\ARM_GCC_541\Debug\cy_syslib.o
                0x10002724                Cy_SysLib_DelayUs
 .text.Cy_SysLib_Halt
                0x10002738        0x4 .\CortexM0p\ARM_GCC_541\Debug\cy_syslib.o
                0x10002738                Cy_SysLib_Halt
 .text.Cy_SysLib_AssertFailed
                0x1000273c       0x1c .\CortexM0p\ARM_GCC_541\Debug\cy_syslib.o
                0x1000273c                Cy_SysLib_AssertFailed
 .text.Cy_SysLib_ClearFlashCacheAndBuffer
                0x10002758        0xc .\CortexM0p\ARM_GCC_541\Debug\cy_syslib.o
                0x10002758                Cy_SysLib_ClearFlashCacheAndBuffer
 .text.Cy_SysLib_ResetBackupDomain
                0x10002764       0x20 .\CortexM0p\ARM_GCC_541\Debug\cy_syslib.o
                0x10002764                Cy_SysLib_ResetBackupDomain
 .text.Cy_SysLib_GetResetReason
                0x10002784       0x1c .\CortexM0p\ARM_GCC_541\Debug\cy_syslib.o
                0x10002784                Cy_SysLib_GetResetReason
 .text.Cy_SysLib_ProcessingFault
                0x100027a0        0x4 .\CortexM0p\ARM_GCC_541\Debug\cy_syslib.o
                0x100027a0                Cy_SysLib_ProcessingFault
 .text.Cy_SysLib_FaultHandler
                0x100027a4       0x30 .\CortexM0p\ARM_GCC_541\Debug\cy_syslib.o
                0x100027a4                Cy_SysLib_FaultHandler
 .text.Cy_SysLib_SetWaitStates
                0x100027d4       0x90 .\CortexM0p\ARM_GCC_541\Debug\cy_syslib.o
                0x100027d4                Cy_SysLib_SetWaitStates
 *fill*         0x10002864        0x4 
 .text          0x10002868       0x20 .\CortexM0p\ARM_GCC_541\Debug\cy_syslib_gcc.o
                0x10002868                Cy_SysLib_DelayCycles
                0x1000287a                Cy_SysLib_EnterCriticalSection
                0x10002882                Cy_SysLib_ExitCriticalSection
 .text.Cy_SysTick_SetClockSource
                0x10002888       0x34 .\CortexM0p\ARM_GCC_541\Debug\cy_systick.o
                0x10002888                Cy_SysTick_SetClockSource
 .text.Cy_Prot_GetActivePC
                0x100028bc       0x28 .\CortexM0p\ARM_GCC_541\Debug\cy_prot.o
                0x100028bc                Cy_Prot_GetActivePC
 .text.Cy_BLE_DeepSleepCallback
                0x100028e4       0xb4 .\CortexM0p\ARM_GCC_541\Debug\cy_ble.o
                0x100028e4                Cy_BLE_DeepSleepCallback
 .text.Cy_BLE_Init
                0x10002998       0x20 .\CortexM0p\ARM_GCC_541\Debug\cy_ble.o
                0x10002998                Cy_BLE_Init
 .text.Cy_BLE_Enable
                0x100029b8       0x64 .\CortexM0p\ARM_GCC_541\Debug\cy_ble.o
                0x100029b8                Cy_BLE_Enable
 .text.Cy_BLE_ConfigureExtPA
                0x10002a1c       0x10 .\CortexM0p\ARM_GCC_541\Debug\cy_ble.o
                0x10002a1c                Cy_BLE_ConfigureExtPA
 .text.Cy_BLE_BlessInterrupt
                0x10002a2c        0x8 .\CortexM0p\ARM_GCC_541\Debug\cy_ble_hal_int.o
                0x10002a2c                Cy_BLE_BlessInterrupt
 .text.Cy_BLE_IPC_CtrlMsgFlushRecvCallBack
                0x10002a34       0x10 .\CortexM0p\ARM_GCC_541\Debug\cy_ble_hal_pvt.o
 .text.Cy_BLE_HAL_RadioCalibrationRead
                0x10002a44       0x2c .\CortexM0p\ARM_GCC_541\Debug\cy_ble_hal_pvt.o
                0x10002a44                Cy_BLE_HAL_RadioCalibrationRead
 .text.Cy_BLE_HAL_NvramWrite
                0x10002a70      0x324 .\CortexM0p\ARM_GCC_541\Debug\cy_ble_hal_pvt.o
                0x10002a70                Cy_BLE_HAL_NvramWrite
 .text.Cy_BLE_HAL_RadioCalibrationWrite
                0x10002d94       0x2c .\CortexM0p\ARM_GCC_541\Debug\cy_ble_hal_pvt.o
                0x10002d94                Cy_BLE_HAL_RadioCalibrationWrite
 .text.Cy_BLE_HAL_GetIcPackageType
                0x10002dc0        0x4 .\CortexM0p\ARM_GCC_541\Debug\cy_ble_hal_pvt.o
                0x10002dc0                Cy_BLE_HAL_GetIcPackageType
 .text.Cy_BLE_HAL_GetSiliconId
                0x10002dc4        0xc .\CortexM0p\ARM_GCC_541\Debug\cy_ble_hal_pvt.o
                0x10002dc4                Cy_BLE_HAL_GetSiliconId
 .text.Cy_BLE_HAL_IsDefinedTx5dbm
                0x10002dd0        0x4 .\CortexM0p\ARM_GCC_541\Debug\cy_ble_hal_pvt.o
                0x10002dd0                Cy_BLE_HAL_IsDefinedTx5dbm
 .text.Cy_BLE_HAL_DelayUs
                0x10002dd4        0x8 .\CortexM0p\ARM_GCC_541\Debug\cy_ble_hal_pvt.o
                0x10002dd4                Cy_BLE_HAL_DelayUs
 .text.Cy_BLE_HAL_LfClkGetSource
                0x10002ddc       0x14 .\CortexM0p\ARM_GCC_541\Debug\cy_ble_hal_pvt.o
                0x10002ddc                Cy_BLE_HAL_LfClkGetSource
 .text.Cy_BLE_HAL_ClkMeasurementCountersDone
                0x10002df0       0x14 .\CortexM0p\ARM_GCC_541\Debug\cy_ble_hal_pvt.o
                0x10002df0                Cy_BLE_HAL_ClkMeasurementCountersDone
 .text.Cy_BLE_HAL_ClkMeasurementCountersGetFreq
                0x10002e04        0x8 .\CortexM0p\ARM_GCC_541\Debug\cy_ble_hal_pvt.o
                0x10002e04                Cy_BLE_HAL_ClkMeasurementCountersGetFreq
 .text.Cy_BLE_HAL_StartClkMeasurementCounters
                0x10002e0c       0x2c .\CortexM0p\ARM_GCC_541\Debug\cy_ble_hal_pvt.o
                0x10002e0c                Cy_BLE_HAL_StartClkMeasurementCounters
 .text.Cy_BLE_HAL_TryPiloTrim
                0x10002e38       0x78 .\CortexM0p\ARM_GCC_541\Debug\cy_ble_hal_pvt.o
                0x10002e38                Cy_BLE_HAL_TryPiloTrim
 .text.Cy_BLE_HAL_PiloTrim
                0x10002eb0       0x14 .\CortexM0p\ARM_GCC_541\Debug\cy_ble_hal_pvt.o
                0x10002eb0                Cy_BLE_HAL_PiloTrim
 .text.Cy_BLE_HAL_BlessStart
                0x10002ec4       0x40 .\CortexM0p\ARM_GCC_541\Debug\cy_ble_hal_pvt.o
                0x10002ec4                Cy_BLE_HAL_BlessStart
 .text.Cy_BLE_HAL_GetIpBlockVersion
                0x10002f04        0x4 .\CortexM0p\ARM_GCC_541\Debug\cy_ble_hal_pvt.o
                0x10002f04                Cy_BLE_HAL_GetIpBlockVersion
 .text.Cy_BLE_HAL_EnterCriticalSection
                0x10002f08        0x8 .\CortexM0p\ARM_GCC_541\Debug\cy_ble_hal_pvt.o
                0x10002f08                Cy_BLE_HAL_EnterCriticalSection
 .text.Cy_BLE_HAL_ExitCriticalSection
                0x10002f10        0x8 .\CortexM0p\ARM_GCC_541\Debug\cy_ble_hal_pvt.o
                0x10002f10                Cy_BLE_HAL_ExitCriticalSection
 .text.Cy_BLE_HAL_SysPmSleep
                0x10002f18        0x8 .\CortexM0p\ARM_GCC_541\Debug\cy_ble_hal_pvt.o
                0x10002f18                Cy_BLE_HAL_SysPmSleep
 .text.Cy_BLE_HAL_SimoBuckSetVoltage2
                0x10002f20        0xc .\CortexM0p\ARM_GCC_541\Debug\cy_ble_hal_pvt.o
                0x10002f20                Cy_BLE_HAL_SimoBuckSetVoltage2
 .text.Cy_BLE_Ipc_Cypipe_Isr_Enable
                0x10002f2c        0xc .\CortexM0p\ARM_GCC_541\Debug\cy_ble_hal_pvt.o
                0x10002f2c                Cy_BLE_Ipc_Cypipe_Isr_Enable
 .text.Cy_BLE_HAL_EnableGlobalInterrupts
                0x10002f38       0x2c .\CortexM0p\ARM_GCC_541\Debug\cy_ble_hal_pvt.o
                0x10002f38                Cy_BLE_HAL_EnableGlobalInterrupts
 .text.Cy_BLE_Ipc_Cypipe_Isr_Disable
                0x10002f64        0xc .\CortexM0p\ARM_GCC_541\Debug\cy_ble_hal_pvt.o
                0x10002f64                Cy_BLE_Ipc_Cypipe_Isr_Disable
 .text.Cy_BLE_HAL_DisableGlobalInterrupts
                0x10002f70       0x34 .\CortexM0p\ARM_GCC_541\Debug\cy_ble_hal_pvt.o
                0x10002f70                Cy_BLE_HAL_DisableGlobalInterrupts
 .text.Cy_BLE_IPC_ControllerRegisterClientCallbacks
                0x10002fa4       0x28 .\CortexM0p\ARM_GCC_541\Debug\cy_ble_hal_pvt.o
                0x10002fa4                Cy_BLE_IPC_ControllerRegisterClientCallbacks
 .text.Cy_BLE_IPC_SendMessageToHost
                0x10002fcc       0x20 .\CortexM0p\ARM_GCC_541\Debug\cy_ble_hal_pvt.o
                0x10002fcc                Cy_BLE_IPC_SendMessageToHost
 .text.Cy_BLE_HAL_RcbRegRead
                0x10002fec       0x50 .\CortexM0p\ARM_GCC_541\Debug\cy_ble_clk.o
 .text.Cy_BLE_HAL_RcbRegWrite
                0x1000303c       0x4c .\CortexM0p\ARM_GCC_541\Debug\cy_ble_clk.o
 .text.Cy_BLE_HAL_MxdRadioEnableClocks
                0x10003088      0x21c .\CortexM0p\ARM_GCC_541\Debug\cy_ble_clk.o
 .text.Cy_BLE_HAL_EcoSetTrim
                0x100032a4       0x38 .\CortexM0p\ARM_GCC_541\Debug\cy_ble_clk.o
 .text.Cy_BLE_EcoStop
                0x100032dc       0x18 .\CortexM0p\ARM_GCC_541\Debug\cy_ble_clk.o
                0x100032dc                Cy_BLE_EcoStop
 .text.Cy_BLE_HAL_Init
                0x100032f4       0x68 .\CortexM0p\ARM_GCC_541\Debug\cy_ble_clk.o
                0x100032f4                Cy_BLE_HAL_Init
 .text.Cy_BLE_EcoStart
                0x1000335c      0x23c .\CortexM0p\ARM_GCC_541\Debug\cy_ble_clk.o
                0x1000335c                Cy_BLE_EcoStart
 .text.Cy_BLE_HAL_EcoGetFrequency
                0x10003598        0xc .\CortexM0p\ARM_GCC_541\Debug\cy_ble_clk.o
                0x10003598                Cy_BLE_HAL_EcoGetFrequency
 .text.Cy_BLE_HAL_IsEcoCpuClockSrc
                0x100035a4       0x20 .\CortexM0p\ARM_GCC_541\Debug\cy_ble_clk.o
                0x100035a4                Cy_BLE_HAL_IsEcoCpuClockSrc
 .text.Cy_BLE_HAL_IsWcoLfclkSrc
                0x100035c4       0x24 .\CortexM0p\ARM_GCC_541\Debug\cy_ble_clk.o
                0x100035c4                Cy_BLE_HAL_IsWcoLfclkSrc
 .text          0x100035e8      0x114 d:/cypress creator/psoc creator/4.2/psoc creator/import/gnu/arm/5.4.1/bin/../lib/gcc/arm-none-eabi/5.4.1/armv6-m\libgcc.a(_udivsi3.o)
                0x100035e8                __aeabi_uidiv
                0x100035e8                __udivsi3
                0x100036f4                __aeabi_uidivmod
 .text          0x100036fc      0x1d4 d:/cypress creator/psoc creator/4.2/psoc creator/import/gnu/arm/5.4.1/bin/../lib/gcc/arm-none-eabi/5.4.1/armv6-m\libgcc.a(_divsi3.o)
                0x100036fc                __divsi3
                0x100036fc                __aeabi_idiv
                0x100038c8                __aeabi_idivmod
 .text          0x100038d0        0x4 d:/cypress creator/psoc creator/4.2/psoc creator/import/gnu/arm/5.4.1/bin/../lib/gcc/arm-none-eabi/5.4.1/armv6-m\libgcc.a(_dvmd_tls.o)
                0x100038d0                __aeabi_idiv0
                0x100038d0                __aeabi_ldiv0
 .text          0x100038d4       0x40 d:/cypress creator/psoc creator/4.2/psoc creator/import/gnu/arm/5.4.1/bin/../lib/gcc/arm-none-eabi/5.4.1/armv6-m\libgcc.a(_aeabi_uldivmod.o)
                0x100038d4                __aeabi_uldivmod
 .text          0x10003914       0x58 d:/cypress creator/psoc creator/4.2/psoc creator/import/gnu/arm/5.4.1/bin/../lib/gcc/arm-none-eabi/5.4.1/armv6-m\libgcc.a(_muldi3.o)
                0x10003914                __muldi3
                0x10003914                __aeabi_lmul
 .text          0x1000396c       0x3c d:/cypress creator/psoc creator/4.2/psoc creator/import/gnu/arm/5.4.1/bin/../lib/gcc/arm-none-eabi/5.4.1/armv6-m\libgcc.a(_fixunsdfsi.o)
                0x1000396c                __aeabi_d2uiz
                0x1000396c                __fixunsdfsi
 .text          0x100039a8      0x180 d:/cypress creator/psoc creator/4.2/psoc creator/import/gnu/arm/5.4.1/bin/../lib/gcc/arm-none-eabi/5.4.1/armv6-m\libgcc.a(_udivmoddi4.o)
                0x100039a8                __udivmoddi4
 .text          0x10003b28      0x62c d:/cypress creator/psoc creator/4.2/psoc creator/import/gnu/arm/5.4.1/bin/../lib/gcc/arm-none-eabi/5.4.1/armv6-m\libgcc.a(divdf3.o)
                0x10003b28                __aeabi_ddiv
 .text          0x10004154      0x4f4 d:/cypress creator/psoc creator/4.2/psoc creator/import/gnu/arm/5.4.1/bin/../lib/gcc/arm-none-eabi/5.4.1/armv6-m\libgcc.a(muldf3.o)
                0x10004154                __aeabi_dmul
 .text          0x10004648      0x6a8 d:/cypress creator/psoc creator/4.2/psoc creator/import/gnu/arm/5.4.1/bin/../lib/gcc/arm-none-eabi/5.4.1/armv6-m\libgcc.a(subdf3.o)
                0x10004648                __aeabi_dsub
 .text          0x10004cf0       0x6c d:/cypress creator/psoc creator/4.2/psoc creator/import/gnu/arm/5.4.1/bin/../lib/gcc/arm-none-eabi/5.4.1/armv6-m\libgcc.a(fixdfsi.o)
                0x10004cf0                __aeabi_d2iz
 .text          0x10004d5c       0x70 d:/cypress creator/psoc creator/4.2/psoc creator/import/gnu/arm/5.4.1/bin/../lib/gcc/arm-none-eabi/5.4.1/armv6-m\libgcc.a(floatunsidf.o)
                0x10004d5c                __aeabi_ui2d
 .text          0x10004dcc       0x7c d:/cypress creator/psoc creator/4.2/psoc creator/import/gnu/arm/5.4.1/bin/../lib/gcc/arm-none-eabi/5.4.1/armv6-m\libgcc.a(_arm_cmpdf2.o)
                0x10004dcc                __aeabi_cdrcmple
                0x10004ddc                __aeabi_cdcmple
                0x10004ddc                __aeabi_cdcmpeq
                0x10004dec                __aeabi_dcmpeq
                0x10004df8                __aeabi_dcmplt
                0x10004e0c                __aeabi_dcmple
                0x10004e20                __aeabi_dcmpgt
                0x10004e34                __aeabi_dcmpge
 .text          0x10004e48       0x3c d:/cypress creator/psoc creator/4.2/psoc creator/import/gnu/arm/5.4.1/bin/../lib/gcc/arm-none-eabi/5.4.1/armv6-m\libgcc.a(_clzsi2.o)
                0x10004e48                __clzsi2
 .text          0x10004e84       0x18 d:/cypress creator/psoc creator/4.2/psoc creator/import/gnu/arm/5.4.1/bin/../lib/gcc/arm-none-eabi/5.4.1/armv6-m\libgcc.a(_clzdi2.o)
                0x10004e84                __clzdi2
 .text          0x10004e9c       0x80 d:/cypress creator/psoc creator/4.2/psoc creator/import/gnu/arm/5.4.1/bin/../lib/gcc/arm-none-eabi/5.4.1/armv6-m\libgcc.a(eqdf2.o)
                0x10004e9c                __nedf2
                0x10004e9c                __eqdf2
 .text          0x10004f1c       0xc8 d:/cypress creator/psoc creator/4.2/psoc creator/import/gnu/arm/5.4.1/bin/../lib/gcc/arm-none-eabi/5.4.1/armv6-m\libgcc.a(gedf2.o)
                0x10004f1c                __gedf2
                0x10004f1c                __gtdf2
 .text          0x10004fe4       0xd4 d:/cypress creator/psoc creator/4.2/psoc creator/import/gnu/arm/5.4.1/bin/../lib/gcc/arm-none-eabi/5.4.1/armv6-m\libgcc.a(ledf2.o)
                0x10004fe4                __ledf2
                0x10004fe4                __ltdf2
 .text.memcmp   0x100050b8       0x1e d:/cypress creator/psoc creator/4.2/psoc creator/import/gnu/arm/5.4.1/bin/../lib/gcc/arm-none-eabi/5.4.1/../../../../arm-none-eabi/lib/armv6-m\libg_nano.a(lib_a-memcmp.o)
                0x100050b8                memcmp
 .text.memcpy   0x100050d6       0x12 d:/cypress creator/psoc creator/4.2/psoc creator/import/gnu/arm/5.4.1/bin/../lib/gcc/arm-none-eabi/5.4.1/../../../../arm-none-eabi/lib/armv6-m\libg_nano.a(lib_a-memcpy-stub.o)
                0x100050d6                memcpy
 .text.memset   0x100050e8       0x10 d:/cypress creator/psoc creator/4.2/psoc creator/import/gnu/arm/5.4.1/bin/../lib/gcc/arm-none-eabi/5.4.1/../../../../arm-none-eabi/lib/armv6-m\libg_nano.a(lib_a-memset.o)
                0x100050e8                memset
 .text.strncpy  0x100050f8       0x26 d:/cypress creator/psoc creator/4.2/psoc creator/import/gnu/arm/5.4.1/bin/../lib/gcc/arm-none-eabi/5.4.1/../../../../arm-none-eabi/lib/armv6-m\libg_nano.a(lib_a-strncpy.o)
                0x100050f8                strncpy
 *(.init)
 *fill*         0x1000511e        0x2 
 .init          0x10005120        0x4 d:/cypress creator/psoc creator/4.2/psoc creator/import/gnu/arm/5.4.1/bin/../lib/gcc/arm-none-eabi/5.4.1/armv6-m/crti.o
                0x10005120                _init
 .init          0x10005124        0x8 d:/cypress creator/psoc creator/4.2/psoc creator/import/gnu/arm/5.4.1/bin/../lib/gcc/arm-none-eabi/5.4.1/armv6-m/crtn.o
 *(.fini)
 .fini          0x1000512c        0x4 d:/cypress creator/psoc creator/4.2/psoc creator/import/gnu/arm/5.4.1/bin/../lib/gcc/arm-none-eabi/5.4.1/armv6-m/crti.o
                0x1000512c                _fini
 .fini          0x10005130        0x8 d:/cypress creator/psoc creator/4.2/psoc creator/import/gnu/arm/5.4.1/bin/../lib/gcc/arm-none-eabi/5.4.1/armv6-m/crtn.o
 .fini.__stub   0x10005138       0x30 linker stubs
 *crtbegin.o(.ctors)
 *crtbegin?.o(.ctors)
 *(EXCLUDE_FILE(*crtend.o *crtend?.o) .ctors)
 *(SORT(.ctors.*))
 *(.ctors)
 *crtbegin.o(.dtors)
 *crtbegin?.o(.dtors)
 *(EXCLUDE_FILE(*crtend.o *crtend?.o) .dtors)
 *(SORT(.dtors.*))
 *(.dtors)
 *(.rodata .rodata.* .constdata .constdata.* .conststring .conststring.*)
 .rodata.str1.4
                0x10005168        0xc .\CortexM0p\ARM_GCC_541\Debug\main_cm0p.o
 .rodata        0x10005174       0x34 .\CortexM0p\ARM_GCC_541\Debug\cy_ipc_config.o
 .rodata        0x100051a8        0x8 .\CortexM0p\ARM_GCC_541\Debug\cyfitter_sysint_cfg.o
                0x100051a8                BLE_bless_isr_cfg
 .rodata        0x100051b0       0xc8 .\CortexM0p\ARM_GCC_541\Debug\cyfitter_cfg.o
 .rodata        0x10005278       0x40 .\CortexM0p\ARM_GCC_541\Debug\cy_sysint.o
 .rodata.str1.4
                0x100052b8       0x41 .\CortexM0p\ARM_GCC_541\Debug\cy_sysint.o
 *fill*         0x100052f9        0x3 
 .rodata.str1.4
                0x100052fc       0x7f .\CortexM0p\ARM_GCC_541\Debug\cy_ipc_drv.o
 *fill*         0x1000537b        0x1 
 .rodata.str1.4
                0x1000537c       0x3f .\CortexM0p\ARM_GCC_541\Debug\cy_ipc_sema.o
 *fill*         0x100053bb        0x1 
 .rodata.str1.4
                0x100053bc       0x40 .\CortexM0p\ARM_GCC_541\Debug\cy_ipc_pipe.o
                                 0x7f (size before relaxing)
 .rodata.str1.4
                0x100053fc       0x85 .\CortexM0p\ARM_GCC_541\Debug\cy_sysclk.o
 *fill*         0x10005481        0x3 
 .rodata.str1.4
                0x10005484       0x7d .\CortexM0p\ARM_GCC_541\Debug\cy_gpio.o
 *fill*         0x10005501        0x3 
 .rodata.str1.4
                0x10005504       0x3f .\CortexM0p\ARM_GCC_541\Debug\cy_syspm.o
 *fill*         0x10005543        0x1 
 .rodata.str1.4
                0x10005544       0x3d .\CortexM0p\ARM_GCC_541\Debug\cy_prot.o
 *fill*         0x10005581        0x3 
 .rodata.str1.4
                0x10005584       0x3c .\CortexM0p\ARM_GCC_541\Debug\cy_ble_hal_pvt.o
                                 0x3b (size before relaxing)
 .rodata        0x100055c0       0x6c .\CortexM0p\ARM_GCC_541\Debug\cy_ble_clk.o
 .constdata     0x1000562c       0x48 Generated_Source\PSoC6\pdl\middleware\ble\lib\cy_ble_stack_gcc_controller_ipc_cm0p.a(config_bin.o)
                0x1000562c                bt_cfg_pdata
 .constdata     0x10005674       0x10 Generated_Source\PSoC6\pdl\middleware\ble\lib\cy_ble_stack_gcc_controller_ipc_cm0p.a(ll_connection.o)
                0x10005674                g_slave_clock_accuracy
 .constdata     0x10005684       0xd0 Generated_Source\PSoC6\pdl\middleware\ble\lib\cy_ble_stack_gcc_controller_ipc_cm0p.a(ll_pdu.o)
                0x10005684                enc_valid_pdu_list
                0x1000568c                fp_ll_pdu_handlers
                0x100056f0                fp_ll_pdu_ack_handlers
 .constdata     0x10005754       0x88 Generated_Source\PSoC6\pdl\middleware\ble\lib\cy_ble_stack_gcc_controller_ipc_cm0p.a(ll_privacy.o)
 .constdata     0x100057dc       0x40 Generated_Source\PSoC6\pdl\middleware\ble\lib\cy_ble_stack_gcc_controller_ipc_cm0p.a(ll_dle.o)
 .constdata     0x1000581c       0x50 Generated_Source\PSoC6\pdl\middleware\ble\lib\cy_ble_stack_gcc_controller_ipc_cm0p.a(ll_phy_update.o)
 .constdata     0x1000586c       0x84 Generated_Source\PSoC6\pdl\middleware\ble\lib\cy_ble_stack_gcc_controller_ipc_cm0p.a(lec_hci_le_commands.o)
 .constdata     0x100058f0      0x3f6 Generated_Source\PSoC6\pdl\middleware\ble\lib\cy_ble_stack_gcc_controller_ipc_cm0p.a(lec_hci_le_commands.o)
 *fill*         0x10005ce6        0x2 
 .constdata     0x10005ce8       0x84 Generated_Source\PSoC6\pdl\middleware\ble\lib\cy_ble_stack_gcc_controller_ipc_cm0p.a(lec_hci_le_commands.o)
 .constdata     0x10005d6c       0x84 Generated_Source\PSoC6\pdl\middleware\ble\lib\cy_ble_stack_gcc_controller_ipc_cm0p.a(lec_hci_le_commands.o)
 .constdata     0x10005df0       0x21 Generated_Source\PSoC6\pdl\middleware\ble\lib\cy_ble_stack_gcc_controller_ipc_cm0p.a(lec_hci_le_commands.o)
 .constdata     0x10005e11       0x40 Generated_Source\PSoC6\pdl\middleware\ble\lib\cy_ble_stack_gcc_controller_ipc_cm0p.a(lec_hci_le_common_commands.o)
                0x10005e11                Cu8_hci_le_supported_commands_array
 *fill*         0x10005e51        0x3 
 .constdata     0x10005e54       0xcc Generated_Source\PSoC6\pdl\middleware\ble\lib\cy_ble_stack_gcc_controller_ipc_cm0p.a(lec_hci_le_privacy.o)
 .constdata     0x10005f20        0xc Generated_Source\PSoC6\pdl\middleware\ble\lib\cy_ble_stack_gcc_controller_ipc_cm0p.a(lec_hci_le_privacy.o)
 .constdata     0x10005f2c       0x60 Generated_Source\PSoC6\pdl\middleware\ble\lib\cy_ble_stack_gcc_controller_ipc_cm0p.a(lec_hci_le_dle.o)
 .constdata     0x10005f8c       0x78 Generated_Source\PSoC6\pdl\middleware\ble\lib\cy_ble_stack_gcc_controller_ipc_cm0p.a(lec_hci_le_phy_update.o)
 .conststring   0x10006004       0x87 Generated_Source\PSoC6\pdl\middleware\ble\lib\cy_ble_stack_gcc_controller_ipc_cm0p.a(drbg.o)
 *fill*         0x1000608b        0x1 
 .constdata     0x1000608c       0x60 Generated_Source\PSoC6\pdl\middleware\ble\lib\cy_ble_stack_gcc_radio_max_cm0p.a(CyBlessVer3.o)
                0x1000608c                rssiMap
 .rodata        0x100060ec       0x40 d:/cypress creator/psoc creator/4.2/psoc creator/import/gnu/arm/5.4.1/bin/../lib/gcc/arm-none-eabi/5.4.1/armv6-m\libgcc.a(divdf3.o)
 .rodata        0x1000612c       0x40 d:/cypress creator/psoc creator/4.2/psoc creator/import/gnu/arm/5.4.1/bin/../lib/gcc/arm-none-eabi/5.4.1/armv6-m\libgcc.a(muldf3.o)
 *(.eh_frame*)
 .eh_frame      0x1000616c        0x0 d:/cypress creator/psoc creator/4.2/psoc creator/import/gnu/arm/5.4.1/bin/../lib/gcc/arm-none-eabi/5.4.1/armv6-m/crtbegin.o
 .eh_frame      0x1000616c        0x4 d:/cypress creator/psoc creator/4.2/psoc creator/import/gnu/arm/5.4.1/bin/../lib/gcc/arm-none-eabi/5.4.1/armv6-m/crtend.o

.glue_7         0x10006170        0x0
 .glue_7        0x10006170        0x0 linker stubs

.glue_7t        0x10006170        0x0
 .glue_7t       0x10006170        0x0 linker stubs

.vfp11_veneer   0x10006170        0x0
 .vfp11_veneer  0x10006170        0x0 linker stubs

.v4_bx          0x10006170        0x0
 .v4_bx         0x10006170        0x0 linker stubs

.iplt           0x10006170        0x0
 .iplt          0x10006170        0x0 d:/cypress creator/psoc creator/4.2/psoc creator/import/gnu/arm/5.4.1/bin/../lib/gcc/arm-none-eabi/5.4.1/armv6-m/crtbegin.o

i.CyBleStackMgr_Init
                0x10006170       0xe8
 i.CyBleStackMgr_Init
                0x10006170       0xe8 Generated_Source\PSoC6\pdl\middleware\ble\lib\cy_ble_stack_gcc_controller_ipc_cm0p.a(CyBleStackMgrIP_Interface.o)
                0x10006170                CyBleStackMgr_Init

i.CyBleStackMgr_ProcessBleEvents
                0x10006258       0x2c
 i.CyBleStackMgr_ProcessBleEvents
                0x10006258       0x2c Generated_Source\PSoC6\pdl\middleware\ble\lib\cy_ble_stack_gcc_controller_ipc_cm0p.a(CyBleStackMgrIP_Interface.o)
                0x10006258                CyBleStackMgr_ProcessBleEvents

i.CyBleStackMgr_Shutdown
                0x10006284       0x28
 i.CyBleStackMgr_Shutdown
                0x10006284       0x28 Generated_Source\PSoC6\pdl\middleware\ble\lib\cy_ble_stack_gcc_controller_ipc_cm0p.a(CyBleStackMgrIP_Interface.o)
                0x10006284                CyBleStackMgr_Shutdown

i.CyBle_GetHeapConfig
                0x100062ac        0x8
 i.CyBle_GetHeapConfig
                0x100062ac        0x8 Generated_Source\PSoC6\pdl\middleware\ble\lib\cy_ble_stack_gcc_controller_ipc_cm0p.a(CyBleStackMgrIP_Interface.o)
                0x100062ac                CyBle_GetHeapConfig

i.CyBle_GetHeapMemory
                0x100062b4       0x3c
 i.CyBle_GetHeapMemory
                0x100062b4       0x3c Generated_Source\PSoC6\pdl\middleware\ble\lib\cy_ble_stack_gcc_controller_ipc_cm0p.a(CyBleStackMgrIP_Interface.o)
                0x100062b4                CyBle_GetHeapMemory

i.CyBle_StackGetConfigPtr
                0x100062f0        0x8
 i.CyBle_StackGetConfigPtr
                0x100062f0        0x8 Generated_Source\PSoC6\pdl\middleware\ble\lib\cy_ble_stack_gcc_controller_ipc_cm0p.a(CyBleStackMgrIP_Interface.o)
                0x100062f0                CyBle_StackGetConfigPtr

i.Cy_BLE_EnableDleFeature
                0x100062f8        0x8
 i.Cy_BLE_EnableDleFeature
                0x100062f8        0x8 Generated_Source\PSoC6\pdl\middleware\ble\lib\cy_ble_stack_gcc_controller_ipc_cm0p.a(CyBleStackMgrIP_Interface.o)
                0x100062f8                Cy_BLE_EnableDleFeature

i.Cy_BLE_GetStackLibraryVersion
                0x10006300       0x24
 i.Cy_BLE_GetStackLibraryVersion
                0x10006300       0x24 Generated_Source\PSoC6\pdl\middleware\ble\lib\cy_ble_stack_gcc_controller_ipc_cm0p.a(CyBleStackMgrIP_Interface.o)
                0x10006300                Cy_BLE_GetStackLibraryVersion

i.Cy_BLE_ProcessEvents
                0x10006324        0x8
 i.Cy_BLE_ProcessEvents
                0x10006324        0x8 Generated_Source\PSoC6\pdl\middleware\ble\lib\cy_ble_stack_gcc_controller_ipc_cm0p.a(CyBleStackMgrIP_Interface.o)
                0x10006324                Cy_BLE_ProcessEvents

i.Cy_BLE_StackEnterLPM
                0x1000632c        0x8
 i.Cy_BLE_StackEnterLPM
                0x1000632c        0x8 Generated_Source\PSoC6\pdl\middleware\ble\lib\cy_ble_stack_gcc_controller_ipc_cm0p.a(CyBleStackMgrIP_Interface.o)
                0x1000632c                Cy_BLE_StackEnterLPM

i.Cy_BLE_StackGetBleSsState
                0x10006334        0x8
 i.Cy_BLE_StackGetBleSsState
                0x10006334        0x8 Generated_Source\PSoC6\pdl\middleware\ble\lib\cy_ble_stack_gcc_controller_ipc_cm0p.a(CyBleStackMgrIP_Interface.o)
                0x10006334                Cy_BLE_StackGetBleSsState

i.Cy_BLE_StackInit
                0x1000633c       0x58
 i.Cy_BLE_StackInit
                0x1000633c       0x58 Generated_Source\PSoC6\pdl\middleware\ble\lib\cy_ble_stack_gcc_controller_ipc_cm0p.a(CyBleStackMgrIP_Interface.o)
                0x1000633c                Cy_BLE_StackInit

i.Cy_BLE_StackSetFeatureConfig
                0x10006394       0x54
 i.Cy_BLE_StackSetFeatureConfig
                0x10006394       0x54 Generated_Source\PSoC6\pdl\middleware\ble\lib\cy_ble_stack_gcc_controller_ipc_cm0p.a(CyBleStackMgrIP_Interface.o)
                0x10006394                Cy_BLE_StackSetFeatureConfig

i.ble_stack_idle_task_callback
                0x100063e8        0x2
 i.ble_stack_idle_task_callback
                0x100063e8        0x2 Generated_Source\PSoC6\pdl\middleware\ble\lib\cy_ble_stack_gcc_controller_ipc_cm0p.a(CyBleStackMgrIP_Interface.o)
                0x100063e8                ble_stack_idle_task_callback

i.CyBleStackMgr_GetTime
                0x100063ec       0x28
 i.CyBleStackMgr_GetTime
                0x100063ec       0x28 Generated_Source\PSoC6\pdl\middleware\ble\lib\cy_ble_stack_gcc_controller_ipc_cm0p.a(CyBleStackMgr_PSoCHal.o)
                0x100063ec                CyBleStackMgr_GetTime

i.CyBleStackMgr_HalInit
                0x10006414       0x1c
 i.CyBleStackMgr_HalInit
                0x10006414       0x1c Generated_Source\PSoC6\pdl\middleware\ble\lib\cy_ble_stack_gcc_controller_ipc_cm0p.a(CyBleStackMgr_PSoCHal.o)
                0x10006414                CyBleStackMgr_HalInit

i.CyBleStackMgr_HalIntrEnable
                0x10006430        0x8
 i.CyBleStackMgr_HalIntrEnable
                0x10006430        0x8 Generated_Source\PSoC6\pdl\middleware\ble\lib\cy_ble_stack_gcc_controller_ipc_cm0p.a(CyBleStackMgr_PSoCHal.o)
                0x10006430                CyBleStackMgr_HalIntrEnable

i.CyBleStackMgr_HciPortInit
                0x10006438       0x18
 i.CyBleStackMgr_HciPortInit
                0x10006438       0x18 Generated_Source\PSoC6\pdl\middleware\ble\lib\cy_ble_stack_gcc_controller_ipc_cm0p.a(CyBleStackMgr_PSoCHal.o)
                0x10006438                CyBleStackMgr_HciPortInit

i.CyBleStackMgr_HciPortReset
                0x10006450        0x8
 i.CyBleStackMgr_HciPortReset
                0x10006450        0x8 Generated_Source\PSoC6\pdl\middleware\ble\lib\cy_ble_stack_gcc_controller_ipc_cm0p.a(CyBleStackMgr_PSoCHal.o)
                0x10006450                CyBleStackMgr_HciPortReset

i.CyBleStackMgr_HciPortWrite
                0x10006458        0x8
 i.CyBleStackMgr_HciPortWrite
                0x10006458        0x8 Generated_Source\PSoC6\pdl\middleware\ble\lib\cy_ble_stack_gcc_controller_ipc_cm0p.a(CyBleStackMgr_PSoCHal.o)
                0x10006458                CyBleStackMgr_HciPortWrite

i.CyBleStackMgr_TimerStart
                0x10006460       0x20
 i.CyBleStackMgr_TimerStart
                0x10006460       0x20 Generated_Source\PSoC6\pdl\middleware\ble\lib\cy_ble_stack_gcc_controller_ipc_cm0p.a(CyBleStackMgr_PSoCHal.o)
                0x10006460                CyBleStackMgr_TimerStart

i.CyBleStackMgr_TimerStop
                0x10006480       0x18
 i.CyBleStackMgr_TimerStop
                0x10006480       0x18 Generated_Source\PSoC6\pdl\middleware\ble\lib\cy_ble_stack_gcc_controller_ipc_cm0p.a(CyBleStackMgr_PSoCHal.o)
                0x10006480                CyBleStackMgr_TimerStop

i.CyBleStackMgr_isTimerRunning
                0x10006498        0xc
 i.CyBleStackMgr_isTimerRunning
                0x10006498        0xc Generated_Source\PSoC6\pdl\middleware\ble\lib\cy_ble_stack_gcc_controller_ipc_cm0p.a(CyBleStackMgr_PSoCHal.o)
                0x10006498                CyBleStackMgr_isTimerRunning

i.CyBleStackMgr_BleSSFifoRead
                0x100064a4       0x3c
 i.CyBleStackMgr_BleSSFifoRead
                0x100064a4       0x3c Generated_Source\PSoC6\pdl\middleware\ble\lib\cy_ble_stack_gcc_controller_ipc_cm0p.a(CyBleStackMgr_BleSSDriver.o)
                0x100064a4                CyBleStackMgr_BleSSFifoRead

i.CyBleStackMgr_BleSSFifoWrite
                0x100064e0       0x30
 i.CyBleStackMgr_BleSSFifoWrite
                0x100064e0       0x30 Generated_Source\PSoC6\pdl\middleware\ble\lib\cy_ble_stack_gcc_controller_ipc_cm0p.a(CyBleStackMgr_BleSSDriver.o)
                0x100064e0                CyBleStackMgr_BleSSFifoWrite

i.CyBleStackMgr_BleSSInit
                0x10006510       0x70
 i.CyBleStackMgr_BleSSInit
                0x10006510       0x70 Generated_Source\PSoC6\pdl\middleware\ble\lib\cy_ble_stack_gcc_controller_ipc_cm0p.a(CyBleStackMgr_BleSSDriver.o)
                0x10006510                CyBleStackMgr_BleSSInit

i.CyBleStackMgr_BleSSMemRead
                0x10006580       0x30
 i.CyBleStackMgr_BleSSMemRead
                0x10006580       0x30 Generated_Source\PSoC6\pdl\middleware\ble\lib\cy_ble_stack_gcc_controller_ipc_cm0p.a(CyBleStackMgr_BleSSDriver.o)
                0x10006580                CyBleStackMgr_BleSSMemRead

i.CyBleStackMgr_BleSSMemWrite
                0x100065b0       0x34
 i.CyBleStackMgr_BleSSMemWrite
                0x100065b0       0x34 Generated_Source\PSoC6\pdl\middleware\ble\lib\cy_ble_stack_gcc_controller_ipc_cm0p.a(CyBleStackMgr_BleSSDriver.o)
                0x100065b0                CyBleStackMgr_BleSSMemWrite

i.CyBleStackMgr_BleSSMemWriteFields
                0x100065e4       0x70
 i.CyBleStackMgr_BleSSMemWriteFields
                0x100065e4       0x70 Generated_Source\PSoC6\pdl\middleware\ble\lib\cy_ble_stack_gcc_controller_ipc_cm0p.a(CyBleStackMgr_BleSSDriver.o)
                0x100065e4                CyBleStackMgr_BleSSMemWriteFields

i.CyBleStackMgr_BleSSReset
                0x10006654       0x2c
 i.CyBleStackMgr_BleSSReset
                0x10006654       0x2c Generated_Source\PSoC6\pdl\middleware\ble\lib\cy_ble_stack_gcc_controller_ipc_cm0p.a(CyBleStackMgr_BleSSDriver.o)
                0x10006654                CyBleStackMgr_BleSSReset

i.CyBleStackMgr_BleSSShutdown
                0x10006680       0x34
 i.CyBleStackMgr_BleSSShutdown
                0x10006680       0x34 Generated_Source\PSoC6\pdl\middleware\ble\lib\cy_ble_stack_gcc_controller_ipc_cm0p.a(CyBleStackMgr_BleSSDriver.o)
                0x10006680                CyBleStackMgr_BleSSShutdown

i.CyBleStackMgr_GenericIface
                0x100066b4       0x58
 i.CyBleStackMgr_GenericIface
                0x100066b4       0x58 Generated_Source\PSoC6\pdl\middleware\ble\lib\cy_ble_stack_gcc_controller_ipc_cm0p.a(CyBleStackMgr_BleSSDriver.o)
                0x100066b4                CyBleStackMgr_GenericIface

i.CyBleStackMgr_HandleBleSSIntr
                0x1000670c       0x70
 i.CyBleStackMgr_HandleBleSSIntr
                0x1000670c       0x70 Generated_Source\PSoC6\pdl\middleware\ble\lib\cy_ble_stack_gcc_controller_ipc_cm0p.a(CyBleStackMgr_BleSSDriver.o)
                0x1000670c                CyBleStackMgr_HandleBleSSIntr

i.CyBle_ControllerGetBleClockCfgParam
                0x1000677c       0x20
 i.CyBle_ControllerGetBleClockCfgParam
                0x1000677c       0x20 Generated_Source\PSoC6\pdl\middleware\ble\lib\cy_ble_stack_gcc_controller_ipc_cm0p.a(CyBleStackMgr_BleSSDriver.o)
                0x1000677c                CyBle_ControllerGetBleClockCfgParam

i.CyBle_ControllerGetTxPowerLevel
                0x1000679c       0x3c
 i.CyBle_ControllerGetTxPowerLevel
                0x1000679c       0x3c Generated_Source\PSoC6\pdl\middleware\ble\lib\cy_ble_stack_gcc_controller_ipc_cm0p.a(CyBleStackMgr_BleSSDriver.o)
                0x1000679c                CyBle_ControllerGetTxPowerLevel

i.CyBle_ControllerSetBleClockCfgParam
                0x100067d8       0x30
 i.CyBle_ControllerSetBleClockCfgParam
                0x100067d8       0x30 Generated_Source\PSoC6\pdl\middleware\ble\lib\cy_ble_stack_gcc_controller_ipc_cm0p.a(CyBleStackMgr_BleSSDriver.o)
                0x100067d8                CyBle_ControllerSetBleClockCfgParam

i.CyBle_ControllerSetDcxoLdoTrim
                0x10006808       0x1c
 i.CyBle_ControllerSetDcxoLdoTrim
                0x10006808       0x1c Generated_Source\PSoC6\pdl\middleware\ble\lib\cy_ble_stack_gcc_controller_ipc_cm0p.a(CyBleStackMgr_BleSSDriver.o)
                0x10006808                CyBle_ControllerSetDcxoLdoTrim

i.CyBle_ControllerSetTxPowerLevel
                0x10006824       0x20
 i.CyBle_ControllerSetTxPowerLevel
                0x10006824       0x20 Generated_Source\PSoC6\pdl\middleware\ble\lib\cy_ble_stack_gcc_controller_ipc_cm0p.a(CyBleStackMgr_BleSSDriver.o)
                0x10006824                CyBle_ControllerSetTxPowerLevel

i.CyBle_EnterDsmMode
                0x10006844       0x34
 i.CyBle_EnterDsmMode
                0x10006844       0x34 Generated_Source\PSoC6\pdl\middleware\ble\lib\cy_ble_stack_gcc_controller_ipc_cm0p.a(CyBleStackMgr_BleSSDriver.o)
                0x10006844                CyBle_EnterDsmMode

i.CyBle_ExitDsmMode
                0x10006878       0x34
 i.CyBle_ExitDsmMode
                0x10006878       0x34 Generated_Source\PSoC6\pdl\middleware\ble\lib\cy_ble_stack_gcc_controller_ipc_cm0p.a(CyBleStackMgr_BleSSDriver.o)
                0x10006878                CyBle_ExitDsmMode

i.CyBle_GetBleSsOperationalMode
                0x100068ac        0xc
 i.CyBle_GetBleSsOperationalMode
                0x100068ac        0xc Generated_Source\PSoC6\pdl\middleware\ble\lib\cy_ble_stack_gcc_controller_ipc_cm0p.a(CyBleStackMgr_BleSSDriver.o)
                0x100068ac                CyBle_GetBleSsOperationalMode

i.CyBle_GetEventCloseState
                0x100068b8       0x10
 i.CyBle_GetEventCloseState
                0x100068b8       0x10 Generated_Source\PSoC6\pdl\middleware\ble\lib\cy_ble_stack_gcc_controller_ipc_cm0p.a(CyBleStackMgr_BleSSDriver.o)
                0x100068b8                CyBle_GetEventCloseState

i.CyBle_GetLpMode
                0x100068c8       0x1c
 i.CyBle_GetLpMode
                0x100068c8       0x1c Generated_Source\PSoC6\pdl\middleware\ble\lib\cy_ble_stack_gcc_controller_ipc_cm0p.a(CyBleStackMgr_BleSSDriver.o)
                0x100068c8                CyBle_GetLpMode

i.CyBle_GetTxGainMode
                0x100068e4        0xe
 i.CyBle_GetTxGainMode
                0x100068e4        0xe Generated_Source\PSoC6\pdl\middleware\ble\lib\cy_ble_stack_gcc_controller_ipc_cm0p.a(CyBleStackMgr_BleSSDriver.o)
                0x100068e4                CyBle_GetTxGainMode

i.CyBle_SetAutoWakeUp
                0x100068f4        0xc
 i.CyBle_SetAutoWakeUp
                0x100068f4        0xc Generated_Source\PSoC6\pdl\middleware\ble\lib\cy_ble_stack_gcc_controller_ipc_cm0p.a(CyBleStackMgr_BleSSDriver.o)
                0x100068f4                CyBle_SetAutoWakeUp

i.CyBle_SetBleSsOperationalMode
                0x10006900       0x20
 i.CyBle_SetBleSsOperationalMode
                0x10006900       0x20 Generated_Source\PSoC6\pdl\middleware\ble\lib\cy_ble_stack_gcc_controller_ipc_cm0p.a(CyBleStackMgr_BleSSDriver.o)
                0x10006900                CyBle_SetBleSsOperationalMode

i.CyBle_SetEventCloseState
                0x10006920        0xc
 i.CyBle_SetEventCloseState
                0x10006920        0xc Generated_Source\PSoC6\pdl\middleware\ble\lib\cy_ble_stack_gcc_controller_ipc_cm0p.a(CyBleStackMgr_BleSSDriver.o)
                0x10006920                CyBle_SetEventCloseState

i.CyBle_CheckBleStackTaskStatus
                0x1000692c        0x4
 i.CyBle_CheckBleStackTaskStatus
                0x1000692c        0x4 Generated_Source\PSoC6\pdl\middleware\ble\lib\cy_ble_stack_gcc_controller_ipc_cm0p.a(CyBleStackMgr_StackTaskHandler.o)
                0x1000692c                CyBle_CheckBleStackTaskStatus

i.CyBle_CreateBleStackTask
                0x10006930       0x30
 i.CyBle_CreateBleStackTask
                0x10006930       0x30 Generated_Source\PSoC6\pdl\middleware\ble\lib\cy_ble_stack_gcc_controller_ipc_cm0p.a(CyBleStackMgr_StackTaskHandler.o)
                0x10006930                CyBle_CreateBleStackTask

i.CyBle_SignalBleStackTask
                0x10006960       0x44
 i.CyBle_SignalBleStackTask
                0x10006960       0x44 Generated_Source\PSoC6\pdl\middleware\ble\lib\cy_ble_stack_gcc_controller_ipc_cm0p.a(CyBleStackMgr_StackTaskHandler.o)
                0x10006960                CyBle_SignalBleStackTask

i.CyBle_StackTaskHandler
                0x100069a4       0x26
 i.CyBle_StackTaskHandler
                0x100069a4       0x26 Generated_Source\PSoC6\pdl\middleware\ble\lib\cy_ble_stack_gcc_controller_ipc_cm0p.a(CyBleStackMgr_StackTaskHandler.o)
                0x100069a4                CyBle_StackTaskHandler

i.IsStackTaskFree
                0x100069cc       0x10
 i.IsStackTaskFree
                0x100069cc       0x10 Generated_Source\PSoC6\pdl\middleware\ble\lib\cy_ble_stack_gcc_controller_ipc_cm0p.a(CyBleStackMgr_StackTaskHandler.o)
                0x100069cc                IsStackTaskFree

i.BT_start_timer
                0x100069dc       0xe4
 i.BT_start_timer
                0x100069dc       0xe4 Generated_Source\PSoC6\pdl\middleware\ble\lib\cy_ble_stack_gcc_controller_ipc_cm0p.a(BT_timer.o)
                0x100069dc                BT_start_timer

i.BT_start_timer_controller
                0x10006ac0       0x28
 i.BT_start_timer_controller
                0x10006ac0       0x28 Generated_Source\PSoC6\pdl\middleware\ble\lib\cy_ble_stack_gcc_controller_ipc_cm0p.a(BT_timer.o)
                0x10006ac0                BT_start_timer_controller

i.BT_start_timer_pilo
                0x10006ae8       0x28
 i.BT_start_timer_pilo
                0x10006ae8       0x28 Generated_Source\PSoC6\pdl\middleware\ble\lib\cy_ble_stack_gcc_controller_ipc_cm0p.a(BT_timer.o)
                0x10006ae8                BT_start_timer_pilo

i.BT_stop_timer
                0x10006b10       0xa0
 i.BT_stop_timer
                0x10006b10       0xa0 Generated_Source\PSoC6\pdl\middleware\ble\lib\cy_ble_stack_gcc_controller_ipc_cm0p.a(BT_timer.o)
                0x10006b10                BT_stop_timer

i.BT_stop_timer_controller
                0x10006bb0       0x28
 i.BT_stop_timer_controller
                0x10006bb0       0x28 Generated_Source\PSoC6\pdl\middleware\ble\lib\cy_ble_stack_gcc_controller_ipc_cm0p.a(BT_timer.o)
                0x10006bb0                BT_stop_timer_controller

i.BT_stop_timer_pilo
                0x10006bd8       0x28
 i.BT_stop_timer_pilo
                0x10006bd8       0x28 Generated_Source\PSoC6\pdl\middleware\ble\lib\cy_ble_stack_gcc_controller_ipc_cm0p.a(BT_timer.o)
                0x10006bd8                BT_stop_timer_pilo

i.BT_timer_process_signals
                0x10006c00       0xd4
 i.BT_timer_process_signals
                0x10006c00       0xd4 Generated_Source\PSoC6\pdl\middleware\ble\lib\cy_ble_stack_gcc_controller_ipc_cm0p.a(BT_timer.o)
                0x10006c00                BT_timer_process_signals

i.timer_allocated_entity
                0x10006cd4       0x34
 i.timer_allocated_entity
                0x10006cd4       0x34 Generated_Source\PSoC6\pdl\middleware\ble\lib\cy_ble_stack_gcc_controller_ipc_cm0p.a(BT_timer.o)
                0x10006cd4                timer_allocated_entity

i.timer_init    0x10006d08       0x30
 i.timer_init   0x10006d08       0x30 Generated_Source\PSoC6\pdl\middleware\ble\lib\cy_ble_stack_gcc_controller_ipc_cm0p.a(BT_timer.o)
                0x10006d08                timer_init

i.timer_update_offsets
                0x10006d38       0x34
 i.timer_update_offsets
                0x10006d38       0x34 Generated_Source\PSoC6\pdl\middleware\ble\lib\cy_ble_stack_gcc_controller_ipc_cm0p.a(BT_timer.o)

i.BT_ISROSQPost
                0x10006d6c        0xa
 i.BT_ISROSQPost
                0x10006d6c        0xa Generated_Source\PSoC6\pdl\middleware\ble\lib\cy_ble_stack_gcc_controller_ipc_cm0p.a(bt_os_common.o)
                0x10006d6c                BT_ISROSQPost

i.BT_OSQPost    0x10006d76        0xa
 i.BT_OSQPost   0x10006d76        0xa Generated_Source\PSoC6\pdl\middleware\ble\lib\cy_ble_stack_gcc_controller_ipc_cm0p.a(bt_os_common.o)
                0x10006d76                BT_OSQPost

i.BT_thread_create
                0x10006d80       0x30
 i.BT_thread_create
                0x10006d80       0x30 Generated_Source\PSoC6\pdl\middleware\ble\lib\cy_ble_stack_gcc_controller_ipc_cm0p.a(bt_os_common.o)
                0x10006d80                BT_thread_create

i.pf_timer_handle_tick
                0x10006db0       0x20
 i.pf_timer_handle_tick
                0x10006db0       0x20 Generated_Source\PSoC6\pdl\middleware\ble\lib\cy_ble_stack_gcc_controller_ipc_cm0p.a(bt_os_common.o)
                0x10006db0                pf_timer_handle_tick

i.CyPilo_ApplyTrim
                0x10006dd0       0x88
 i.CyPilo_ApplyTrim
                0x10006dd0       0x88 Generated_Source\PSoC6\pdl\middleware\ble\lib\cy_ble_stack_gcc_controller_ipc_cm0p.a(CyBleStackMgrIP_Pilo.o)

i.CyPilo_DSMExitCalibration
                0x10006e58       0x14
 i.CyPilo_DSMExitCalibration
                0x10006e58       0x14 Generated_Source\PSoC6\pdl\middleware\ble\lib\cy_ble_stack_gcc_controller_ipc_cm0p.a(CyBleStackMgrIP_Pilo.o)
                0x10006e58                CyPilo_DSMExitCalibration

i.CyPilo_GetState
                0x10006e6c        0xc
 i.CyPilo_GetState
                0x10006e6c        0xc Generated_Source\PSoC6\pdl\middleware\ble\lib\cy_ble_stack_gcc_controller_ipc_cm0p.a(CyBleStackMgrIP_Pilo.o)
                0x10006e6c                CyPilo_GetState

i.CyPilo_InitCalibration
                0x10006e78       0x18
 i.CyPilo_InitCalibration
                0x10006e78       0x18 Generated_Source\PSoC6\pdl\middleware\ble\lib\cy_ble_stack_gcc_controller_ipc_cm0p.a(CyBleStackMgrIP_Pilo.o)
                0x10006e78                CyPilo_InitCalibration

i.CyPilo_PeriodicCalibTimeout
                0x10006e90       0x24
 i.CyPilo_PeriodicCalibTimeout
                0x10006e90       0x24 Generated_Source\PSoC6\pdl\middleware\ble\lib\cy_ble_stack_gcc_controller_ipc_cm0p.a(CyBleStackMgrIP_Pilo.o)

i.CyPilo_RetryCalibration
                0x10006eb4       0x20
 i.CyPilo_RetryCalibration
                0x10006eb4       0x20 Generated_Source\PSoC6\pdl\middleware\ble\lib\cy_ble_stack_gcc_controller_ipc_cm0p.a(CyBleStackMgrIP_Pilo.o)

i.CyPilo_SetCalibInterval
                0x10006ed4        0xc
 i.CyPilo_SetCalibInterval
                0x10006ed4        0xc Generated_Source\PSoC6\pdl\middleware\ble\lib\cy_ble_stack_gcc_controller_ipc_cm0p.a(CyBleStackMgrIP_Pilo.o)
                0x10006ed4                CyPilo_SetCalibInterval

i.CyPilo_SetState
                0x10006ee0        0xc
 i.CyPilo_SetState
                0x10006ee0        0xc Generated_Source\PSoC6\pdl\middleware\ble\lib\cy_ble_stack_gcc_controller_ipc_cm0p.a(CyBleStackMgrIP_Pilo.o)
                0x10006ee0                CyPilo_SetState

i.CyPilo_ShutdownCalibration
                0x10006eec       0x1c
 i.CyPilo_ShutdownCalibration
                0x10006eec       0x1c Generated_Source\PSoC6\pdl\middleware\ble\lib\cy_ble_stack_gcc_controller_ipc_cm0p.a(CyBleStackMgrIP_Pilo.o)
                0x10006eec                CyPilo_ShutdownCalibration

i.CyPilo_StopPeriodicTimer
                0x10006f08       0x10
 i.CyPilo_StopPeriodicTimer
                0x10006f08       0x10 Generated_Source\PSoC6\pdl\middleware\ble\lib\cy_ble_stack_gcc_controller_ipc_cm0p.a(CyBleStackMgrIP_Pilo.o)
                0x10006f08                CyPilo_StopPeriodicTimer

i.CyPilo_TriggerCalibration
                0x10006f18       0x54
 i.CyPilo_TriggerCalibration
                0x10006f18       0x54 Generated_Source\PSoC6\pdl\middleware\ble\lib\cy_ble_stack_gcc_controller_ipc_cm0p.a(CyBleStackMgrIP_Pilo.o)
                0x10006f18                CyPilo_TriggerCalibration

i.CyPilo_UpdateCalibInterval
                0x10006f6c       0x34
 i.CyPilo_UpdateCalibInterval
                0x10006f6c       0x34 Generated_Source\PSoC6\pdl\middleware\ble\lib\cy_ble_stack_gcc_controller_ipc_cm0p.a(CyBleStackMgrIP_Pilo.o)
                0x10006f6c                CyPilo_UpdateCalibInterval

i.OS_init       0x10006fa0       0x64
 i.OS_init      0x10006fa0       0x64 Generated_Source\PSoC6\pdl\middleware\ble\lib\cy_ble_stack_gcc_controller_ipc_cm0p.a(mint_os.o)
                0x10006fa0                OS_init

i.OS_shutdown   0x10007004        0x4
 i.OS_shutdown  0x10007004        0x4 Generated_Source\PSoC6\pdl\middleware\ble\lib\cy_ble_stack_gcc_controller_ipc_cm0p.a(mint_os.o)
                0x10007004                OS_shutdown

i.mintos_malloc
                0x10007008       0x34
 i.mintos_malloc
                0x10007008       0x34 Generated_Source\PSoC6\pdl\middleware\ble\lib\cy_ble_stack_gcc_controller_ipc_cm0p.a(mint_os.o)
                0x10007008                mintos_malloc

i.OS_create_queue
                0x1000703c       0x64
 i.OS_create_queue
                0x1000703c       0x64 Generated_Source\PSoC6\pdl\middleware\ble\lib\cy_ble_stack_gcc_controller_ipc_cm0p.a(mint_os_queue.o)
                0x1000703c                OS_create_queue

i.OS_enqueue_item
                0x100070a0       0x8c
 i.OS_enqueue_item
                0x100070a0       0x8c Generated_Source\PSoC6\pdl\middleware\ble\lib\cy_ble_stack_gcc_controller_ipc_cm0p.a(mint_os_queue.o)
                0x100070a0                OS_enqueue_item

i.OS_queue_get_num_of_items
                0x1000712c       0x28
 i.OS_queue_get_num_of_items
                0x1000712c       0x28 Generated_Source\PSoC6\pdl\middleware\ble\lib\cy_ble_stack_gcc_controller_ipc_cm0p.a(mint_os_queue.o)
                0x1000712c                OS_queue_get_num_of_items

i.OS_queue_mgmt_init
                0x10007154       0x40
 i.OS_queue_mgmt_init
                0x10007154       0x40 Generated_Source\PSoC6\pdl\middleware\ble\lib\cy_ble_stack_gcc_controller_ipc_cm0p.a(mint_os_queue.o)
                0x10007154                OS_queue_mgmt_init

i.OS_remove_item
                0x10007194       0xa0
 i.OS_remove_item
                0x10007194       0xa0 Generated_Source\PSoC6\pdl\middleware\ble\lib\cy_ble_stack_gcc_controller_ipc_cm0p.a(mint_os_queue.o)
                0x10007194                OS_remove_item

i.OS_create_task
                0x10007234       0x88
 i.OS_create_task
                0x10007234       0x88 Generated_Source\PSoC6\pdl\middleware\ble\lib\cy_ble_stack_gcc_controller_ipc_cm0p.a(mint_os_task.o)
                0x10007234                OS_create_task

i.OS_is_task_free
                0x100072bc       0x30
 i.OS_is_task_free
                0x100072bc       0x30 Generated_Source\PSoC6\pdl\middleware\ble\lib\cy_ble_stack_gcc_controller_ipc_cm0p.a(mint_os_task.o)
                0x100072bc                OS_is_task_free

i.OS_isr_send_signal_to_task
                0x100072ec        0xc
 i.OS_isr_send_signal_to_task
                0x100072ec        0xc Generated_Source\PSoC6\pdl\middleware\ble\lib\cy_ble_stack_gcc_controller_ipc_cm0p.a(mint_os_task.o)
                0x100072ec                OS_isr_send_signal_to_task

i.OS_scheduler  0x100072f8       0x64
 i.OS_scheduler
                0x100072f8       0x64 Generated_Source\PSoC6\pdl\middleware\ble\lib\cy_ble_stack_gcc_controller_ipc_cm0p.a(mint_os_task.o)
                0x100072f8                OS_scheduler

i.OS_send_signal_to_task
                0x1000735c        0xc
 i.OS_send_signal_to_task
                0x1000735c        0xc Generated_Source\PSoC6\pdl\middleware\ble\lib\cy_ble_stack_gcc_controller_ipc_cm0p.a(mint_os_task.o)
                0x1000735c                OS_send_signal_to_task

i.OS_send_signal_to_task_context
                0x10007368       0x3c
 i.OS_send_signal_to_task_context
                0x10007368       0x3c Generated_Source\PSoC6\pdl\middleware\ble\lib\cy_ble_stack_gcc_controller_ipc_cm0p.a(mint_os_task.o)

i.OS_task_mgmt_init
                0x100073a4       0x50
 i.OS_task_mgmt_init
                0x100073a4       0x50 Generated_Source\PSoC6\pdl\middleware\ble\lib\cy_ble_stack_gcc_controller_ipc_cm0p.a(mint_os_task.o)
                0x100073a4                OS_task_mgmt_init

i.mint_buf_mgmt_allocate_buffer
                0x100073f4       0x4c
 i.mint_buf_mgmt_allocate_buffer
                0x100073f4       0x4c Generated_Source\PSoC6\pdl\middleware\ble\lib\cy_ble_stack_gcc_controller_ipc_cm0p.a(mint_buf_mgmt.o)
                0x100073f4                mint_buf_mgmt_allocate_buffer

i.mint_buf_mgmt_create_pool
                0x10007440       0xd4
 i.mint_buf_mgmt_create_pool
                0x10007440       0xd4 Generated_Source\PSoC6\pdl\middleware\ble\lib\cy_ble_stack_gcc_controller_ipc_cm0p.a(mint_buf_mgmt.o)
                0x10007440                mint_buf_mgmt_create_pool

i.mint_buf_mgmt_free_buffer
                0x10007514       0xa4
 i.mint_buf_mgmt_free_buffer
                0x10007514       0xa4 Generated_Source\PSoC6\pdl\middleware\ble\lib\cy_ble_stack_gcc_controller_ipc_cm0p.a(mint_buf_mgmt.o)
                0x10007514                mint_buf_mgmt_free_buffer

i.mint_buf_mgmt_init
                0x100075b8       0x44
 i.mint_buf_mgmt_init
                0x100075b8       0x44 Generated_Source\PSoC6\pdl\middleware\ble\lib\cy_ble_stack_gcc_controller_ipc_cm0p.a(mint_buf_mgmt.o)
                0x100075b8                mint_buf_mgmt_init

i.mint_buf_mgmt_malloc
                0x100075fc       0x28
 i.mint_buf_mgmt_malloc
                0x100075fc       0x28 Generated_Source\PSoC6\pdl\middleware\ble\lib\cy_ble_stack_gcc_controller_ipc_cm0p.a(mint_buf_mgmt.o)
                0x100075fc                mint_buf_mgmt_malloc

i.mint_buf_mgmt_pl_init
                0x10007624       0x4c
 i.mint_buf_mgmt_pl_init
                0x10007624       0x4c Generated_Source\PSoC6\pdl\middleware\ble\lib\cy_ble_stack_gcc_controller_ipc_cm0p.a(mint_buf_mgmt.o)
                0x10007624                mint_buf_mgmt_pl_init

i.mint_buf_mgmt_reset_pool
                0x10007670       0x70
 i.mint_buf_mgmt_reset_pool
                0x10007670       0x70 Generated_Source\PSoC6\pdl\middleware\ble\lib\cy_ble_stack_gcc_controller_ipc_cm0p.a(mint_buf_mgmt.o)
                0x10007670                mint_buf_mgmt_reset_pool

i.mint_buf_mgmt_stack_init
                0x100076e0       0x24
 i.mint_buf_mgmt_stack_init
                0x100076e0       0x24 Generated_Source\PSoC6\pdl\middleware\ble\lib\cy_ble_stack_gcc_controller_ipc_cm0p.a(mint_buf_mgmt.o)
                0x100076e0                mint_buf_mgmt_stack_init

i.mint_buf_mgmt_stack_pop
                0x10007704       0x36
 i.mint_buf_mgmt_stack_pop
                0x10007704       0x36 Generated_Source\PSoC6\pdl\middleware\ble\lib\cy_ble_stack_gcc_controller_ipc_cm0p.a(mint_buf_mgmt.o)
                0x10007704                mint_buf_mgmt_stack_pop

i.mint_buf_mgmt_stack_push
                0x1000773a       0x36
 i.mint_buf_mgmt_stack_push
                0x1000773a       0x36 Generated_Source\PSoC6\pdl\middleware\ble\lib\cy_ble_stack_gcc_controller_ipc_cm0p.a(mint_buf_mgmt.o)
                0x1000773a                mint_buf_mgmt_stack_push

i.mint_buf_mgmt_stack_reset
                0x10007770       0x1e
 i.mint_buf_mgmt_stack_reset
                0x10007770       0x1e Generated_Source\PSoC6\pdl\middleware\ble\lib\cy_ble_stack_gcc_controller_ipc_cm0p.a(mint_buf_mgmt.o)
                0x10007770                mint_buf_mgmt_stack_reset

i.mint_buf_mgmt_stack_search_item
                0x1000778e       0x30
 i.mint_buf_mgmt_stack_search_item
                0x1000778e       0x30 Generated_Source\PSoC6\pdl\middleware\ble\lib\cy_ble_stack_gcc_controller_ipc_cm0p.a(mint_buf_mgmt.o)
                0x1000778e                mint_buf_mgmt_stack_search_item

i.CyBleController_HciIpcExtractPacket
                0x100077c0       0x84
 i.CyBleController_HciIpcExtractPacket
                0x100077c0       0x84 Generated_Source\PSoC6\pdl\middleware\ble\lib\cy_ble_stack_gcc_controller_ipc_cm0p.a(transport_ipc.o)
                0x100077c0                CyBleController_HciIpcExtractPacket

i.CyBleController_HciIpcInit
                0x10007844       0x10
 i.CyBleController_HciIpcInit
                0x10007844       0x10 Generated_Source\PSoC6\pdl\middleware\ble\lib\cy_ble_stack_gcc_controller_ipc_cm0p.a(transport_ipc.o)
                0x10007844                CyBleController_HciIpcInit

i.CyBleController_HciIpcMsgCompleteReceive
                0x10007854       0x20
 i.CyBleController_HciIpcMsgCompleteReceive
                0x10007854       0x20 Generated_Source\PSoC6\pdl\middleware\ble\lib\cy_ble_stack_gcc_controller_ipc_cm0p.a(transport_ipc.o)
                0x10007854                CyBleController_HciIpcMsgCompleteReceive

i.CyBleController_HciIpcMsgReceive
                0x10007874       0xb4
 i.CyBleController_HciIpcMsgReceive
                0x10007874       0xb4 Generated_Source\PSoC6\pdl\middleware\ble\lib\cy_ble_stack_gcc_controller_ipc_cm0p.a(transport_ipc.o)
                0x10007874                CyBleController_HciIpcMsgReceive

i.CyBleController_HciIpcSend
                0x10007928       0x16
 i.CyBleController_HciIpcSend
                0x10007928       0x16 Generated_Source\PSoC6\pdl\middleware\ble\lib\cy_ble_stack_gcc_controller_ipc_cm0p.a(transport_ipc.o)
                0x10007928                CyBleController_HciIpcSend

i.CyBleController_IpcSendStackInitHWError
                0x1000793e        0x8
 i.CyBleController_IpcSendStackInitHWError
                0x1000793e        0x8 Generated_Source\PSoC6\pdl\middleware\ble\lib\cy_ble_stack_gcc_controller_ipc_cm0p.a(transport_ipc.o)
                0x1000793e                CyBleController_IpcSendStackInitHWError

i.CyBleController_IPC_HAL_Init
                0x10007948       0x40
 i.CyBleController_IPC_HAL_Init
                0x10007948       0x40 Generated_Source\PSoC6\pdl\middleware\ble\lib\cy_ble_stack_gcc_controller_ipc_cm0p.a(CyBleStackMgr_PSoCIPCHal.o)
                0x10007948                CyBleController_IPC_HAL_Init

i.CyBleController_IPC_HAL_InitWithStaticMem
                0x10007988       0x10
 i.CyBleController_IPC_HAL_InitWithStaticMem
                0x10007988       0x10 Generated_Source\PSoC6\pdl\middleware\ble\lib\cy_ble_stack_gcc_controller_ipc_cm0p.a(CyBleStackMgr_PSoCIPCHal.o)
                0x10007988                CyBleController_IPC_HAL_InitWithStaticMem

i.CyBleController_IPC_HAL_IsQueueEmpty
                0x10007998       0x24
 i.CyBleController_IPC_HAL_IsQueueEmpty
                0x10007998       0x24 Generated_Source\PSoC6\pdl\middleware\ble\lib\cy_ble_stack_gcc_controller_ipc_cm0p.a(CyBleStackMgr_PSoCIPCHal.o)
                0x10007998                CyBleController_IPC_HAL_IsQueueEmpty

i.CyBleController_IPC_HAL_PipeReleaseCallback
                0x100079bc       0x1c
 i.CyBleController_IPC_HAL_PipeReleaseCallback
                0x100079bc       0x1c Generated_Source\PSoC6\pdl\middleware\ble\lib\cy_ble_stack_gcc_controller_ipc_cm0p.a(CyBleStackMgr_PSoCIPCHal.o)

i.CyBleController_IPC_HAL_ProcessMsgQ
                0x100079d8       0x40
 i.CyBleController_IPC_HAL_ProcessMsgQ
                0x100079d8       0x40 Generated_Source\PSoC6\pdl\middleware\ble\lib\cy_ble_stack_gcc_controller_ipc_cm0p.a(CyBleStackMgr_PSoCIPCHal.o)
                0x100079d8                CyBleController_IPC_HAL_ProcessMsgQ

i.CyBleController_IPC_HAL_PushMessage
                0x10007a18       0x4c
 i.CyBleController_IPC_HAL_PushMessage
                0x10007a18       0x4c Generated_Source\PSoC6\pdl\middleware\ble\lib\cy_ble_stack_gcc_controller_ipc_cm0p.a(CyBleStackMgr_PSoCIPCHal.o)

i.CyBleController_IPC_HAL_Reset
                0x10007a64        0x2
 i.CyBleController_IPC_HAL_Reset
                0x10007a64        0x2 Generated_Source\PSoC6\pdl\middleware\ble\lib\cy_ble_stack_gcc_controller_ipc_cm0p.a(CyBleStackMgr_PSoCIPCHal.o)
                0x10007a64                CyBleController_IPC_HAL_Reset

i.CyBleController_IPC_HAL_SendEnqueue
                0x10007a66       0x10
 i.CyBleController_IPC_HAL_SendEnqueue
                0x10007a66       0x10 Generated_Source\PSoC6\pdl\middleware\ble\lib\cy_ble_stack_gcc_controller_ipc_cm0p.a(CyBleStackMgr_PSoCIPCHal.o)
                0x10007a66                CyBleController_IPC_HAL_SendEnqueue

i.CyBle_ControllerAesCcmDecrypt
                0x10007a78       0x50
 i.CyBle_ControllerAesCcmDecrypt
                0x10007a78       0x50 Generated_Source\PSoC6\pdl\middleware\ble\lib\cy_ble_stack_gcc_controller_ipc_cm0p.a(CyBleControllerIP_Interface.o)
                0x10007a78                CyBle_ControllerAesCcmDecrypt

i.CyBle_ControllerAesCcmEncrypt
                0x10007ac8       0x44
 i.CyBle_ControllerAesCcmEncrypt
                0x10007ac8       0x44 Generated_Source\PSoC6\pdl\middleware\ble\lib\cy_ble_stack_gcc_controller_ipc_cm0p.a(CyBleControllerIP_Interface.o)
                0x10007ac8                CyBle_ControllerAesCcmEncrypt

i.CyBle_ControllerAesEncrypt
                0x10007b0c       0x60
 i.CyBle_ControllerAesEncrypt
                0x10007b0c       0x60 Generated_Source\PSoC6\pdl\middleware\ble\lib\cy_ble_stack_gcc_controller_ipc_cm0p.a(CyBleControllerIP_Interface.o)
                0x10007b0c                CyBle_ControllerAesEncrypt

i.CyBle_ControllerDisableDleFeature
                0x10007b6c       0x10
 i.CyBle_ControllerDisableDleFeature
                0x10007b6c       0x10 Generated_Source\PSoC6\pdl\middleware\ble\lib\cy_ble_stack_gcc_controller_ipc_cm0p.a(CyBleControllerIP_Interface.o)
                0x10007b6c                CyBle_ControllerDisableDleFeature

i.CyBle_ControllerDisablePhyUpdateFeature
                0x10007b7c        0xc
 i.CyBle_ControllerDisablePhyUpdateFeature
                0x10007b7c        0xc Generated_Source\PSoC6\pdl\middleware\ble\lib\cy_ble_stack_gcc_controller_ipc_cm0p.a(CyBleControllerIP_Interface.o)
                0x10007b7c                CyBle_ControllerDisablePhyUpdateFeature

i.CyBle_ControllerDisablePrivacyFeature
                0x10007b88        0xc
 i.CyBle_ControllerDisablePrivacyFeature
                0x10007b88        0xc Generated_Source\PSoC6\pdl\middleware\ble\lib\cy_ble_stack_gcc_controller_ipc_cm0p.a(CyBleControllerIP_Interface.o)
                0x10007b88                CyBle_ControllerDisablePrivacyFeature

i.CyBle_ControllerEnableDleFeature
                0x10007b94       0x14
 i.CyBle_ControllerEnableDleFeature
                0x10007b94       0x14 Generated_Source\PSoC6\pdl\middleware\ble\lib\cy_ble_stack_gcc_controller_ipc_cm0p.a(CyBleControllerIP_Interface.o)
                0x10007b94                CyBle_ControllerEnableDleFeature

i.CyBle_ControllerEnterLPM
                0x10007ba8       0x14
 i.CyBle_ControllerEnterLPM
                0x10007ba8       0x14 Generated_Source\PSoC6\pdl\middleware\ble\lib\cy_ble_stack_gcc_controller_ipc_cm0p.a(CyBleControllerIP_Interface.o)
                0x10007ba8                CyBle_ControllerEnterLPM

i.CyBle_ControllerExitLPM
                0x10007bbc       0x10
 i.CyBle_ControllerExitLPM
                0x10007bbc       0x10 Generated_Source\PSoC6\pdl\middleware\ble\lib\cy_ble_stack_gcc_controller_ipc_cm0p.a(CyBleControllerIP_Interface.o)
                0x10007bbc                CyBle_ControllerExitLPM

i.CyBle_ControllerGetBleSsState
                0x10007bcc       0x10
 i.CyBle_ControllerGetBleSsState
                0x10007bcc       0x10 Generated_Source\PSoC6\pdl\middleware\ble\lib\cy_ble_stack_gcc_controller_ipc_cm0p.a(CyBleControllerIP_Interface.o)
                0x10007bcc                CyBle_ControllerGetBleSsState

i.CyBle_ControllerGetFeatureHeapReq
                0x10007bdc       0x56
 i.CyBle_ControllerGetFeatureHeapReq
                0x10007bdc       0x56 Generated_Source\PSoC6\pdl\middleware\ble\lib\cy_ble_stack_gcc_controller_ipc_cm0p.a(CyBleControllerIP_Interface.o)
                0x10007bdc                CyBle_ControllerGetFeatureHeapReq

i.CyBle_ControllerGetFirmwareProgrammedDSM
                0x10007c34        0xc
 i.CyBle_ControllerGetFirmwareProgrammedDSM
                0x10007c34        0xc Generated_Source\PSoC6\pdl\middleware\ble\lib\cy_ble_stack_gcc_controller_ipc_cm0p.a(CyBleControllerIP_Interface.o)
                0x10007c34                CyBle_ControllerGetFirmwareProgrammedDSM

i.CyBle_ControllerGetHeapMemory
                0x10007c40       0x18
 i.CyBle_ControllerGetHeapMemory
                0x10007c40       0x18 Generated_Source\PSoC6\pdl\middleware\ble\lib\cy_ble_stack_gcc_controller_ipc_cm0p.a(CyBleControllerIP_Interface.o)
                0x10007c40                CyBle_ControllerGetHeapMemory

i.CyBle_ControllerGetInternalHeapReq
                0x10007c58       0x3c
 i.CyBle_ControllerGetInternalHeapReq
                0x10007c58       0x3c Generated_Source\PSoC6\pdl\middleware\ble\lib\cy_ble_stack_gcc_controller_ipc_cm0p.a(CyBleControllerIP_Interface.o)
                0x10007c58                CyBle_ControllerGetInternalHeapReq

i.CyBle_ControllerHCIReInit
                0x10007c94       0x60
 i.CyBle_ControllerHCIReInit
                0x10007c94       0x60 Generated_Source\PSoC6\pdl\middleware\ble\lib\cy_ble_stack_gcc_controller_ipc_cm0p.a(CyBleControllerIP_Interface.o)
                0x10007c94                CyBle_ControllerHCIReInit

i.CyBle_ControllerInit
                0x10007cf4       0x68
 i.CyBle_ControllerInit
                0x10007cf4       0x68 Generated_Source\PSoC6\pdl\middleware\ble\lib\cy_ble_stack_gcc_controller_ipc_cm0p.a(CyBleControllerIP_Interface.o)
                0x10007cf4                CyBle_ControllerInit

i.CyBle_ControllerReset
                0x10007d5c       0x20
 i.CyBle_ControllerReset
                0x10007d5c       0x20 Generated_Source\PSoC6\pdl\middleware\ble\lib\cy_ble_stack_gcc_controller_ipc_cm0p.a(CyBleControllerIP_Interface.o)
                0x10007d5c                CyBle_ControllerReset

i.CyBle_ControllerSetFeatureConfig
                0x10007d7c       0x5c
 i.CyBle_ControllerSetFeatureConfig
                0x10007d7c       0x5c Generated_Source\PSoC6\pdl\middleware\ble\lib\cy_ble_stack_gcc_controller_ipc_cm0p.a(CyBleControllerIP_Interface.o)
                0x10007d7c                CyBle_ControllerSetFeatureConfig

i.CyBle_ControllerSetFirmwareProgrammedDSM
                0x10007dd8        0xc
 i.CyBle_ControllerSetFirmwareProgrammedDSM
                0x10007dd8        0xc Generated_Source\PSoC6\pdl\middleware\ble\lib\cy_ble_stack_gcc_controller_ipc_cm0p.a(CyBleControllerIP_Interface.o)
                0x10007dd8                CyBle_ControllerSetFirmwareProgrammedDSM

i.CyBle_ControllerValidateInputParams
                0x10007de4       0x24
 i.CyBle_ControllerValidateInputParams
                0x10007de4       0x24 Generated_Source\PSoC6\pdl\middleware\ble\lib\cy_ble_stack_gcc_controller_ipc_cm0p.a(CyBleControllerIP_Interface.o)
                0x10007de4                CyBle_ControllerValidateInputParams

i.Cy_BLE_IsControllerActive
                0x10007e08       0x30
 i.Cy_BLE_IsControllerActive
                0x10007e08       0x30 Generated_Source\PSoC6\pdl\middleware\ble\lib\cy_ble_stack_gcc_controller_ipc_cm0p.a(ll.o)
                0x10007e08                Cy_BLE_IsControllerActive

i.ll_check_and_mark_packet_ready_for_transmission
                0x10007e38       0x5c
 i.ll_check_and_mark_packet_ready_for_transmission
                0x10007e38       0x5c Generated_Source\PSoC6\pdl\middleware\ble\lib\cy_ble_stack_gcc_controller_ipc_cm0p.a(ll.o)
                0x10007e38                ll_check_and_mark_packet_ready_for_transmission

i.ll_cleanup_pending_data_pdu
                0x10007e94       0x3c
 i.ll_cleanup_pending_data_pdu
                0x10007e94       0x3c Generated_Source\PSoC6\pdl\middleware\ble\lib\cy_ble_stack_gcc_controller_ipc_cm0p.a(ll.o)
                0x10007e94                ll_cleanup_pending_data_pdu

i.ll_dequeue_data_in_pdu_q_mgr
                0x10007ed0      0x144
 i.ll_dequeue_data_in_pdu_q_mgr
                0x10007ed0      0x144 Generated_Source\PSoC6\pdl\middleware\ble\lib\cy_ble_stack_gcc_controller_ipc_cm0p.a(ll.o)
                0x10007ed0                ll_dequeue_data_in_pdu_q_mgr

i.ll_derive_window_offset
                0x10008014       0x20
 i.ll_derive_window_offset
                0x10008014       0x20 Generated_Source\PSoC6\pdl\middleware\ble\lib\cy_ble_stack_gcc_controller_ipc_cm0p.a(ll.o)
                0x10008014                ll_derive_window_offset

i.ll_derive_window_size
                0x10008034        0xc
 i.ll_derive_window_size
                0x10008034        0xc Generated_Source\PSoC6\pdl\middleware\ble\lib\cy_ble_stack_gcc_controller_ipc_cm0p.a(ll.o)
                0x10008034                ll_derive_window_size

i.ll_enqueue_data_in_pdu_q_mgr
                0x10008040       0x84
 i.ll_enqueue_data_in_pdu_q_mgr
                0x10008040       0x84 Generated_Source\PSoC6\pdl\middleware\ble\lib\cy_ble_stack_gcc_controller_ipc_cm0p.a(ll.o)
                0x10008040                ll_enqueue_data_in_pdu_q_mgr

i.ll_enter_dsm_mode
                0x100080c4      0x200
 i.ll_enter_dsm_mode
                0x100080c4      0x200 Generated_Source\PSoC6\pdl\middleware\ble\lib\cy_ble_stack_gcc_controller_ipc_cm0p.a(ll.o)
                0x100080c4                ll_enter_dsm_mode

i.ll_exit_low_power_mode
                0x100082c4       0x6c
 i.ll_exit_low_power_mode
                0x100082c4       0x6c Generated_Source\PSoC6\pdl\middleware\ble\lib\cy_ble_stack_gcc_controller_ipc_cm0p.a(ll.o)
                0x100082c4                ll_exit_low_power_mode

i.ll_get_ack_status
                0x10008330       0x44
 i.ll_get_ack_status
                0x10008330       0x44 Generated_Source\PSoC6\pdl\middleware\ble\lib\cy_ble_stack_gcc_controller_ipc_cm0p.a(ll.o)
                0x10008330                ll_get_ack_status

i.ll_get_ack_status_for_all_connections
                0x10008374       0x38
 i.ll_get_ack_status_for_all_connections
                0x10008374       0x38 Generated_Source\PSoC6\pdl\middleware\ble\lib\cy_ble_stack_gcc_controller_ipc_cm0p.a(ll.o)
                0x10008374                ll_get_ack_status_for_all_connections

i.ll_get_adv_ch_tx_power
                0x100083ac       0x16
 i.ll_get_adv_ch_tx_power
                0x100083ac       0x16 Generated_Source\PSoC6\pdl\middleware\ble\lib\cy_ble_stack_gcc_controller_ipc_cm0p.a(ll.o)
                0x100083ac                ll_get_adv_ch_tx_power

i.ll_get_data_channel_map
                0x100083c2       0x28
 i.ll_get_data_channel_map
                0x100083c2       0x28 Generated_Source\PSoC6\pdl\middleware\ble\lib\cy_ble_stack_gcc_controller_ipc_cm0p.a(ll.o)
                0x100083c2                ll_get_data_channel_map

i.ll_get_max_white_list_size
                0x100083ec        0xc
 i.ll_get_max_white_list_size
                0x100083ec        0xc Generated_Source\PSoC6\pdl\middleware\ble\lib\cy_ble_stack_gcc_controller_ipc_cm0p.a(ll.o)
                0x100083ec                ll_get_max_white_list_size

i.ll_get_my_role
                0x100083f8        0xc
 i.ll_get_my_role
                0x100083f8        0xc Generated_Source\PSoC6\pdl\middleware\ble\lib\cy_ble_stack_gcc_controller_ipc_cm0p.a(ll.o)
                0x100083f8                ll_get_my_role

i.ll_get_next_available_fifo_for_data_pdu
                0x10008404        0x8
 i.ll_get_next_available_fifo_for_data_pdu
                0x10008404        0x8 Generated_Source\PSoC6\pdl\middleware\ble\lib\cy_ble_stack_gcc_controller_ipc_cm0p.a(ll.o)
                0x10008404                ll_get_next_available_fifo_for_data_pdu

i.ll_get_next_available_fifo_for_ll_pdu
                0x1000840c       0x30
 i.ll_get_next_available_fifo_for_ll_pdu
                0x1000840c       0x30 Generated_Source\PSoC6\pdl\middleware\ble\lib\cy_ble_stack_gcc_controller_ipc_cm0p.a(ll.o)
                0x1000840c                ll_get_next_available_fifo_for_ll_pdu

i.ll_get_rssi_value
                0x1000843c       0x28
 i.ll_get_rssi_value
                0x1000843c       0x28 Generated_Source\PSoC6\pdl\middleware\ble\lib\cy_ble_stack_gcc_controller_ipc_cm0p.a(ll.o)
                0x1000843c                ll_get_rssi_value

i.ll_get_transmit_power_level
                0x10008464       0x20
 i.ll_get_transmit_power_level
                0x10008464       0x20 Generated_Source\PSoC6\pdl\middleware\ble\lib\cy_ble_stack_gcc_controller_ipc_cm0p.a(ll.o)
                0x10008464                ll_get_transmit_power_level

i.ll_handle_ack_received
                0x10008484       0x6c
 i.ll_handle_ack_received
                0x10008484       0x6c Generated_Source\PSoC6\pdl\middleware\ble\lib\cy_ble_stack_gcc_controller_ipc_cm0p.a(ll.o)
                0x10008484                ll_handle_ack_received

i.ll_handle_add_device_in_whitelist
                0x100084f0       0xbc
 i.ll_handle_add_device_in_whitelist
                0x100084f0       0xbc Generated_Source\PSoC6\pdl\middleware\ble\lib\cy_ble_stack_gcc_controller_ipc_cm0p.a(ll.o)
                0x100084f0                ll_handle_add_device_in_whitelist

i.ll_handle_clear_whitelist
                0x100085ac       0x2c
 i.ll_handle_clear_whitelist
                0x100085ac       0x2c Generated_Source\PSoC6\pdl\middleware\ble\lib\cy_ble_stack_gcc_controller_ipc_cm0p.a(ll.o)
                0x100085ac                ll_handle_clear_whitelist

i.ll_handle_encrypt_host_data
                0x100085d8       0x36
 i.ll_handle_encrypt_host_data
                0x100085d8       0x36 Generated_Source\PSoC6\pdl\middleware\ble\lib\cy_ble_stack_gcc_controller_ipc_cm0p.a(ll.o)
                0x100085d8                ll_handle_encrypt_host_data

i.ll_handle_host_data_packet
                0x10008610       0xa0
 i.ll_handle_host_data_packet