Archive member included to satisfy reference by file (symbol)

Generated_Source\PSoC6\pdl\middleware\ble\lib\cy_ble_stack_gcc_host_ipc_cm4.a(CyBleStackMgrIP_Interface.o)
                              .\CortexM4\ARM_GCC_541\Debug\cy_ble.o (Cy_BLE_EnableDleFeature)
Generated_Source\PSoC6\pdl\middleware\ble\lib\cy_ble_stack_gcc_host_ipc_cm4.a(BT_os.o)
                              Generated_Source\PSoC6\pdl\middleware\ble\lib\cy_ble_stack_gcc_host_ipc_cm4.a(CyBleStackMgrIP_Interface.o) (cyBleStackMemoryConfig)
Generated_Source\PSoC6\pdl\middleware\ble\lib\cy_ble_stack_gcc_host_ipc_cm4.a(CyBleStackMgr_StackTaskHandler.o)
                              Generated_Source\PSoC6\pdl\middleware\ble\lib\cy_ble_stack_gcc_host_ipc_cm4.a(CyBleStackMgrIP_Interface.o) (CyBle_CreateBleStackTask)
Generated_Source\PSoC6\pdl\middleware\ble\lib\cy_ble_stack_gcc_host_ipc_cm4.a(storage_pl.o)
                              Generated_Source\PSoC6\pdl\middleware\ble\lib\cy_ble_stack_gcc_host_ipc_cm4.a(CyBleStackMgrIP_Interface.o) (storage_manager_init)
Generated_Source\PSoC6\pdl\middleware\ble\lib\cy_ble_stack_gcc_host_ipc_cm4.a(mint_os.o)
                              Generated_Source\PSoC6\pdl\middleware\ble\lib\cy_ble_stack_gcc_host_ipc_cm4.a(CyBleStackMgrIP_Interface.o) (OS_init)
Generated_Source\PSoC6\pdl\middleware\ble\lib\cy_ble_stack_gcc_host_ipc_cm4.a(mint_os_queue.o)
                              Generated_Source\PSoC6\pdl\middleware\ble\lib\cy_ble_stack_gcc_host_ipc_cm4.a(mint_os.o) (OS_TOTAL_QUEUES)
Generated_Source\PSoC6\pdl\middleware\ble\lib\cy_ble_stack_gcc_host_ipc_cm4.a(mint_os_task.o)
                              Generated_Source\PSoC6\pdl\middleware\ble\lib\cy_ble_stack_gcc_host_ipc_cm4.a(mint_os.o) (idle_func_handler)
Generated_Source\PSoC6\pdl\middleware\ble\lib\cy_ble_stack_gcc_host_ipc_cm4.a(mint_buf_mgmt.o)
                              Generated_Source\PSoC6\pdl\middleware\ble\lib\cy_ble_stack_gcc_host_ipc_cm4.a(BT_os.o) (mint_buf_mgmt_allocate_buffer)
Generated_Source\PSoC6\pdl\middleware\ble\lib\cy_ble_stack_gcc_host_ipc_cm4.a(transport_ipc.o)
                              Generated_Source\PSoC6\pdl\middleware\ble\lib\cy_ble_stack_gcc_host_ipc_cm4.a(CyBleStackMgr_StackTaskHandler.o) (CyBleHost_HciIpcFreePktBuffer)
Generated_Source\PSoC6\pdl\middleware\ble\lib\cy_ble_stack_gcc_host_ipc_cm4.a(CyBleStackMgr_PSoCIPCHal.o)
                              Generated_Source\PSoC6\pdl\middleware\ble\lib\cy_ble_stack_gcc_host_ipc_cm4.a(transport_ipc.o) (CyBleHost_IPC_HAL_InitWithStaticMem)
Generated_Source\PSoC6\pdl\middleware\ble\lib\cy_ble_stack_gcc_host_ipc_cm4.a(host_main.o)
                              Generated_Source\PSoC6\pdl\middleware\ble\lib\cy_ble_stack_gcc_host_ipc_cm4.a(CyBleStackMgrIP_Interface.o) (CyBle_HostInit)
Generated_Source\PSoC6\pdl\middleware\ble\lib\cy_ble_stack_gcc_host_ipc_cm4.a(att_api.o)
                              Generated_Source\PSoC6\pdl\middleware\ble\lib\cy_ble_stack_gcc_host_ipc_cm4.a(host_main.o) (BT_att_register)
Generated_Source\PSoC6\pdl\middleware\ble\lib\cy_ble_stack_gcc_host_ipc_cm4.a(att_init.o)
                              Generated_Source\PSoC6\pdl\middleware\ble\lib\cy_ble_stack_gcc_host_ipc_cm4.a(att_api.o) (att_connections)
Generated_Source\PSoC6\pdl\middleware\ble\lib\cy_ble_stack_gcc_host_ipc_cm4.a(att_internal.o)
                              Generated_Source\PSoC6\pdl\middleware\ble\lib\cy_ble_stack_gcc_host_ipc_cm4.a(att_api.o) (att_get_fsm_event)
Generated_Source\PSoC6\pdl\middleware\ble\lib\cy_ble_stack_gcc_host_ipc_cm4.a(BT_common.o)
                              Generated_Source\PSoC6\pdl\middleware\ble\lib\cy_ble_stack_gcc_host_ipc_cm4.a(host_main.o) (BT_bluetooth_off)
Generated_Source\PSoC6\pdl\middleware\ble\lib\cy_ble_stack_gcc_host_ipc_cm4.a(device_queue.o)
                              Generated_Source\PSoC6\pdl\middleware\ble\lib\cy_ble_stack_gcc_host_ipc_cm4.a(host_main.o) (CyBle_DeviceQueueHeapDeInit)
Generated_Source\PSoC6\pdl\middleware\ble\lib\cy_ble_stack_gcc_host_ipc_cm4.a(l2cap.o)
                              Generated_Source\PSoC6\pdl\middleware\ble\lib\cy_ble_stack_gcc_host_ipc_cm4.a(host_main.o) (CyBle_L2capCB)
Generated_Source\PSoC6\pdl\middleware\ble\lib\cy_ble_stack_gcc_host_ipc_cm4.a(l2cap_disconnect.o)
                              Generated_Source\PSoC6\pdl\middleware\ble\lib\cy_ble_stack_gcc_host_ipc_cm4.a(l2cap.o) (l2ca_disconnect_req)
Generated_Source\PSoC6\pdl\middleware\ble\lib\cy_ble_stack_gcc_host_ipc_cm4.a(l2cap_init.o)
                              Generated_Source\PSoC6\pdl\middleware\ble\lib\cy_ble_stack_gcc_host_ipc_cm4.a(l2cap_disconnect.o) (l2cap_fixed_channel)
Generated_Source\PSoC6\pdl\middleware\ble\lib\cy_ble_stack_gcc_host_ipc_cm4.a(l2cap_utils.o)
                              Generated_Source\PSoC6\pdl\middleware\ble\lib\cy_ble_stack_gcc_host_ipc_cm4.a(l2cap_disconnect.o) (l2cap_buffer_dequeue)
Generated_Source\PSoC6\pdl\middleware\ble\lib\cy_ble_stack_gcc_host_ipc_cm4.a(l2cap_lmp.o)
[...]
Memory Configuration

Name             Origin             Length             Attributes
ram              0x08024000         0x00023800         xrw
flash            0x10080000         0x00080000         xr
em_eeprom        0x14000000         0x00008000         xr
sflash_user_data 0x16000800         0x00000800         xr
sflash_nar       0x16001a00         0x00000200         xr
sflash_public_key 0x16005a00         0x00000c00         xr
sflash_toc_2     0x16007c00         0x00000200         xr
sflash_rtoc_2    0x16007e00         0x00000200         xr
xip              0x18000000         0x08000000         xr
efuse            0x90700000         0x00100000         r
*default*        0x00000000         0xffffffff

Linker script and memory map

LOAD c:/program files (x86)/cypress/psoc creator/4.2/psoc creator/import/gnu/arm/5.4.1/bin/../lib/gcc/arm-none-eabi/5.4.1/armv7e-m/softfp/crti.o
LOAD c:/program files (x86)/cypress/psoc creator/4.2/psoc creator/import/gnu/arm/5.4.1/bin/../lib/gcc/arm-none-eabi/5.4.1/armv7e-m/softfp/crtbegin.o
LOAD c:/program files (x86)/cypress/psoc creator/4.2/psoc creator/import/gnu/arm/5.4.1/bin/../lib/gcc/arm-none-eabi/5.4.1/../../../../arm-none-eabi/lib/armv7e-m/softfp/crt0.o
START GROUP
LOAD Generated_Source\PSoC6\pdl\middleware\ble\lib\cy_ble_stack_gcc_host_ipc_cm4.a
LOAD .\CortexM4\ARM_GCC_541\Debug\startup_psoc63_cm4.o
LOAD .\CortexM4\ARM_GCC_541\Debug\main_cm4.o
LOAD .\CortexM4\ARM_GCC_541\Debug\ble_application.o
LOAD .\CortexM4\ARM_GCC_541\Debug\display.o
LOAD .\CortexM4\ARM_GCC_541\Debug\led.o
LOAD .\CortexM4\ARM_GCC_541\Debug\low_power.o
LOAD .\CortexM4\ARM_GCC_541\Debug\screen_contents.o
LOAD .\CortexM4\ARM_GCC_541\Debug\proximity.o
LOAD .\CortexM4\ARM_GCC_541\Debug\system_psoc63_cm4.o
LOAD .\CortexM4\ARM_GCC_541\Debug\cy_eink_library.o
LOAD .\CortexM4\ARM_GCC_541\Debug\cy_eink_fonts.o
LOAD .\CortexM4\ARM_GCC_541\Debug\pervasive_eink_hardware_driver.o
LOAD .\CortexM4\ARM_GCC_541\Debug\cy_eink_psoc_interface.o
LOAD .\CortexM4\ARM_GCC_541\Debug\cy_ipc_config.o
LOAD .\CortexM4\ARM_GCC_541\Debug\cyfitter_sysint_cfg.o
LOAD .\CortexM4\ARM_GCC_541\Debug\cymetadata.o
LOAD .\CortexM4\ARM_GCC_541\Debug\MCWDT_PDL.o
LOAD .\CortexM4\ARM_GCC_541\Debug\BLE.o
LOAD .\CortexM4\ARM_GCC_541\Debug\BLE_config.o
LOAD .\CortexM4\ARM_GCC_541\Debug\BLE_custom_config.o
LOAD .\CortexM4\ARM_GCC_541\Debug\CapSense_Control.o
LOAD .\CortexM4\ARM_GCC_541\Debug\CapSense_Processing.o
LOAD .\CortexM4\ARM_GCC_541\Debug\CapSense_Structure.o
LOAD .\CortexM4\ARM_GCC_541\Debug\CapSense_Tuner.o
LOAD .\CortexM4\ARM_GCC_541\Debug\CapSense_Filter.o
LOAD .\CortexM4\ARM_GCC_541\Debug\CapSense_Sensing.o
LOAD .\CortexM4\ARM_GCC_541\Debug\CapSense_INT.o
LOAD .\CortexM4\ARM_GCC_541\Debug\CapSense_SensingCSD_LL.o
LOAD .\CortexM4\ARM_GCC_541\Debug\CY_EINK_SPIM.o
LOAD .\CortexM4\ARM_GCC_541\Debug\CY_EINK_Timer.o
LOAD .\CortexM4\ARM_GCC_541\Debug\cy_sysint.o
LOAD .\CortexM4\ARM_GCC_541\Debug\cy_ipc_drv.o
LOAD .\CortexM4\ARM_GCC_541\Debug\cy_ipc_sema.o
LOAD .\CortexM4\ARM_GCC_541\Debug\cy_ipc_pipe.o
LOAD .\CortexM4\ARM_GCC_541\Debug\cy_sysclk.o
LOAD .\CortexM4\ARM_GCC_541\Debug\cy_wdt.o
LOAD .\CortexM4\ARM_GCC_541\Debug\cy_mcwdt.o
LOAD .\CortexM4\ARM_GCC_541\Debug\cy_tcpwm_counter.o
LOAD .\CortexM4\ARM_GCC_541\Debug\cy_tcpwm_pwm.o
LOAD .\CortexM4\ARM_GCC_541\Debug\cy_tcpwm_quaddec.o
LOAD .\CortexM4\ARM_GCC_541\Debug\cy_scb_common.o
LOAD .\CortexM4\ARM_GCC_541\Debug\cy_scb_i2c.o
LOAD .\CortexM4\ARM_GCC_541\Debug\cy_scb_ezi2c.o
LOAD .\CortexM4\ARM_GCC_541\Debug\cy_scb_spi.o
LOAD .\CortexM4\ARM_GCC_541\Debug\cy_scb_uart.o
LOAD .\CortexM4\ARM_GCC_541\Debug\cy_efuse.o
LOAD .\CortexM4\ARM_GCC_541\Debug\cy_flash.o
LOAD .\CortexM4\ARM_GCC_541\Debug\cy_gpio.o
LOAD .\CortexM4\ARM_GCC_541\Debug\cy_sysanalog.o
LOAD .\CortexM4\ARM_GCC_541\Debug\cy_syspm.o
LOAD .\CortexM4\ARM_GCC_541\Debug\cy_syslib.o
LOAD .\CortexM4\ARM_GCC_541\Debug\cy_syslib_gcc.o
LOAD .\CortexM4\ARM_GCC_541\Debug\cy_trigmux.o
LOAD .\CortexM4\ARM_GCC_541\Debug\cy_systick.o
LOAD .\CortexM4\ARM_GCC_541\Debug\cy_profile.o
LOAD .\CortexM4\ARM_GCC_541\Debug\cy_prot.o
LOAD .\CortexM4\ARM_GCC_541\Debug\cy_lvd.o
LOAD .\CortexM4\ARM_GCC_541\Debug\cy_ble.o
LOAD .\CortexM4\ARM_GCC_541\Debug\cy_ble_hal_int.o
LOAD .\CortexM4\ARM_GCC_541\Debug\cy_ble_hal_pvt.o
LOAD .\CortexM4\ARM_GCC_541\Debug\cy_ble_gap.o
LOAD .\CortexM4\ARM_GCC_541\Debug\cy_ble_gatt.o
LOAD .\CortexM4\ARM_GCC_541\Debug\cy_ble_event_handler.o
LOAD .\CortexM4\ARM_GCC_541\Debug\cy_ble_ancs.o
LOAD .\CortexM4\ARM_GCC_541\Debug\cy_ble_ans.o
LOAD .\CortexM4\ARM_GCC_541\Debug\cy_ble_aios.o
LOAD .\CortexM4\ARM_GCC_541\Debug\cy_ble_bas.o
LOAD .\CortexM4\ARM_GCC_541\Debug\cy_ble_bcs.o
LOAD .\CortexM4\ARM_GCC_541\Debug\cy_ble_bls.o
LOAD .\CortexM4\ARM_GCC_541\Debug\cy_ble_bms.o
LOAD .\CortexM4\ARM_GCC_541\Debug\cy_ble_bts.o
LOAD .\CortexM4\ARM_GCC_541\Debug\cy_ble_cgms.o
LOAD .\CortexM4\ARM_GCC_541\Debug\cy_ble_cps.o
LOAD .\CortexM4\ARM_GCC_541\Debug\cy_ble_cscs.o
LOAD .\CortexM4\ARM_GCC_541\Debug\cy_ble_cts.o
LOAD .\CortexM4\ARM_GCC_541\Debug\cy_ble_custom.o
LOAD .\CortexM4\ARM_GCC_541\Debug\cy_ble_dis.o
LOAD .\CortexM4\ARM_GCC_541\Debug\cy_ble_ess.o
LOAD .\CortexM4\ARM_GCC_541\Debug\cy_ble_gls.o
LOAD .\CortexM4\ARM_GCC_541\Debug\cy_ble_hids.o
LOAD .\CortexM4\ARM_GCC_541\Debug\cy_ble_hps.o
LOAD .\CortexM4\ARM_GCC_541\Debug\cy_ble_hrs.o
LOAD .\CortexM4\ARM_GCC_541\Debug\cy_ble_hts.o
LOAD .\CortexM4\ARM_GCC_541\Debug\cy_ble_ias.o
LOAD .\CortexM4\ARM_GCC_541\Debug\cy_ble_ips.o
LOAD .\CortexM4\ARM_GCC_541\Debug\cy_ble_lls.o
LOAD .\CortexM4\ARM_GCC_541\Debug\cy_ble_lns.o
LOAD .\CortexM4\ARM_GCC_541\Debug\cy_ble_ndcs.o
LOAD .\CortexM4\ARM_GCC_541\Debug\cy_ble_plxs.o
LOAD .\CortexM4\ARM_GCC_541\Debug\cy_ble_pass.o
LOAD .\CortexM4\ARM_GCC_541\Debug\cy_ble_rscs.o
LOAD .\CortexM4\ARM_GCC_541\Debug\cy_ble_rtus.o
LOAD .\CortexM4\ARM_GCC_541\Debug\cy_ble_scps.o
LOAD .\CortexM4\ARM_GCC_541\Debug\cy_ble_tps.o
LOAD .\CortexM4\ARM_GCC_541\Debug\cy_ble_uds.o
LOAD .\CortexM4\ARM_GCC_541\Debug\cy_ble_wpts.o
LOAD .\CortexM4\ARM_GCC_541\Debug\cy_ble_wss.o
LOAD .\CortexM4\ARM_GCC_541\Debug\cy_ble_clk.o
LOAD .\CortexM4\ARM_GCC_541\Debug\EZI2C.o
LOAD C:\Program Files (x86)\Cypress\PSoC Creator\4.2\PSoC Creator\psoc\content\CyComponentLibrary\CyComponentLibrary.cylib\CapSense_v2_0\Library\CapSense_Library_GCC_M4.a
END GROUP
START GROUP
LOAD c:/program files (x86)/cypress/psoc creator/4.2/psoc creator/import/gnu/arm/5.4.1/bin/../lib/gcc/arm-none-eabi/5.4.1/armv7e-m/softfp\libgcc.a
LOAD c:/program files (x86)/cypress/psoc creator/4.2/psoc creator/import/gnu/arm/5.4.1/bin/../lib/gcc/arm-none-eabi/5.4.1/../../../../arm-none-eabi/lib/armv7e-m/softfp\libg_nano.a
LOAD c:/program files (x86)/cypress/psoc creator/4.2/psoc creator/import/gnu/arm/5.4.1/bin/../lib/gcc/arm-none-eabi/5.4.1/../../../../arm-none-eabi/lib/armv7e-m/softfp\libc_nano.a
END GROUP
START GROUP
LOAD c:/program files (x86)/cypress/psoc creator/4.2/psoc creator/import/gnu/arm/5.4.1/bin/../lib/gcc/arm-none-eabi/5.4.1/armv7e-m/softfp\libgcc.a
LOAD c:/program files (x86)/cypress/psoc creator/4.2/psoc creator/import/gnu/arm/5.4.1/bin/../lib/gcc/arm-none-eabi/5.4.1/../../../../arm-none-eabi/lib/armv7e-m/softfp\libc_nano.a
END GROUP
LOAD c:/program files (x86)/cypress/psoc creator/4.2/psoc creator/import/gnu/arm/5.4.1/bin/../lib/gcc/arm-none-eabi/5.4.1/armv7e-m/softfp/crtend.o
LOAD c:/program files (x86)/cypress/psoc creator/4.2/psoc creator/import/gnu/arm/5.4.1/bin/../lib/gcc/arm-none-eabi/5.4.1/armv7e-m/softfp/crtn.o
START GROUP
LOAD c:/program files (x86)/cypress/psoc creator/4.2/psoc creator/import/gnu/arm/5.4.1/bin/../lib/gcc/arm-none-eabi/5.4.1/armv7e-m/softfp\libgcc.a
LOAD c:/program files (x86)/cypress/psoc creator/4.2/psoc creator/import/gnu/arm/5.4.1/bin/../lib/gcc/arm-none-eabi/5.4.1/../../../../arm-none-eabi/lib/armv7e-m/softfp\libc.a
LOAD c:/program files (x86)/cypress/psoc creator/4.2/psoc creator/import/gnu/arm/5.4.1/bin/../lib/gcc/arm-none-eabi/5.4.1/../../../../arm-none-eabi/lib/armv7e-m/softfp\libnosys.a
END GROUP
START GROUP
LOAD c:/program files (x86)/cypress/psoc creator/4.2/psoc creator/import/gnu/arm/5.4.1/bin/../lib/gcc/arm-none-eabi/5.4.1/armv7e-m/softfp\libgcc.a
LOAD c:/program files (x86)/cypress/psoc creator/4.2/psoc creator/import/gnu/arm/5.4.1/bin/../lib/gcc/arm-none-eabi/5.4.1/../../../../arm-none-eabi/lib/armv7e-m/softfp\libc.a
LOAD c:/program files (x86)/cypress/psoc creator/4.2/psoc creator/import/gnu/arm/5.4.1/bin/../lib/gcc/arm-none-eabi/5.4.1/../../../../arm-none-eabi/lib/armv7e-m/softfp\libm.a
LOAD c:/program files (x86)/cypress/psoc creator/4.2/psoc creator/import/gnu/arm/5.4.1/bin/../lib/gcc/arm-none-eabi/5.4.1/../../../../arm-none-eabi/lib/armv7e-m/softfp\libnosys.a
END GROUP

.text           0x10080000     0x8804
                0x10080000                . = ALIGN (0x4)
                0x10080000                __Vectors = .
 *(.vectors)
 .vectors       0x10080000      0x28c .\CortexM4\ARM_GCC_541\Debug\startup_psoc63_cm4.o
                0x1008028c                . = ALIGN (0x4)
                0x1008028c                __Vectors_End = .
                0x0000028c                __Vectors_Size = (__Vectors_End - __Vectors)
                0x1008028c                __end__ = .
                0x1008028c                . = ALIGN (0x4)
 *(.text*)
 .text          0x1008028c       0x5c c:/program files (x86)/cypress/psoc creator/4.2/psoc creator/import/gnu/arm/5.4.1/bin/../lib/gcc/arm-none-eabi/5.4.1/armv7e-m/softfp/crtbegin.o
 .text          0x100802e8       0x94 .\CortexM4\ARM_GCC_541\Debug\startup_psoc63_cm4.o
                0x100802e8                Cy_OnResetUser
                0x100802ea                Cy_SaveIRQ
                0x100802f2                Cy_RestoreIRQ
                0x100802f8                Reset_Handler
                0x1008035c                tcpwm_1_interrupts_11_IRQHandler
                0x1008035c                cpuss_interrupts_ipc_0_IRQHandler
                0x1008035c                tcpwm_1_interrupts_15_IRQHandler
                0x1008035c                ioss_interrupts_gpio_13_IRQHandler
                0x1008035c                tcpwm_1_interrupts_13_IRQHandler
                0x1008035c                cpuss_interrupts_dw1_8_IRQHandler
                0x1008035c                tcpwm_0_interrupts_0_IRQHandler
                0x1008035c                SysTick_Handler
                0x1008035c                cpuss_interrupt_fm_IRQHandler
                0x1008035c                cpuss_interrupts_ipc_7_IRQHandler
                0x1008035c                tcpwm_1_interrupts_14_IRQHandler
                0x1008035c                cpuss_interrupts_dw0_11_IRQHandler
                0x1008035c                tcpwm_1_interrupts_9_IRQHandler
                0x1008035c                cpuss_interrupts_cm0_cti_1_IRQHandler
                0x1008035c                tcpwm_1_interrupts_22_IRQHandler
                0x1008035c                cpuss_interrupts_dw0_4_IRQHandler
                0x1008035c                PendSV_Handler
                0x1008035c                NMI_Handler
                0x1008035c                cpuss_interrupts_dw1_12_IRQHandler
                0x1008035c                tcpwm_1_interrupts_12_IRQHandler
                0x1008035c                smif_interrupt_IRQHandler
                0x1008035c                tcpwm_1_interrupts_2_IRQHandler
                0x1008035c                cpuss_interrupts_ipc_13_IRQHandler
                0x1008035c                udb_interrupts_11_IRQHandler
                0x1008035c                tcpwm_1_interrupts_18_IRQHandler
                0x1008035c                cpuss_interrupts_ipc_6_IRQHandler
                0x1008035c                tcpwm_0_interrupts_2_IRQHandler
                0x1008035c                cpuss_interrupts_dw0_13_IRQHandler
                0x1008035c                udb_interrupts_2_IRQHandler
                0x1008035c                cpuss_interrupts_dw1_7_IRQHandler
                0x1008035c                ioss_interrupts_gpio_1_IRQHandler
                0x1008035c                ioss_interrupts_gpio_7_IRQHandler
                0x1008035c                scb_5_interrupt_IRQHandler
                0x1008035c                udb_interrupts_6_IRQHandler
                0x1008035c                cpuss_interrupts_fault_1_IRQHandler
                0x1008035c                cpuss_interrupts_ipc_4_IRQHandler
                0x1008035c                cpuss_interrupts_ipc_5_IRQHandler
                0x1008035c                cpuss_interrupts_dw1_10_IRQHandler
                0x1008035c                udb_interrupts_0_IRQHandler
                0x1008035c                tcpwm_1_interrupts_6_IRQHandler
                0x1008035c                scb_4_interrupt_IRQHandler
                0x1008035c                pass_interrupt_dacs_IRQHandler
                0x1008035c                ioss_interrupts_gpio_2_IRQHandler
                0x1008035c                cpuss_interrupts_dw1_9_IRQHandler
                0x1008035c                cpuss_interrupts_dw1_13_IRQHandler
                0x1008035c                scb_2_interrupt_IRQHandler
                0x1008035c                cpuss_interrupts_cm0_cti_0_IRQHandler
                0x1008035c                udb_interrupts_5_IRQHandler
                0x1008035c                srss_interrupt_IRQHandler
                0x1008035c                udb_interrupts_12_IRQHandler
                0x1008035c                scb_0_interrupt_IRQHandler
                0x1008035c                csd_interrupt_IRQHandler
                0x1008035c                udb_interrupts_1_IRQHandler
                0x1008035c                profile_interrupt_IRQHandler
                0x1008035c                tcpwm_1_interrupts_1_IRQHandler
                0x1008035c                cpuss_interrupts_ipc_12_IRQHandler
                0x1008035c                tcpwm_1_interrupts_3_IRQHandler
                0x1008035c                tcpwm_0_interrupts_7_IRQHandler
                0x1008035c                cpuss_interrupts_dw1_1_IRQHandler
                0x1008035c                cpuss_interrupts_dw1_0_IRQHandler
                0x1008035c                cpuss_interrupts_dw0_9_IRQHandler
                0x1008035c                DebugMon_Handler
                0x1008035c                cpuss_interrupts_dw0_5_IRQHandler
                0x1008035c                udb_interrupts_4_IRQHandler
                0x1008035c                tcpwm_1_interrupts_20_IRQHandler
                0x1008035c                ioss_interrupt_gpio_IRQHandler
                0x1008035c                tcpwm_0_interrupts_1_IRQHandler
                0x1008035c                ioss_interrupts_gpio_8_IRQHandler
                0x1008035c                tcpwm_0_interrupts_6_IRQHandler
                0x1008035c                scb_7_interrupt_IRQHandler
                0x1008035c                tcpwm_1_interrupts_7_IRQHandler
                0x1008035c                cpuss_interrupts_ipc_11_IRQHandler
                0x1008035c                udb_interrupts_13_IRQHandler
                0x1008035c                cpuss_interrupts_dw0_15_IRQHandler
                0x1008035c                udb_interrupts_7_IRQHandler
                0x1008035c                cpuss_interrupts_dw1_6_IRQHandler
                0x1008035c                cpuss_interrupt_crypto_IRQHandler
                0x1008035c                scb_1_interrupt_IRQHandler
                0x1008035c                Default_Handler
                0x1008035c                usb_interrupt_hi_IRQHandler
                0x1008035c                tcpwm_1_interrupts_0_IRQHandler
                0x1008035c                udb_interrupts_9_IRQHandler
                0x1008035c                audioss_interrupt_pdm_IRQHandler
                0x1008035c                srss_interrupt_mcwdt_0_IRQHandler
                0x1008035c                scb_3_interrupt_IRQHandler
                0x1008035c                pass_interrupt_ctbs_IRQHandler
                0x1008035c                udb_interrupts_8_IRQHandler
                0x1008035c                ioss_interrupts_gpio_3_IRQHandler
                0x1008035c                scb_6_interrupt_IRQHandler
                0x1008035c                cpuss_interrupts_cm4_cti_0_IRQHandler
                0x1008035c                cpuss_interrupts_dw1_3_IRQHandler
                0x1008035c                pass_interrupt_sar_IRQHandler
                0x1008035c                ioss_interrupts_gpio_0_IRQHandler
                0x1008035c                ioss_interrupts_gpio_14_IRQHandler
                0x1008035c                tcpwm_0_interrupts_4_IRQHandler
                0x1008035c                udb_interrupts_3_IRQHandler
                0x1008035c                tcpwm_0_interrupts_5_IRQHandler
                0x1008035c                cpuss_interrupts_ipc_15_IRQHandler
                0x1008035c                cpuss_interrupts_cm4_cti_1_IRQHandler
                0x1008035c                scb_8_interrupt_IRQHandler
                0x1008035c                srss_interrupt_mcwdt_1_IRQHandler
                0x1008035c                cpuss_interrupts_dw1_2_IRQHandler
                0x1008035c                SVC_Handler
                0x1008035c                cpuss_interrupts_dw1_5_IRQHandler
                0x1008035c                cpuss_interrupts_ipc_1_IRQHandler
                0x1008035c                cpuss_interrupts_dw0_0_IRQHandler
                0x1008035c                ioss_interrupts_gpio_12_IRQHandler
                0x1008035c                cpuss_interrupts_ipc_3_IRQHandler
                0x1008035c                tcpwm_1_interrupts_17_IRQHandler
                0x1008035c                srss_interrupt_backup_IRQHandler
                0x1008035c                bless_interrupt_IRQHandler
                0x1008035c                cpuss_interrupts_ipc_10_IRQHandler
                0x1008035c                cpuss_interrupts_ipc_9_IRQHandler
                0x1008035c                cpuss_interrupts_dw0_14_IRQHandler
                0x1008035c                tcpwm_1_interrupts_4_IRQHandler
                0x1008035c                tcpwm_0_interrupts_3_IRQHandler
                0x1008035c                cpuss_interrupts_dw1_15_IRQHandler
                0x1008035c                ioss_interrupts_gpio_10_IRQHandler
                0x1008035c                udb_interrupts_10_IRQHandler
                0x1008035c                cpuss_interrupts_dw0_8_IRQHandler
                0x1008035c                ioss_interrupts_gpio_11_IRQHandler
                0x1008035c                cpuss_interrupts_ipc_14_IRQHandler
                0x1008035c                ioss_interrupts_gpio_5_IRQHandler
                0x1008035c                ioss_interrupts_gpio_4_IRQHandler
                0x1008035c                tcpwm_1_interrupts_8_IRQHandler
                0x1008035c                cpuss_interrupts_dw1_14_IRQHandler
                0x1008035c                usb_interrupt_med_IRQHandler
                0x1008035c                cpuss_interrupts_dw0_2_IRQHandler
                0x1008035c                tcpwm_1_interrupts_23_IRQHandler
                0x1008035c                tcpwm_1_interrupts_10_IRQHandler
                0x1008035c                cpuss_interrupts_fault_0_IRQHandler
                0x1008035c                cpuss_interrupts_dw0_12_IRQHandler
                0x1008035c                ioss_interrupts_gpio_6_IRQHandler
                0x1008035c                tcpwm_1_interrupts_21_IRQHandler
                0x1008035c                tcpwm_1_interrupts_16_IRQHandler
                0x1008035c                cpuss_interrupts_dw1_4_IRQHandler
                0x1008035c                udb_interrupts_15_IRQHandler
                0x1008035c                cpuss_interrupts_dw1_11_IRQHandler
                0x1008035c                cpuss_interrupts_dw0_6_IRQHandler
                0x1008035c                ioss_interrupt_vdd_IRQHandler
                0x1008035c                cpuss_interrupts_dw0_7_IRQHandler
                0x1008035c                audioss_interrupt_i2s_IRQHandler
                0x1008035c                tcpwm_1_interrupts_5_IRQHandler
                0x1008035c                cpuss_interrupts_ipc_2_IRQHandler
                0x1008035c                cpuss_interrupts_dw0_10_IRQHandler
                0x1008035c                tcpwm_1_interrupts_19_IRQHandler
                0x1008035c                cpuss_interrupts_dw0_1_IRQHandler
                0x1008035c                lpcomp_interrupt_IRQHandler
                0x1008035c                ioss_interrupts_gpio_9_IRQHandler
                0x1008035c                usb_interrupt_lo_IRQHandler
                0x1008035c                cpuss_interrupts_ipc_8_IRQHandler
                0x1008035c                udb_interrupts_14_IRQHandler
                0x1008035c                cpuss_interrupts_dw0_3_IRQHandler
                0x10080360                UsageFault_Handler
                0x10080360                HardFault_Handler
                0x10080360                MemManage_Handler
                0x10080360                BusFault_Handler
 .text.main     0x1008037c       0x68 .\CortexM4\ARM_GCC_541\Debug\main_cm4.o
                0x1008037c                main
 .text.UpdateCccdStatusInGattDb
                0x100803e4       0x50 .\CortexM4\ARM_GCC_541\Debug\ble_application.o
                0x100803e4                UpdateCccdStatusInGattDb
 .text.SendCapSenseProximityNotification
                0x10080434       0x4c .\CortexM4\ARM_GCC_541\Debug\ble_application.o
                0x10080434                SendCapSenseProximityNotification
 .text.HandleDisconnectEventforProximity
                0x10080480       0x14 .\CortexM4\ARM_GCC_541\Debug\ble_application.o
                0x10080480                HandleDisconnectEventforProximity
 .text.HandleWriteRequestforProximity
                0x10080494       0x1c .\CortexM4\ARM_GCC_541\Debug\ble_application.o
                0x10080494                HandleWriteRequestforProximity
 .text.StackEventHandler
                0x100804b0       0x58 .\CortexM4\ARM_GCC_541\Debug\ble_application.o
                0x100804b0                StackEventHandler
 .text.ProcessBleEvents
                0x10080508       0xac .\CortexM4\ARM_GCC_541\Debug\ble_application.o
                0x10080508                ProcessBleEvents
 .text.InitBle  0x100805b4       0x10 .\CortexM4\ARM_GCC_541\Debug\ble_application.o
                0x100805b4                InitBle
 .text.RestartBleAdvertisement
                0x100805c4        0xc .\CortexM4\ARM_GCC_541\Debug\ble_application.o
                0x100805c4                RestartBleAdvertisement
 .text.IsBleReadyForLowPowerMode
                0x100805d0       0x48 .\CortexM4\ARM_GCC_541\Debug\ble_application.o
                0x100805d0                IsBleReadyForLowPowerMode
 .text.InitDisplay
                0x10080618       0x2c .\CortexM4\ARM_GCC_541\Debug\display.o
                0x10080618                InitDisplay
 .text.DisplayInstructions
                0x10080644       0x5c .\CortexM4\ARM_GCC_541\Debug\display.o
                0x10080644                DisplayInstructions
 .text.UpdateStatusLEDs
                0x100806a0       0x70 .\CortexM4\ARM_GCC_541\Debug\led.o
                0x100806a0                UpdateStatusLEDs
 .text.ServiceStatusLEDs
                0x10080710       0x58 .\CortexM4\ARM_GCC_541\Debug\led.o
                0x10080710                ServiceStatusLEDs
 .text.IsLEDperiodicToggleActive
                0x10080768       0x1c .\CortexM4\ARM_GCC_541\Debug\led.o
                0x10080768                IsLEDperiodicToggleActive
 .text.IsrMcwdt
                0x10080784       0x3c .\CortexM4\ARM_GCC_541\Debug\low_power.o
                0x10080784                IsrMcwdt
 .text.isrGPIO  0x100807c0       0x3c .\CortexM4\ARM_GCC_541\Debug\low_power.o
                0x100807c0                isrGPIO
 .text.InitLowPower
                0x100807fc       0xb4 .\CortexM4\ARM_GCC_541\Debug\low_power.o
                0x100807fc                InitLowPower
 .text.HandleLowPowerMode
                0x100808b0       0x9c .\CortexM4\ARM_GCC_541\Debug\low_power.o
                0x100808b0                HandleLowPowerMode
 .text.GetProximityData
                0x1008094c      0x108 .\CortexM4\ARM_GCC_541\Debug\proximity.o
                0x1008094c                GetProximityData
 .text.IsCapSenseReadyForLowPowerMode
                0x10080a54       0x10 .\CortexM4\ARM_GCC_541\Debug\proximity.o
                0x10080a54                IsCapSenseReadyForLowPowerMode
 .text.InitCapSense
                0x10080a64        0x8 .\CortexM4\ARM_GCC_541\Debug\proximity.o
                0x10080a64                InitCapSense
 .text.Cy_SystemInit
                0x10080a6c        0x4 .\CortexM4\ARM_GCC_541\Debug\system_psoc63_cm4.o
                0x10080a6c                Cy_SystemInit
 .text.SystemCoreClockUpdate
                0x10080a70      0x190 .\CortexM4\ARM_GCC_541\Debug\system_psoc63_cm4.o
                0x10080a70                SystemCoreClockUpdate
 .text.SystemInit
                0x10080c00       0x48 .\CortexM4\ARM_GCC_541\Debug\system_psoc63_cm4.o
                0x10080c00                SystemInit
 .text.Cy_SystemInitFpuEnable
                0x10080c48       0x28 .\CortexM4\ARM_GCC_541\Debug\system_psoc63_cm4.o
                0x10080c48                Cy_SystemInitFpuEnable
 .text.Cy_EINK_Start
                0x10080c70       0x10 .\CortexM4\ARM_GCC_541\Debug\cy_eink_library.o
                0x10080c70                Cy_EINK_Start
 .text.Cy_EINK_Power
                0x10080c80       0x18 .\CortexM4\ARM_GCC_541\Debug\cy_eink_library.o
                0x10080c80                Cy_EINK_Power
 .text.Cy_EINK_Clear
                0x10080c98       0x44 .\CortexM4\ARM_GCC_541\Debug\cy_eink_library.o
                0x10080c98                Cy_EINK_Clear
 .text.Cy_EINK_ShowFrame
                0x10080cdc       0x54 .\CortexM4\ARM_GCC_541\Debug\cy_eink_library.o
                0x10080cdc                Cy_EINK_ShowFrame
 .text.Cy_EINK_ImageToFrameBuffer
                0x10080d30       0x30 .\CortexM4\ARM_GCC_541\Debug\cy_eink_library.o
                0x10080d30                Cy_EINK_ImageToFrameBuffer
 .text.Cy_EINK_TextToFrameBuffer
                0x10080d60      0x118 .\CortexM4\ARM_GCC_541\Debug\cy_eink_library.o
                0x10080d60                Cy_EINK_TextToFrameBuffer
 .text.Pv_EINK_SendData
                0x10080e78       0x4c .\CortexM4\ARM_GCC_541\Debug\pervasive_eink_hardware_driver.o
                0x10080e78                Pv_EINK_SendData
 .text.Pv_EINK_SendByte
                0x10080ec4       0x18 .\CortexM4\ARM_GCC_541\Debug\pervasive_eink_hardware_driver.o
                0x10080ec4                Pv_EINK_SendByte
 .text.Pv_EINK_ReadByte
                0x10080edc       0x30 .\CortexM4\ARM_GCC_541\Debug\pervasive_eink_hardware_driver.o
                0x10080edc                Pv_EINK_ReadByte
 .text.Pv_EINK_Init
                0x10080f0c       0x34 .\CortexM4\ARM_GCC_541\Debug\pervasive_eink_hardware_driver.o
                0x10080f0c                Pv_EINK_Init
 .text.Pv_EINK_InitDriver
                0x10080f40      0x118 .\CortexM4\ARM_GCC_541\Debug\pervasive_eink_hardware_driver.o
                0x10080f40                Pv_EINK_InitDriver
 .text.Pv_EINK_SetTempFactor
                0x10081058       0x58 .\CortexM4\ARM_GCC_541\Debug\pervasive_eink_hardware_driver.o
                0x10081058                Pv_EINK_SetTempFactor
 .text.Pv_EINK_FullStageHandler
                0x100810b0      0x424 .\CortexM4\ARM_GCC_541\Debug\pervasive_eink_hardware_driver.o
                0x100810b0                Pv_EINK_FullStageHandler
 .text.Pv_EINK_PartialStageHandler
                0x100814d4      0x228 .\CortexM4\ARM_GCC_541\Debug\pervasive_eink_hardware_driver.o
                0x100814d4                Pv_EINK_PartialStageHandler
 .text.Pv_EINK_NothingFrame
                0x100816fc       0x5c .\CortexM4\ARM_GCC_541\Debug\pervasive_eink_hardware_driver.o
                0x100816fc                Pv_EINK_NothingFrame
 .text.Pv_EINK_DummyLine
                0x10081758       0x34 .\CortexM4\ARM_GCC_541\Debug\pervasive_eink_hardware_driver.o
                0x10081758                Pv_EINK_DummyLine
 .text.Pv_EINK_HardwarePowerOn
                0x1008178c       0x44 .\CortexM4\ARM_GCC_541\Debug\pervasive_eink_hardware_driver.o
                0x1008178c                Pv_EINK_HardwarePowerOn
 .text.Pv_EINK_HardwarePowerOff
                0x100817d0       0xa8 .\CortexM4\ARM_GCC_541\Debug\pervasive_eink_hardware_driver.o
                0x100817d0                Pv_EINK_HardwarePowerOff
 .text.Cy_EINK_TimerInit
                0x10081878       0x14 .\CortexM4\ARM_GCC_541\Debug\cy_eink_psoc_interface.o
                0x10081878                Cy_EINK_TimerInit
 .text.Cy_EINK_GetTimeTick
                0x1008188c        0xc .\CortexM4\ARM_GCC_541\Debug\cy_eink_psoc_interface.o
                0x1008188c                Cy_EINK_GetTimeTick
 .text.Cy_EINK_TimerStop
                0x10081898        0xc .\CortexM4\ARM_GCC_541\Debug\cy_eink_psoc_interface.o
                0x10081898                Cy_EINK_TimerStop
 .text.Cy_EINK_InitSPI
                0x100818a4       0x30 .\CortexM4\ARM_GCC_541\Debug\cy_eink_psoc_interface.o
                0x100818a4                Cy_EINK_InitSPI
 .text.Cy_EINK_AttachSPI
                0x100818d4       0x1c .\CortexM4\ARM_GCC_541\Debug\cy_eink_psoc_interface.o
                0x100818d4                Cy_EINK_AttachSPI
 .text.Cy_EINK_DetachSPI
                0x100818f0       0x14 .\CortexM4\ARM_GCC_541\Debug\cy_eink_psoc_interface.o
                0x100818f0                Cy_EINK_DetachSPI
 .text.Cy_EINK_WriteSPI
                0x10081904       0x60 .\CortexM4\ARM_GCC_541\Debug\cy_eink_psoc_interface.o
                0x10081904                Cy_EINK_WriteSPI
 .text.Cy_EINK_ReadSPI
                0x10081964       0x68 .\CortexM4\ARM_GCC_541\Debug\cy_eink_psoc_interface.o
                0x10081964                Cy_EINK_ReadSPI
 .text.Cy_EINK_IsBusy
                0x100819cc       0x18 .\CortexM4\ARM_GCC_541\Debug\cy_eink_psoc_interface.o
                0x100819cc                Cy_EINK_IsBusy
 .text.Cy_IPC_SystemPipeIsr
                0x100819e4        0xc .\CortexM4\ARM_GCC_541\Debug\cy_ipc_config.o
 .text.Cy_IPC_SystemSemaInit
                0x100819f0       0x10 .\CortexM4\ARM_GCC_541\Debug\cy_ipc_config.o
                0x100819f0                Cy_IPC_SystemSemaInit
 .text.Cy_IPC_SystemPipeInit
                0x10081a00       0x24 .\CortexM4\ARM_GCC_541\Debug\cy_ipc_config.o
                0x10081a00                Cy_IPC_SystemPipeInit
 .text.Cy_BLE_Start
                0x10081a24       0x38 .\CortexM4\ARM_GCC_541\Debug\BLE.o
                0x10081a24                Cy_BLE_Start
 .text.CapSense_Initialize
                0x10081a5c       0x24 .\CortexM4\ARM_GCC_541\Debug\CapSense_Control.o
                0x10081a5c                CapSense_Initialize
 .text.CapSense_Start
                0x10081a80       0x24 .\CortexM4\ARM_GCC_541\Debug\CapSense_Control.o
                0x10081a80                CapSense_Start
 .text.CapSense_ProcessAllWidgets
                0x10081aa4       0x44 .\CortexM4\ARM_GCC_541\Debug\CapSense_Control.o
                0x10081aa4                CapSense_ProcessAllWidgets
 .text.CapSense_Sleep
                0x10081ae8        0x4 .\CortexM4\ARM_GCC_541\Debug\CapSense_Control.o
                0x10081ae8                CapSense_Sleep
 .text.CapSense_Wakeup
                0x10081aec        0x4 .\CortexM4\ARM_GCC_541\Debug\CapSense_Control.o
                0x10081aec                CapSense_Wakeup
 .text.CapSense_DpInitialize
                0x10081af0       0x58 .\CortexM4\ARM_GCC_541\Debug\CapSense_Processing.o
                0x10081af0                CapSense_DpInitialize
 .text.CapSense_DpUpdateDifferences
                0x10081b48       0x18 .\CortexM4\ARM_GCC_541\Debug\CapSense_Processing.o
                0x10081b48                CapSense_DpUpdateDifferences
 .text.CapSense_DpProcessCsdWidgetRawCounts
                0x10081b60       0x38 .\CortexM4\ARM_GCC_541\Debug\CapSense_Processing.o
                0x10081b60                CapSense_DpProcessCsdWidgetRawCounts
 .text.CapSense_DpProcessButton
                0x10081b98       0x64 .\CortexM4\ARM_GCC_541\Debug\CapSense_Processing.o
                0x10081b98                CapSense_DpProcessButton
 .text.CapSense_DpProcessCsdWidgetStatus
                0x10081bfc       0x64 .\CortexM4\ARM_GCC_541\Debug\CapSense_Processing.o
                0x10081bfc                CapSense_DpProcessCsdWidgetStatus
 .text.CapSense_DsInitialize
                0x10081c60       0x44 .\CortexM4\ARM_GCC_541\Debug\CapSense_Structure.o
                0x10081c60                CapSense_DsInitialize
 .text.CapSense_IsAnyWidgetActive
                0x10081ca4       0x20 .\CortexM4\ARM_GCC_541\Debug\CapSense_Structure.o
                0x10081ca4                CapSense_IsAnyWidgetActive
 .text.CapSense_TuInitialize
                0x10081cc4       0x14 .\CortexM4\ARM_GCC_541\Debug\CapSense_Tuner.o
                0x10081cc4                CapSense_TuInitialize
 .text.CapSense_RunTuner
                0x10081cd8      0x110 .\CortexM4\ARM_GCC_541\Debug\CapSense_Tuner.o
                0x10081cd8                CapSense_RunTuner
 .text.CapSense_FtInitialize
                0x10081de8        0x4 .\CortexM4\ARM_GCC_541\Debug\CapSense_Filter.o
                0x10081de8                CapSense_FtInitialize
 .text.CapSense_FtInitializeBaselineChannel
                0x10081dec       0x20 .\CortexM4\ARM_GCC_541\Debug\CapSense_Filter.o
                0x10081dec                CapSense_FtInitializeBaselineChannel
 .text.CapSense_FtInitializeBaseline
                0x10081e0c       0x20 .\CortexM4\ARM_GCC_541\Debug\CapSense_Filter.o
                0x10081e0c                CapSense_FtInitializeBaseline
 .text.CapSense_InitializeSensorBaseline
                0x10081e2c       0x28 .\CortexM4\ARM_GCC_541\Debug\CapSense_Filter.o
                0x10081e2c                CapSense_InitializeSensorBaseline
 .text.CapSense_InitializeWidgetBaseline
                0x10081e54       0x28 .\CortexM4\ARM_GCC_541\Debug\CapSense_Filter.o
                0x10081e54                CapSense_InitializeWidgetBaseline
 .text.CapSense_InitializeAllBaselines
                0x10081e7c       0x18 .\CortexM4\ARM_GCC_541\Debug\CapSense_Filter.o
                0x10081e7c                CapSense_InitializeAllBaselines
 .text.CapSense_FtIIR1stOrder
                0x10081e94       0x14 .\CortexM4\ARM_GCC_541\Debug\CapSense_Filter.o
                0x10081e94                CapSense_FtIIR1stOrder
 .text.CapSense_FtUpdateBaseline
                0x10081ea8       0xa0 .\CortexM4\ARM_GCC_541\Debug\CapSense_Filter.o
                0x10081ea8                CapSense_FtUpdateBaseline
 .text.CapSense_SsSetWidgetSenseClkSrc
                0x10081f48        0x8 .\CortexM4\ARM_GCC_541\Debug\CapSense_Sensing.o
 .text.CapSense_IsBusy
                0x10081f50       0x10 .\CortexM4\ARM_GCC_541\Debug\CapSense_Sensing.o
                0x10081f50                CapSense_IsBusy
 .text.CapSense_SetupWidget
                0x10081f60       0x44 .\CortexM4\ARM_GCC_541\Debug\CapSense_Sensing.o
                0x10081f60                CapSense_SetupWidget
 .text.CapSense_Scan
                0x10081fa4       0x1c .\CortexM4\ARM_GCC_541\Debug\CapSense_Sensing.o
                0x10081fa4                CapSense_Scan
 .text.CapSense_ScanAllWidgets
                0x10081fc0       0x54 .\CortexM4\ARM_GCC_541\Debug\CapSense_Sensing.o
                0x10081fc0                CapSense_ScanAllWidgets
 .text.CapSense_SsSetIOsInDefaultState
                0x10082014       0x28 .\CortexM4\ARM_GCC_541\Debug\CapSense_Sensing.o
                0x10082014                CapSense_SsSetIOsInDefaultState
 .text.CapSense_SsPostAllWidgetsScan
                0x1008203c       0x7c .\CortexM4\ARM_GCC_541\Debug\CapSense_Sensing.o
                0x1008203c                CapSense_SsPostAllWidgetsScan
 .text.CapSense_SsIsrInitialize
                0x100820b8       0x58 .\CortexM4\ARM_GCC_541\Debug\CapSense_Sensing.o
                0x100820b8                CapSense_SsIsrInitialize
 .text.CapSense_SsInitializeSourceSenseClk
                0x10082110       0x24 .\CortexM4\ARM_GCC_541\Debug\CapSense_Sensing.o
                0x10082110                CapSense_SsInitializeSourceSenseClk
 .text.CapSense_SsInitialize
                0x10082134       0x14 .\CortexM4\ARM_GCC_541\Debug\CapSense_Sensing.o
                0x10082134                CapSense_SsInitialize
 .text.CapSense_SsClearCSDSensors
                0x10082148       0x3c .\CortexM4\ARM_GCC_541\Debug\CapSense_Sensing.o
                0x10082148                CapSense_SsClearCSDSensors
 .text.CapSense_BistDischargeExtCapacitors
                0x10082184       0x38 .\CortexM4\ARM_GCC_541\Debug\CapSense_Sensing.o
                0x10082184                CapSense_BistDischargeExtCapacitors
 .text.CapSense_SsCSDPostScan
                0x100821bc       0x54 .\CortexM4\ARM_GCC_541\Debug\CapSense_INT.o
 .text.CapSense_SsCSDInitNextScan
                0x10082210       0x9c .\CortexM4\ARM_GCC_541\Debug\CapSense_INT.o
 .text.CapSense_CSDPostMultiScan
                0x100822ac       0x44 .\CortexM4\ARM_GCC_541\Debug\CapSense_INT.o
                0x100822ac                CapSense_CSDPostMultiScan
 .text.CapSense_SsCSDSetModeSnsClockDivider
                0x100822f0       0x10 .\CortexM4\ARM_GCC_541\Debug\CapSense_SensingCSD_LL.o
 .text.CapSense_SsCSDSetFilterDelay
                0x10082300       0x54 .\CortexM4\ARM_GCC_541\Debug\CapSense_SensingCSD_LL.o
 .text.CapSense_SsCSDConfigIDACs
                0x10082354       0x10 .\CortexM4\ARM_GCC_541\Debug\CapSense_SensingCSD_LL.o
 .text.CapSense_SsCSDCmodPrecharge
                0x10082364       0x6c .\CortexM4\ARM_GCC_541\Debug\CapSense_SensingCSD_LL.o
 .text.CapSense_SsCSDTriggerScan
                0x100823d0       0x8c .\CortexM4\ARM_GCC_541\Debug\CapSense_SensingCSD_LL.o
 .text.CapSense_SsCSDInitialize
                0x1008245c      0x128 .\CortexM4\ARM_GCC_541\Debug\CapSense_SensingCSD_LL.o
                0x1008245c                CapSense_SsCSDInitialize
 .text.CapSense_SsCSDSetUpIdacs
                0x10082584       0x2c .\CortexM4\ARM_GCC_541\Debug\CapSense_SensingCSD_LL.o
                0x10082584                CapSense_SsCSDSetUpIdacs
 .text.CapSense_SsCSDGetNumberOfConversions
                0x100825b0       0x2c .\CortexM4\ARM_GCC_541\Debug\CapSense_SensingCSD_LL.o
                0x100825b0                CapSense_SsCSDGetNumberOfConversions
 .text.CapSense_SsCSDConfigClock
                0x100825dc       0x30 .\CortexM4\ARM_GCC_541\Debug\CapSense_SensingCSD_LL.o
                0x100825dc                CapSense_SsCSDConfigClock
 .text.CapSense_SsCSDCalculateScanDuration
                0x1008260c       0x18 .\CortexM4\ARM_GCC_541\Debug\CapSense_SensingCSD_LL.o
                0x1008260c                CapSense_SsCSDCalculateScanDuration
 .text.CapSense_SsCSDStartSample
                0x10082624       0x44 .\CortexM4\ARM_GCC_541\Debug\CapSense_SensingCSD_LL.o
                0x10082624                CapSense_SsCSDStartSample
 .text.CapSense_CSDScanExt
                0x10082668       0x20 .\CortexM4\ARM_GCC_541\Debug\CapSense_SensingCSD_LL.o
                0x10082668                CapSense_CSDScanExt
 .text.CapSense_CSDConnectSns
                0x10082688       0x98 .\CortexM4\ARM_GCC_541\Debug\CapSense_SensingCSD_LL.o
                0x10082688                CapSense_CSDConnectSns
 .text.CapSense_CSDScan
                0x10082720       0x74 .\CortexM4\ARM_GCC_541\Debug\CapSense_SensingCSD_LL.o
                0x10082720                CapSense_CSDScan
 .text.CapSense_SsCSDConnectSensorExt
                0x10082794       0x24 .\CortexM4\ARM_GCC_541\Debug\CapSense_SensingCSD_LL.o
                0x10082794                CapSense_SsCSDConnectSensorExt
 .text.CapSense_CSDDisconnectSns
                0x100827b8       0xa4 .\CortexM4\ARM_GCC_541\Debug\CapSense_SensingCSD_LL.o
                0x100827b8                CapSense_CSDDisconnectSns
 .text.CapSense_SsCSDElectrodeCheck
                0x1008285c       0x24 .\CortexM4\ARM_GCC_541\Debug\CapSense_SensingCSD_LL.o
                0x1008285c                CapSense_SsCSDElectrodeCheck
 .text.CapSense_CSDSetupWidget
                0x10082880       0x54 .\CortexM4\ARM_GCC_541\Debug\CapSense_SensingCSD_LL.o
                0x10082880                CapSense_CSDSetupWidget
 .text.CY_EINK_Timer_Start
                0x100828d4       0x30 .\CortexM4\ARM_GCC_541\Debug\CY_EINK_Timer.o
                0x100828d4                CY_EINK_Timer_Start
 .text.Cy_SysInt_SetVector
                0x10082904       0x44 .\CortexM4\ARM_GCC_541\Debug\cy_sysint.o
                0x10082904                Cy_SysInt_SetVector
 .text.Cy_SysInt_Init
                0x10082948       0x7c .\CortexM4\ARM_GCC_541\Debug\cy_sysint.o
                0x10082948                Cy_SysInt_Init
 .text.Cy_IPC_Drv_LockRelease
                0x100829c4       0x30 .\CortexM4\ARM_GCC_541\Debug\cy_ipc_drv.o
                0x100829c4                Cy_IPC_Drv_LockRelease
 .text.Cy_IPC_Drv_SendMsgWord
                0x100829f4       0x3c .\CortexM4\ARM_GCC_541\Debug\cy_ipc_drv.o
                0x100829f4                Cy_IPC_Drv_SendMsgWord
 .text.Cy_IPC_Drv_ReadMsgWord
                0x10082a30       0x2c .\CortexM4\ARM_GCC_541\Debug\cy_ipc_drv.o
                0x10082a30                Cy_IPC_Drv_ReadMsgWord
 .text.Cy_IPC_Sema_Init
                0x10082a5c       0xb0 .\CortexM4\ARM_GCC_541\Debug\cy_ipc_sema.o
                0x10082a5c                Cy_IPC_Sema_Init
 .text.Cy_IPC_Sema_Clear
                0x10082b0c       0x88 .\CortexM4\ARM_GCC_541\Debug\cy_ipc_sema.o
                0x10082b0c                Cy_IPC_Sema_Clear
 .text.Cy_IPC_Sema_Status
                0x10082b94       0x40 .\CortexM4\ARM_GCC_541\Debug\cy_ipc_sema.o
                0x10082b94                Cy_IPC_Sema_Status
 .text.Cy_IPC_Pipe_Config
                0x10082bd4       0x10 .\CortexM4\ARM_GCC_541\Debug\cy_ipc_pipe.o
                0x10082bd4                Cy_IPC_Pipe_Config
 .text.Cy_IPC_Pipe_EndpointInit
                0x10082be4       0xc8 .\CortexM4\ARM_GCC_541\Debug\cy_ipc_pipe.o
                0x10082be4                Cy_IPC_Pipe_EndpointInit
 .text.Cy_IPC_Pipe_Init
                0x10082cac       0xc4 .\CortexM4\ARM_GCC_541\Debug\cy_ipc_pipe.o
                0x10082cac                Cy_IPC_Pipe_Init
 .text.Cy_IPC_Pipe_SendMessage
                0x10082d70       0xc0 .\CortexM4\ARM_GCC_541\Debug\cy_ipc_pipe.o
                0x10082d70                Cy_IPC_Pipe_SendMessage
 .text.Cy_IPC_Pipe_RegisterCallback
                0x10082e30       0x60 .\CortexM4\ARM_GCC_541\Debug\cy_ipc_pipe.o
                0x10082e30                Cy_IPC_Pipe_RegisterCallback
 .text.Cy_IPC_Pipe_RegisterCallbackRel
                0x10082e90       0x3c .\CortexM4\ARM_GCC_541\Debug\cy_ipc_pipe.o
                0x10082e90                Cy_IPC_Pipe_RegisterCallbackRel
 .text.Cy_IPC_Pipe_ExecCallback
                0x10082ecc       0xb0 .\CortexM4\ARM_GCC_541\Debug\cy_ipc_pipe.o
                0x10082ecc                Cy_IPC_Pipe_ExecCallback
 .text.Cy_IPC_Pipe_ExecuteCallback
                0x10082f7c       0x3c .\CortexM4\ARM_GCC_541\Debug\cy_ipc_pipe.o
                0x10082f7c                Cy_IPC_Pipe_ExecuteCallback
 .text.Cy_IPC_Pipe_EndpointPause
                0x10082fb8       0x60 .\CortexM4\ARM_GCC_541\Debug\cy_ipc_pipe.o
                0x10082fb8                Cy_IPC_Pipe_EndpointPause
 .text.Cy_IPC_Pipe_EndpointResume
                0x10083018       0x58 .\CortexM4\ARM_GCC_541\Debug\cy_ipc_pipe.o
                0x10083018                Cy_IPC_Pipe_EndpointResume
 .text.Cy_MCWDT_Init
                0x10083070       0xe4 .\CortexM4\ARM_GCC_541\Debug\cy_mcwdt.o
                0x10083070                Cy_MCWDT_Init
 .text.Cy_TCPWM_Counter_Init
                0x10083154      0x110 .\CortexM4\ARM_GCC_541\Debug\cy_tcpwm_counter.o
                0x10083154                Cy_TCPWM_Counter_Init
 .text.Cy_SCB_ReadArrayNoCheck
                0x10083264       0x38 .\CortexM4\ARM_GCC_541\Debug\cy_scb_common.o
                0x10083264                Cy_SCB_ReadArrayNoCheck
 .text.Cy_SCB_ReadArray
                0x1008329c       0x1c .\CortexM4\ARM_GCC_541\Debug\cy_scb_common.o
                0x1008329c                Cy_SCB_ReadArray
 .text.Cy_SCB_Write
                0x100832b8       0x28 .\CortexM4\ARM_GCC_541\Debug\cy_scb_common.o
                0x100832b8                Cy_SCB_Write
 .text.Cy_SCB_WriteArrayNoCheck
                0x100832e0       0x38 .\CortexM4\ARM_GCC_541\Debug\cy_scb_common.o
                0x100832e0                Cy_SCB_WriteArrayNoCheck
 .text.Cy_SCB_WriteArray
                0x10083318       0x2c .\CortexM4\ARM_GCC_541\Debug\cy_scb_common.o
                0x10083318                Cy_SCB_WriteArray
 .text.Cy_SCB_WriteDefaultArrayNoCheck
                0x10083344       0x10 .\CortexM4\ARM_GCC_541\Debug\cy_scb_common.o
                0x10083344                Cy_SCB_WriteDefaultArrayNoCheck
 .text.Cy_SCB_WriteDefaultArray
                0x10083354       0x2c .\CortexM4\ARM_GCC_541\Debug\cy_scb_common.o
                0x10083354                Cy_SCB_WriteDefaultArray
 .text.HandleErrors
                0x10083380       0x30 .\CortexM4\ARM_GCC_541\Debug\cy_scb_ezi2c.o
 .text.HandleStop
                0x100833b0       0x94 .\CortexM4\ARM_GCC_541\Debug\cy_scb_ezi2c.o
 .text.UpdateAddressMask
                0x10083444       0x24 .\CortexM4\ARM_GCC_541\Debug\cy_scb_ezi2c.o
 .text.HandleAddress
                0x10083468      0x104 .\CortexM4\ARM_GCC_541\Debug\cy_scb_ezi2c.o
 .text.HandleDataTransmit
                0x1008356c       0x2c .\CortexM4\ARM_GCC_541\Debug\cy_scb_ezi2c.o
 .text.UpdateRxFifoLevel
                0x10083598       0x64 .\CortexM4\ARM_GCC_541\Debug\cy_scb_ezi2c.o
 .text.HandleDataReceive
                0x100835fc      0x124 .\CortexM4\ARM_GCC_541\Debug\cy_scb_ezi2c.o
 .text.Cy_SCB_EZI2C_SetAddress1
                0x10083720       0x4c .\CortexM4\ARM_GCC_541\Debug\cy_scb_ezi2c.o
                0x10083720                Cy_SCB_EZI2C_SetAddress1
 .text.Cy_SCB_EZI2C_SetBuffer1
                0x1008376c       0x34 .\CortexM4\ARM_GCC_541\Debug\cy_scb_ezi2c.o
                0x1008376c                Cy_SCB_EZI2C_SetBuffer1
 .text.Cy_SCB_EZI2C_SetAddress2
                0x100837a0       0x38 .\CortexM4\ARM_GCC_541\Debug\cy_scb_ezi2c.o
                0x100837a0                Cy_SCB_EZI2C_SetAddress2
 .text.Cy_SCB_EZI2C_Init
                0x100837d8      0x124 .\CortexM4\ARM_GCC_541\Debug\cy_scb_ezi2c.o
                0x100837d8                Cy_SCB_EZI2C_Init
 .text.Cy_SCB_EZI2C_Interrupt
                0x100838fc       0xd4 .\CortexM4\ARM_GCC_541\Debug\cy_scb_ezi2c.o
                0x100838fc                Cy_SCB_EZI2C_Interrupt
 .text.Cy_SCB_SPI_Init
                0x100839d0      0x28c .\CortexM4\ARM_GCC_541\Debug\cy_scb_spi.o
                0x100839d0                Cy_SCB_SPI_Init
 .text.Cy_SCB_SPI_Disable
                0x10083c5c       0x24 .\CortexM4\ARM_GCC_541\Debug\cy_scb_spi.o
                0x10083c5c                Cy_SCB_SPI_Disable
 .text.Cy_Flash_ProcessOpcode
                0x10083c80       0xac .\CortexM4\ARM_GCC_541\Debug\cy_flash.o
 .text.Cy_Flash_OperationStatus
                0x10083d2c       0x44 .\CortexM4\ARM_GCC_541\Debug\cy_flash.o
 .text.Cy_Flash_Init
                0x10083d70       0x4c .\CortexM4\ARM_GCC_541\Debug\cy_flash.o
                0x10083d70                Cy_Flash_Init
 .text.Cy_GPIO_Pin_FastInit
                0x10083dbc       0xf0 .\CortexM4\ARM_GCC_541\Debug\cy_gpio.o
                0x10083dbc                Cy_GPIO_Pin_FastInit
 .text.SaveRegisters
                0x10083eac       0x48 .\CortexM4\ARM_GCC_541\Debug\cy_syspm.o
 .text.RestoreRegisters
                0x10083ef4       0x48 .\CortexM4\ARM_GCC_541\Debug\cy_syspm.o
 .text.Cy_SysPm_RegisterCallback
                0x10083f3c       0x70 .\CortexM4\ARM_GCC_541\Debug\cy_syspm.o
                0x10083f3c                Cy_SysPm_RegisterCallback
 .text.Cy_SysPm_UnregisterCallback
                0x10083fac       0x60 .\CortexM4\ARM_GCC_541\Debug\cy_syspm.o
                0x10083fac                Cy_SysPm_UnregisterCallback
 .text.Cy_SysPm_ExecuteCallback
                0x1008400c       0xc0 .\CortexM4\ARM_GCC_541\Debug\cy_syspm.o
                0x1008400c                Cy_SysPm_ExecuteCallback
 .text.Cy_SysPm_DeepSleep
                0x100840cc      0x10c .\CortexM4\ARM_GCC_541\Debug\cy_syspm.o
                0x100840cc                Cy_SysPm_DeepSleep
 .text.Cy_SysLib_Delay
                0x100841d8       0x30 .\CortexM4\ARM_GCC_541\Debug\cy_syslib.o
                0x100841d8                Cy_SysLib_Delay
 .text.Cy_SysLib_DelayUs
                0x10084208       0x14 .\CortexM4\ARM_GCC_541\Debug\cy_syslib.o
                0x10084208                Cy_SysLib_DelayUs
 .text.Cy_SysLib_Halt
                0x1008421c        0x4 .\CortexM4\ARM_GCC_541\Debug\cy_syslib.o
                0x1008421c                Cy_SysLib_Halt
 .text.Cy_SysLib_AssertFailed
                0x10084220       0x1c .\CortexM4\ARM_GCC_541\Debug\cy_syslib.o
                0x10084220                Cy_SysLib_AssertFailed
 .text.Cy_SysLib_ProcessingFault
                0x1008423c        0x4 .\CortexM4\ARM_GCC_541\Debug\cy_syslib.o
                0x1008423c                Cy_SysLib_ProcessingFault
 .text.Cy_SysLib_FaultHandler
                0x10084240       0xa4 .\CortexM4\ARM_GCC_541\Debug\cy_syslib.o
                0x10084240                Cy_SysLib_FaultHandler
 *fill*         0x100842e4        0x4 
 .text          0x100842e8       0x20 .\CortexM4\ARM_GCC_541\Debug\cy_syslib_gcc.o
                0x100842e8                Cy_SysLib_DelayCycles
                0x100842fa                Cy_SysLib_EnterCriticalSection
                0x10084302                Cy_SysLib_ExitCriticalSection
 .text.Cy_BLE_DeepSleepCallback
                0x10084308       0x8c .\CortexM4\ARM_GCC_541\Debug\cy_ble.o
                0x10084308                Cy_BLE_DeepSleepCallback
 .text.Cy_BLE_SleepCallback
                0x10084394       0x68 .\CortexM4\ARM_GCC_541\Debug\cy_ble.o
                0x10084394                Cy_BLE_SleepCallback
 .text.Cy_BLE_UnregisterHostPMCallbacks
                0x100843fc       0x18 .\CortexM4\ARM_GCC_541\Debug\cy_ble.o
                0x100843fc                Cy_BLE_UnregisterHostPMCallbacks
 .text.Cy_BLE_Init
                0x10084414       0x48 .\CortexM4\ARM_GCC_541\Debug\cy_ble.o
                0x10084414                Cy_BLE_Init
 .text.Cy_BLE_Enable
                0x1008445c       0xe8 .\CortexM4\ARM_GCC_541\Debug\cy_ble.o
                0x1008445c                Cy_BLE_Enable
 .text.Cy_BLE_IPC_HostMsgFlushRecvCallBack
                0x10084544       0x1c .\CortexM4\ARM_GCC_541\Debug\cy_ble_hal_pvt.o
 .text.Cy_BLE_IPC_HostMsgRecvCallBack
                0x10084560       0x1c .\CortexM4\ARM_GCC_541\Debug\cy_ble_hal_pvt.o
 .text.Cy_BLE_HAL_BlockCalcCRC8
                0x1008457c       0x34 .\CortexM4\ARM_GCC_541\Debug\cy_ble_hal_pvt.o
                0x1008457c                Cy_BLE_HAL_BlockCalcCRC8
 .text.Cy_BLE_HAL_EnterCriticalSection
                0x100845b0        0x8 .\CortexM4\ARM_GCC_541\Debug\cy_ble_hal_pvt.o
                0x100845b0                Cy_BLE_HAL_EnterCriticalSection
 .text.Cy_BLE_HAL_ExitCriticalSection
                0x100845b8        0x8 .\CortexM4\ARM_GCC_541\Debug\cy_ble_hal_pvt.o
                0x100845b8                Cy_BLE_HAL_ExitCriticalSection
 .text.Cy_BLE_Ipc_Cypipe_Isr_Enable
                0x100845c0        0xc .\CortexM4\ARM_GCC_541\Debug\cy_ble_hal_pvt.o
                0x100845c0                Cy_BLE_Ipc_Cypipe_Isr_Enable
 .text.Cy_BLE_HAL_EnableGlobalInterrupts
                0x100845cc        0x8 .\CortexM4\ARM_GCC_541\Debug\cy_ble_hal_pvt.o
                0x100845cc                Cy_BLE_HAL_EnableGlobalInterrupts
 .text.Cy_BLE_Ipc_Cypipe_Isr_Disable
                0x100845d4        0xc .\CortexM4\ARM_GCC_541\Debug\cy_ble_hal_pvt.o
                0x100845d4                Cy_BLE_Ipc_Cypipe_Isr_Disable
 .text.Cy_BLE_HAL_DisableGlobalInterrupts
                0x100845e0        0x8 .\CortexM4\ARM_GCC_541\Debug\cy_ble_hal_pvt.o
                0x100845e0                Cy_BLE_HAL_DisableGlobalInterrupts
 .text.Cy_BLE_IPC_HostRegisterClientCallbacks
                0x100845e8       0x34 .\CortexM4\ARM_GCC_541\Debug\cy_ble_hal_pvt.o
                0x100845e8                Cy_BLE_IPC_HostRegisterClientCallbacks
 .text.Cy_BLE_IPC_SendMessageToController
                0x1008461c       0x20 .\CortexM4\ARM_GCC_541\Debug\cy_ble_hal_pvt.o
                0x1008461c                Cy_BLE_IPC_SendMessageToController
 .text.Cy_BLE_HAL_EccHeapInit
                0x1008463c        0x4 .\CortexM4\ARM_GCC_541\Debug\cy_ble_hal_pvt.o
                0x1008463c                Cy_BLE_HAL_EccHeapInit
 .text.Cy_BLE_HAL_EccHeapDeInit
                0x10084640        0x4 .\CortexM4\ARM_GCC_541\Debug\cy_ble_hal_pvt.o
                0x10084640                Cy_BLE_HAL_EccHeapDeInit
 .text.Cy_BLE_HAL_EccGetFeatureHeapReq
                0x10084644        0x4 .\CortexM4\ARM_GCC_541\Debug\cy_ble_hal_pvt.o
                0x10084644                Cy_BLE_HAL_EccGetFeatureHeapReq
 .text.Cy_BLE_HAL_PairingLocalPublicKeyHandler
                0x10084648        0x8 .\CortexM4\ARM_GCC_541\Debug\cy_ble_hal_pvt.o
                0x10084648                Cy_BLE_HAL_PairingLocalPublicKeyHandler
 .text.Cy_BLE_HAL_PairingRemoteKeyHandler
                0x10084650        0x8 .\CortexM4\ARM_GCC_541\Debug\cy_ble_hal_pvt.o
                0x10084650                Cy_BLE_HAL_PairingRemoteKeyHandler
 .text.Cy_BLE_HAL_PairingDhkeyHandler
                0x10084658        0x8 .\CortexM4\ARM_GCC_541\Debug\cy_ble_hal_pvt.o
                0x10084658                Cy_BLE_HAL_PairingDhkeyHandler
 .text.Cy_BLE_HAL_PairingDhkeyCheckHandler
                0x10084660        0x8 .\CortexM4\ARM_GCC_541\Debug\cy_ble_hal_pvt.o
                0x10084660                Cy_BLE_HAL_PairingDhkeyCheckHandler
 .text.Cy_BLE_HAL_PairingKeypressNotificationHandler
                0x10084668        0x8 .\CortexM4\ARM_GCC_541\Debug\cy_ble_hal_pvt.o
                0x10084668                Cy_BLE_HAL_PairingKeypressNotificationHandler
 .text.Cy_BLE_HAL_PairingRandHandler
                0x10084670        0x8 .\CortexM4\ARM_GCC_541\Debug\cy_ble_hal_pvt.o
                0x10084670                Cy_BLE_HAL_PairingRandHandler
 .text.Cy_BLE_HAL_PairingConfirmHandler
                0x10084678        0x8 .\CortexM4\ARM_GCC_541\Debug\cy_ble_hal_pvt.o
                0x10084678                Cy_BLE_HAL_PairingConfirmHandler
 .text.Cy_BLE_HAL_PairingLrConfirmingHandler
                0x10084680        0x8 .\CortexM4\ARM_GCC_541\Debug\cy_ble_hal_pvt.o
                0x10084680                Cy_BLE_HAL_PairingLrConfirmingHandler
 .text.Cy_BLE_HAL_PairingScTbxLocalPubkeyGenerateComplete
                0x10084688        0x8 .\CortexM4\ARM_GCC_541\Debug\cy_ble_hal_pvt.o
                0x10084688                Cy_BLE_HAL_PairingScTbxLocalPubkeyGenerateComplete
 .text.Cy_BLE_HAL_PairingScTbxGenerateLocalP256PublicKey
                0x10084690        0x8 .\CortexM4\ARM_GCC_541\Debug\cy_ble_hal_pvt.o
                0x10084690                Cy_BLE_HAL_PairingScTbxGenerateLocalP256PublicKey
 .text.Cy_BLE_HAL_SeSmpScUserPasskeyHandler
                0x10084698        0x8 .\CortexM4\ARM_GCC_541\Debug\cy_ble_hal_pvt.o
                0x10084698                Cy_BLE_HAL_SeSmpScUserPasskeyHandler
 .text.Cy_BLE_HAL_EccPointMult
                0x100846a0        0x4 .\CortexM4\ARM_GCC_541\Debug\cy_ble_hal_pvt.o
                0x100846a0                Cy_BLE_HAL_EccPointMult
 .text.Cy_BLE_ServiceInit
                0x100846a4       0x10 .\CortexM4\ARM_GCC_541\Debug\cy_ble_gap.o
                0x100846a4                Cy_BLE_ServiceInit
 .text.Cy_BLE_GAPP_StartAdvertisement
                0x100846b4      0x120 .\CortexM4\ARM_GCC_541\Debug\cy_ble_gap.o
                0x100846b4                Cy_BLE_GAPP_StartAdvertisement
 .text.Cy_BLE_ChangeAdDeviceAddress
                0x100847d4       0x5c .\CortexM4\ARM_GCC_541\Debug\cy_ble_gap.o
                0x100847d4                Cy_BLE_ChangeAdDeviceAddress
 .text.Cy_BLE_GATTS_WriteAttributeValueCCCD
                0x10084830       0x50 .\CortexM4\ARM_GCC_541\Debug\cy_ble_gatt.o
                0x10084830                Cy_BLE_GATTS_WriteAttributeValueCCCD
 .text.Cy_BLE_GATTS_WriteEventHandler
                0x10084880       0x84 .\CortexM4\ARM_GCC_541\Debug\cy_ble_gatt.o
                0x10084880                Cy_BLE_GATTS_WriteEventHandler
 .text.Cy_BLE_GATTS_ReadAttributeValueCCCDReqHandler
                0x10084904       0x58 .\CortexM4\ARM_GCC_541\Debug\cy_ble_gatt.o
                0x10084904                Cy_BLE_GATTS_ReadAttributeValueCCCDReqHandler
 .text.Cy_BLE_SendWriteResponse
                0x1008495c       0x44 .\CortexM4\ARM_GCC_541\Debug\cy_ble_event_handler.o
 .text.Cy_BLE_RegisterServiceEventHandler
                0x100849a0       0x5c .\CortexM4\ARM_GCC_541\Debug\cy_ble_event_handler.o
                0x100849a0                Cy_BLE_RegisterServiceEventHandler
 .text.Cy_BLE_InvokeServiceEventHandler
                0x100849fc       0x38 .\CortexM4\ARM_GCC_541\Debug\cy_ble_event_handler.o
                0x100849fc                Cy_BLE_InvokeServiceEventHandler
 .text.Cy_BLE_IsDeviceAddressValid
                0x10084a34       0x20 .\CortexM4\ARM_GCC_541\Debug\cy_ble_event_handler.o
                0x10084a34                Cy_BLE_IsDeviceAddressValid
 .text.Cy_BLE_EventHandler
                0x10084a54      0x5e4 .\CortexM4\ARM_GCC_541\Debug\cy_ble_event_handler.o
                0x10084a54                Cy_BLE_EventHandler
 .text.Cy_BLE_CUSTOM_EventHandler
                0x10085038        0x4 .\CortexM4\ARM_GCC_541\Debug\cy_ble_custom.o
 .text.Cy_BLE_CUSTOM_Init
                0x1008503c       0x20 .\CortexM4\ARM_GCC_541\Debug\cy_ble_custom.o
                0x1008503c                Cy_BLE_CUSTOM_Init
 .text.EZI2C_Interrupt
                0x1008505c       0x14 .\CortexM4\ARM_GCC_541\Debug\EZI2C.o
 .text.EZI2C_Start
                0x10085070       0x64 .\CortexM4\ARM_GCC_541\Debug\EZI2C.o
                0x10085070                EZI2C_Start
 .text.memcmp   0x100850d4       0x1e c:/program files (x86)/cypress/psoc creator/4.2/psoc creator/import/gnu/arm/5.4.1/bin/../lib/gcc/arm-none-eabi/5.4.1/../../../../arm-none-eabi/lib/armv7e-m/softfp\libg_nano.a(lib_a-memcmp.o)
                0x100850d4                memcmp
 .text.memcpy   0x100850f2       0x16 c:/program files (x86)/cypress/psoc creator/4.2/psoc creator/import/gnu/arm/5.4.1/bin/../lib/gcc/arm-none-eabi/5.4.1/../../../../arm-none-eabi/lib/armv7e-m/softfp\libg_nano.a(lib_a-memcpy-stub.o)
                0x100850f2                memcpy
 .text.memset   0x10085108       0x10 c:/program files (x86)/cypress/psoc creator/4.2/psoc creator/import/gnu/arm/5.4.1/bin/../lib/gcc/arm-none-eabi/5.4.1/../../../../arm-none-eabi/lib/armv7e-m/softfp\libg_nano.a(lib_a-memset.o)
                0x10085108                memset
 .text.strncpy  0x10085118       0x26 c:/program files (x86)/cypress/psoc creator/4.2/psoc creator/import/gnu/arm/5.4.1/bin/../lib/gcc/arm-none-eabi/5.4.1/../../../../arm-none-eabi/lib/armv7e-m/softfp\libg_nano.a(lib_a-strncpy.o)
                0x10085118                strncpy
 *(.init)
 *fill*         0x1008513e        0x2 
 .init          0x10085140        0x4 c:/program files (x86)/cypress/psoc creator/4.2/psoc creator/import/gnu/arm/5.4.1/bin/../lib/gcc/arm-none-eabi/5.4.1/armv7e-m/softfp/crti.o
                0x10085140                _init
 .init          0x10085144        0x8 c:/program files (x86)/cypress/psoc creator/4.2/psoc creator/import/gnu/arm/5.4.1/bin/../lib/gcc/arm-none-eabi/5.4.1/armv7e-m/softfp/crtn.o
 *(.fini)
 .fini          0x1008514c        0x4 c:/program files (x86)/cypress/psoc creator/4.2/psoc creator/import/gnu/arm/5.4.1/bin/../lib/gcc/arm-none-eabi/5.4.1/armv7e-m/softfp/crti.o
                0x1008514c                _fini
 .fini          0x10085150        0x8 c:/program files (x86)/cypress/psoc creator/4.2/psoc creator/import/gnu/arm/5.4.1/bin/../lib/gcc/arm-none-eabi/5.4.1/armv7e-m/softfp/crtn.o
 .fini.__stub   0x10085158       0x20 linker stubs
 *crtbegin.o(.ctors)
 *crtbegin?.o(.ctors)
 *(EXCLUDE_FILE(*crtend.o *crtend?.o) .ctors)
 *(SORT(.ctors.*))
 *(.ctors)
 *crtbegin.o(.dtors)
 *crtbegin?.o(.dtors)
 *(EXCLUDE_FILE(*crtend.o *crtend?.o) .dtors)
 *(SORT(.dtors.*))
 *(.dtors)
 *(.rodata .rodata.* .constdata .constdata.* .conststring .conststring.*)
 .rodata        0x10085178        0x4 .\CortexM4\ARM_GCC_541\Debug\display.o
 .rodata        0x1008517c     0x183d .\CortexM4\ARM_GCC_541\Debug\screen_contents.o
                0x1008517c                logoAndHeading
                0x1008682c                instructions
 *fill*         0x100869b9        0x3 
 .rodata        0x100869bc     0x1028 .\CortexM4\ARM_GCC_541\Debug\cy_eink_fonts.o
                0x100869bc                cy_eink_fontData16By16
                0x1008757c                cy_eink_fontData8By12
 .rodata        0x100879e4        0xc .\CortexM4\ARM_GCC_541\Debug\pervasive_eink_hardware_driver.o
                0x100879e4                channelSelect
                0x100879ec                scanTable
 .rodata        0x100879f0       0x34 .\CortexM4\ARM_GCC_541\Debug\cy_ipc_config.o
 .rodata        0x10087a24       0x28 .\CortexM4\ARM_GCC_541\Debug\cyfitter_sysint_cfg.o
                0x10087a24                CapSense_ISR_cfg
                0x10087a2c                CY_EINK_SPIM_SCB_IRQ_cfg
                0x10087a34                EZI2C_SCB_IRQ_cfg
                0x10087a3c                isr_MCWDT_cfg
                0x10087a44                isr_gpio_cfg
 .rodata        0x10087a4c        0xc .\CortexM4\ARM_GCC_541\Debug\MCWDT_PDL.o
                0x10087a4c                MCWDT_config
 .rodata        0x10087a58      0x17a .\CortexM4\ARM_GCC_541\Debug\BLE_config.o
 *fill*         0x10087bd2        0x2 
 .rodata        0x10087bd4        0x8 .\CortexM4\ARM_GCC_541\Debug\BLE_custom_config.o
 .rodata.str1.4
                0x10087bdc       0x2d .\CortexM4\ARM_GCC_541\Debug\CapSense_Processing.o
 *fill*         0x10087c09        0x3 
 .rodata        0x10087c0c      0x1f4 .\CortexM4\ARM_GCC_541\Debug\CapSense_Structure.o
                0x10087c0c                CapSense_ramWidgetInit
                0x10087c98                CapSense_dsFlash
                0x10087db0                CapSense_ioList
 .rodata        0x10087e00        0x1 .\CortexM4\ARM_GCC_541\Debug\CapSense_Sensing.o
                0x10087e00                CapSense_scanFreqIndex
 *fill*         0x10087e01        0x3 
 .rodata.str1.4
                0x10087e04       0x3d .\CortexM4\ARM_GCC_541\Debug\CapSense_SensingCSD_LL.o
 *fill*         0x10087e41        0x3 
 .rodata        0x10087e44       0x34 .\CortexM4\ARM_GCC_541\Debug\CY_EINK_SPIM.o
                0x10087e44                CY_EINK_SPIM_config
 .rodata        0x10087e78       0x4c .\CortexM4\ARM_GCC_541\Debug\CY_EINK_Timer.o
                0x10087e78                CY_EINK_Timer_config
 .rodata.str1.4
                0x10087ec4       0x41 .\CortexM4\ARM_GCC_541\Debug\cy_sysint.o
 *fill*         0x10087f05        0x3 
 .rodata.str1.4
                0x10087f08       0x7f .\CortexM4\ARM_GCC_541\Debug\cy_ipc_drv.o
 *fill*         0x10087f87        0x1 
 .rodata.str1.4
                0x10087f88       0x3f .\CortexM4\ARM_GCC_541\Debug\cy_ipc_sema.o
 *fill*         0x10087fc7        0x1 
 .rodata.str1.4
                0x10087fc8       0x40 .\CortexM4\ARM_GCC_541\Debug\cy_ipc_pipe.o
                                 0x7f (size before relaxing)
 .rodata.str1.4
                0x10088008       0x3f .\CortexM4\ARM_GCC_541\Debug\cy_mcwdt.o
 *fill*         0x10088047        0x1 
 .rodata.str1.4
                0x10088048       0x85 .\CortexM4\ARM_GCC_541\Debug\cy_scb_ezi2c.o
 *fill*         0x100880cd        0x3 
 .rodata.str1.4
                0x100880d0       0x3f .\CortexM4\ARM_GCC_541\Debug\cy_scb_spi.o
                                 0x83 (size before relaxing)
 *fill*         0x1008810f        0x1 
 .rodata.str1.4
                0x10088110       0x7d .\CortexM4\ARM_GCC_541\Debug\cy_gpio.o
 *fill*         0x1008818d        0x3 
 .rodata.str1.4
                0x10088190       0x3f .\CortexM4\ARM_GCC_541\Debug\cy_syspm.o
 *fill*         0x100881cf        0x1 
 .rodata        0x100881d0       0x10 .\CortexM4\ARM_GCC_541\Debug\cy_ble.o
 .rodata        0x100881e0      0x100 .\CortexM4\ARM_GCC_541\Debug\cy_ble_hal_pvt.o
 .rodata        0x100882e0        0x2 .\CortexM4\ARM_GCC_541\Debug\cy_ble_event_handler.o
 *fill*         0x100882e2        0x2 
 .rodata.str1.4
                0x100882e4       0x38 .\CortexM4\ARM_GCC_541\Debug\cy_ble_event_handler.o
                                 0x37 (size before relaxing)
 .rodata        0x1008831c        0x5 .\CortexM4\ARM_GCC_541\Debug\EZI2C.o
                0x1008831c                EZI2C_config
 *fill*         0x10088321        0x1 
 .constdata     0x10088322       0x18 Generated_Source\PSoC6\pdl\middleware\ble\lib\cy_ble_stack_gcc_host_ipc_cm4.a(BT_os.o)
                0x10088322                cyBleStackMemoryConfig
 *fill*         0x1008833a        0x2 
 .constdata     0x1008833c       0x58 Generated_Source\PSoC6\pdl\middleware\ble\lib\cy_ble_stack_gcc_host_ipc_cm4.a(l2cap_init.o)
                0x1008833c                l2cap_le_sig_handler
 .constdata     0x10088394       0x3c Generated_Source\PSoC6\pdl\middleware\ble\lib\cy_ble_stack_gcc_host_ipc_cm4.a(fsm_engine_pl.o)
                0x10088394                fsm_module_table
 .constdata     0x100883d0      0x110 Generated_Source\PSoC6\pdl\middleware\ble\lib\cy_ble_stack_gcc_host_ipc_cm4.a(gap_hci_iface.o)
                0x100883d0                hciCommandCompleteEventHandlers
 .constdata     0x100884e0       0x20 Generated_Source\PSoC6\pdl\middleware\ble\lib\cy_ble_stack_gcc_host_ipc_cm4.a(gap_privacy.o)
 .constdata     0x10088500       0x32 Generated_Source\PSoC6\pdl\middleware\ble\lib\cy_ble_stack_gcc_host_ipc_cm4.a(smp_core.o)
                0x10088500                smp_iocap_assoc_map
                0x10088519                smp_sc_iocap_assoc_map
 *fill*         0x10088532        0x2 
 .constdata     0x10088534        0xc Generated_Source\PSoC6\pdl\middleware\ble\lib\cy_ble_stack_gcc_host_ipc_cm4.a(smp_interface.o)
                0x10088534                smp_event_fp
 .constdata     0x10088540       0x22 Generated_Source\PSoC6\pdl\middleware\ble\lib\cy_ble_stack_gcc_host_ipc_cm4.a(smp_utils.o)
                0x10088540                smp_event_map
 *fill*         0x10088562        0x2 
 .constdata     0x10088564       0xb4 Generated_Source\PSoC6\pdl\middleware\ble\lib\cy_ble_stack_gcc_host_ipc_cm4.a(smp_fsm_table.o)
                0x10088564                smp_state_event_table
 .constdata     0x10088618      0x110 Generated_Source\PSoC6\pdl\middleware\ble\lib\cy_ble_stack_gcc_host_ipc_cm4.a(smp_fsm_table.o)
                0x10088618                smp_event_handler_table
 .constdata     0x10088728       0x20 Generated_Source\PSoC6\pdl\middleware\ble\lib\cy_ble_stack_gcc_host_ipc_cm4.a(aes_cmac.o)
                0x10088728                cmac_zero_data
                0x10088738                cmac_rb_data
 .constdata     0x10088748       0x60 Generated_Source\PSoC6\pdl\middleware\ble\lib\cy_ble_stack_gcc_host_ipc_cm4.a(att_fsm_table.o)
                0x10088748                att_state_event_table
 .constdata     0x100887a8       0x58 Generated_Source\PSoC6\pdl\middleware\ble\lib\cy_ble_stack_gcc_host_ipc_cm4.a(att_fsm_table.o)
                0x100887a8                att_event_handler_table
 *(.eh_frame*)
 .eh_frame      0x10088800        0x0 c:/program files (x86)/cypress/psoc creator/4.2/psoc creator/import/gnu/arm/5.4.1/bin/../lib/gcc/arm-none-eabi/5.4.1/armv7e-m/softfp/crtbegin.o
 .eh_frame      0x10088800        0x4 c:/program files (x86)/cypress/psoc creator/4.2/psoc creator/import/gnu/arm/5.4.1/bin/../lib/gcc/arm-none-eabi/5.4.1/armv7e-m/softfp/crtend.o

.glue_7         0x10088804        0x0
 .glue_7        0x10088804        0x0 linker stubs

.glue_7t        0x10088804        0x0
 .glue_7t       0x10088804        0x0 linker stubs

.vfp11_veneer   0x10088804        0x0
 .vfp11_veneer  0x10088804        0x0 linker stubs

.v4_bx          0x10088804        0x0
 .v4_bx         0x10088804        0x0 linker stubs

.iplt           0x10088804        0x0
 .iplt          0x10088804        0x0 c:/program files (x86)/cypress/psoc creator/4.2/psoc creator/import/gnu/arm/5.4.1/bin/../lib/gcc/arm-none-eabi/5.4.1/armv7e-m/softfp/crtbegin.o

i.CyBleStackMgr_Init
                0x10088804       0xdc
 i.CyBleStackMgr_Init
                0x10088804       0xdc Generated_Source\PSoC6\pdl\middleware\ble\lib\cy_ble_stack_gcc_host_ipc_cm4.a(CyBleStackMgrIP_Interface.o)
                0x10088804                CyBleStackMgr_Init

i.CyBleStackMgr_ProcessBleEvents
                0x100888e0       0x14
 i.CyBleStackMgr_ProcessBleEvents
                0x100888e0       0x14 Generated_Source\PSoC6\pdl\middleware\ble\lib\cy_ble_stack_gcc_host_ipc_cm4.a(CyBleStackMgrIP_Interface.o)
                0x100888e0                CyBleStackMgr_ProcessBleEvents

i.CyBleStackMgr_Shutdown
                0x100888f4       0x20
 i.CyBleStackMgr_Shutdown
                0x100888f4       0x20 Generated_Source\PSoC6\pdl\middleware\ble\lib\cy_ble_stack_gcc_host_ipc_cm4.a(CyBleStackMgrIP_Interface.o)
                0x100888f4                CyBleStackMgr_Shutdown

i.CyBle_GetHeapMemory
                0x10088914       0x3c
 i.CyBle_GetHeapMemory
                0x10088914       0x3c Generated_Source\PSoC6\pdl\middleware\ble\lib\cy_ble_stack_gcc_host_ipc_cm4.a(CyBleStackMgrIP_Interface.o)
                0x10088914                CyBle_GetHeapMemory

i.CyBle_GetNumAppBufferPools
                0x10088950        0xc
 i.CyBle_GetNumAppBufferPools
                0x10088950        0xc Generated_Source\PSoC6\pdl\middleware\ble\lib\cy_ble_stack_gcc_host_ipc_cm4.a(CyBleStackMgrIP_Interface.o)
                0x10088950                CyBle_GetNumAppBufferPools

i.CyBle_HostStackBufferPoolInit
                0x1008895c       0xc4
 i.CyBle_HostStackBufferPoolInit
                0x1008895c       0xc4 Generated_Source\PSoC6\pdl\middleware\ble\lib\cy_ble_stack_gcc_host_ipc_cm4.a(CyBleStackMgrIP_Interface.o)

i.CyBle_SortBufers
                0x10088a20       0x40
 i.CyBle_SortBufers
                0x10088a20       0x40 Generated_Source\PSoC6\pdl\middleware\ble\lib\cy_ble_stack_gcc_host_ipc_cm4.a(CyBleStackMgrIP_Interface.o)
                0x10088a20                CyBle_SortBufers

i.CyBle_StackGetConfigPtr
                0x10088a60        0x8
 i.CyBle_StackGetConfigPtr
                0x10088a60        0x8 Generated_Source\PSoC6\pdl\middleware\ble\lib\cy_ble_stack_gcc_host_ipc_cm4.a(CyBleStackMgrIP_Interface.o)
                0x10088a60                CyBle_StackGetConfigPtr

i.Cy_BLE_EnableDleFeature
                0x10088a68        0x4
 i.Cy_BLE_EnableDleFeature
                0x10088a68        0x4 Generated_Source\PSoC6\pdl\middleware\ble\lib\cy_ble_stack_gcc_host_ipc_cm4.a(CyBleStackMgrIP_Interface.o)
                0x10088a68                Cy_BLE_EnableDleFeature

i.Cy_BLE_ProcessEvents
                0x10088a6c        0x4
 i.Cy_BLE_ProcessEvents
                0x10088a6c        0x4 Generated_Source\PSoC6\pdl\middleware\ble\lib\cy_ble_stack_gcc_host_ipc_cm4.a(CyBleStackMgrIP_Interface.o)
                0x10088a6c                Cy_BLE_ProcessEvents

i.Cy_BLE_StackEnterLPM
                0x10088a70       0x16
 i.Cy_BLE_StackEnterLPM
                0x10088a70       0x16 Generated_Source\PSoC6\pdl\middleware\ble\lib\cy_ble_stack_gcc_host_ipc_cm4.a(CyBleStackMgrIP_Interface.o)
                0x10088a70                Cy_BLE_StackEnterLPM

i.Cy_BLE_StackGetBleSsState
                0x10088a86        0x4
 i.Cy_BLE_StackGetBleSsState
                0x10088a86        0x4 Generated_Source\PSoC6\pdl\middleware\ble\lib\cy_ble_stack_gcc_host_ipc_cm4.a(CyBleStackMgrIP_Interface.o)
                0x10088a86                Cy_BLE_StackGetBleSsState

i.Cy_BLE_StackGetFeatureConfig
                0x10088a8c       0x20
 i.Cy_BLE_StackGetFeatureConfig
                0x10088a8c       0x20 Generated_Source\PSoC6\pdl\middleware\ble\lib\cy_ble_stack_gcc_host_ipc_cm4.a(CyBleStackMgrIP_Interface.o)
                0x10088a8c                Cy_BLE_StackGetFeatureConfig

i.Cy_BLE_StackInit
                0x10088aac       0x70
 i.Cy_BLE_StackInit
                0x10088aac       0x70 Generated_Source\PSoC6\pdl\middleware\ble\lib\cy_ble_stack_gcc_host_ipc_cm4.a(CyBleStackMgrIP_Interface.o)
                0x10088aac                Cy_BLE_StackInit

i.Cy_BLE_StackSetFeatureConfig
                0x10088b1c       0x54
 i.Cy_BLE_StackSetFeatureConfig
                0x10088b1c       0x54 Generated_Source\PSoC6\pdl\middleware\ble\lib\cy_ble_stack_gcc_host_ipc_cm4.a(CyBleStackMgrIP_Interface.o)
                0x10088b1c                Cy_BLE_StackSetFeatureConfig

i.ble_stack_idle_task_callback
                0x10088b70        0x2
 i.ble_stack_idle_task_callback
                0x10088b70        0x2 Generated_Source\PSoC6\pdl\middleware\ble\lib\cy_ble_stack_gcc_host_ipc_cm4.a(CyBleStackMgrIP_Interface.o)
                0x10088b70                ble_stack_idle_task_callback

i.BT_OSFreeBuf  0x10088b74       0x20
 i.BT_OSFreeBuf
                0x10088b74       0x20 Generated_Source\PSoC6\pdl\middleware\ble\lib\cy_ble_stack_gcc_host_ipc_cm4.a(BT_os.o)
                0x10088b74                BT_OSFreeBuf

i.BT_OSGetBuF   0x10088b94       0x30
 i.BT_OSGetBuF  0x10088b94       0x30 Generated_Source\PSoC6\pdl\middleware\ble\lib\cy_ble_stack_gcc_host_ipc_cm4.a(BT_os.o)
                0x10088b94                BT_OSGetBuF

i.BT_OSMemCreate
                0x10088bc4       0x3c
 i.BT_OSMemCreate
                0x10088bc4       0x3c Generated_Source\PSoC6\pdl\middleware\ble\lib\cy_ble_stack_gcc_host_ipc_cm4.a(BT_os.o)
                0x10088bc4                BT_OSMemCreate

i.BT_alloc_mem_ext
                0x10088c00       0x40
 i.BT_alloc_mem_ext
                0x10088c00       0x40 Generated_Source\PSoC6\pdl\middleware\ble\lib\cy_ble_stack_gcc_host_ipc_cm4.a(BT_os.o)
                0x10088c00                BT_alloc_mem_ext

i.BT_free_mem   0x10088c40        0xa
 i.BT_free_mem  0x10088c40        0xa Generated_Source\PSoC6\pdl\middleware\ble\lib\cy_ble_stack_gcc_host_ipc_cm4.a(BT_os.o)
                0x10088c40                BT_free_mem

i.bt_stack_create_buffer_pool
                0x10088c4c       0x2c
 i.bt_stack_create_buffer_pool
                0x10088c4c       0x2c Generated_Source\PSoC6\pdl\middleware\ble\lib\cy_ble_stack_gcc_host_ipc_cm4.a(BT_os.o)
                0x10088c4c                bt_stack_create_buffer_pool

i.CyBle_CreateBleStackTask
                0x10088c78       0x30
 i.CyBle_CreateBleStackTask
                0x10088c78       0x30 Generated_Source\PSoC6\pdl\middleware\ble\lib\cy_ble_stack_gcc_host_ipc_cm4.a(CyBleStackMgr_StackTaskHandler.o)
                0x10088c78                CyBle_CreateBleStackTask

i.CyBle_SignalBleStackTask
                0x10088ca8       0x38
 i.CyBle_SignalBleStackTask
                0x10088ca8       0x38 Generated_Source\PSoC6\pdl\middleware\ble\lib\cy_ble_stack_gcc_host_ipc_cm4.a(CyBleStackMgr_StackTaskHandler.o)
                0x10088ca8                CyBle_SignalBleStackTask

i.CyBle_StackTaskHandler
                0x10088ce0       0x74
 i.CyBle_StackTaskHandler
                0x10088ce0       0x74 Generated_Source\PSoC6\pdl\middleware\ble\lib\cy_ble_stack_gcc_host_ipc_cm4.a(CyBleStackMgr_StackTaskHandler.o)
                0x10088ce0                CyBle_StackTaskHandler

i.IsStackTaskFree
                0x10088d54        0xc
 i.IsStackTaskFree
                0x10088d54        0xc Generated_Source\PSoC6\pdl\middleware\ble\lib\cy_ble_stack_gcc_host_ipc_cm4.a(CyBleStackMgr_StackTaskHandler.o)
                0x10088d54                IsStackTaskFree

i.storage_bt_init_pl
                0x10088d60       0x8c
 i.storage_bt_init_pl
                0x10088d60       0x8c Generated_Source\PSoC6\pdl\middleware\ble\lib\cy_ble_stack_gcc_host_ipc_cm4.a(storage_pl.o)
                0x10088d60                storage_bt_init_pl

i.storage_bt_reset_offset
                0x10088dec       0x3c
 i.storage_bt_reset_offset
                0x10088dec       0x3c Generated_Source\PSoC6\pdl\middleware\ble\lib\cy_ble_stack_gcc_host_ipc_cm4.a(storage_pl.o)
                0x10088dec                storage_bt_reset_offset

i.storage_manager_init
                0x10088e28       0x54
 i.storage_manager_init
                0x10088e28       0x54 Generated_Source\PSoC6\pdl\middleware\ble\lib\cy_ble_stack_gcc_host_ipc_cm4.a(storage_pl.o)
                0x10088e28                storage_manager_init

i.storage_manager_register_module
                0x10088e7c       0x68
 i.storage_manager_register_module
                0x10088e7c       0x68 Generated_Source\PSoC6\pdl\middleware\ble\lib\cy_ble_stack_gcc_host_ipc_cm4.a(storage_pl.o)
                0x10088e7c                storage_manager_register_module

i.storage_validate_init_params
                0x10088ee4       0x98
 i.storage_validate_init_params
                0x10088ee4       0x98 Generated_Source\PSoC6\pdl\middleware\ble\lib\cy_ble_stack_gcc_host_ipc_cm4.a(storage_pl.o)
                0x10088ee4                storage_validate_init_params

i.OS_init       0x10088f7c       0x64
 i.OS_init      0x10088f7c       0x64 Generated_Source\PSoC6\pdl\middleware\ble\lib\cy_ble_stack_gcc_host_ipc_cm4.a(mint_os.o)
                0x10088f7c                OS_init

i.OS_shutdown   0x10088fe0        0x4
 i.OS_shutdown  0x10088fe0        0x4 Generated_Source\PSoC6\pdl\middleware\ble\lib\cy_ble_stack_gcc_host_ipc_cm4.a(mint_os.o)
                0x10088fe0                OS_shutdown

i.mintos_malloc
                0x10088fe4       0x34
 i.mintos_malloc
                0x10088fe4       0x34 Generated_Source\PSoC6\pdl\middleware\ble\lib\cy_ble_stack_gcc_host_ipc_cm4.a(mint_os.o)
                0x10088fe4                mintos_malloc

i.OS_create_queue
                0x10089018       0x74
 i.OS_create_queue
                0x10089018       0x74 Generated_Source\PSoC6\pdl\middleware\ble\lib\cy_ble_stack_gcc_host_ipc_cm4.a(mint_os_queue.o)
                0x10089018                OS_create_queue

i.OS_enqueue_item
                0x1008908c       0x9c
 i.OS_enqueue_item
                0x1008908c       0x9c Generated_Source\PSoC6\pdl\middleware\ble\lib\cy_ble_stack_gcc_host_ipc_cm4.a(mint_os_queue.o)
                0x1008908c                OS_enqueue_item

i.OS_queue_get_num_of_items
                0x10089128       0x2c
 i.OS_queue_get_num_of_items
                0x10089128       0x2c Generated_Source\PSoC6\pdl\middleware\ble\lib\cy_ble_stack_gcc_host_ipc_cm4.a(mint_os_queue.o)
                0x10089128                OS_queue_get_num_of_items

i.OS_queue_mgmt_init
                0x10089154       0x58
 i.OS_queue_mgmt_init
                0x10089154       0x58 Generated_Source\PSoC6\pdl\middleware\ble\lib\cy_ble_stack_gcc_host_ipc_cm4.a(mint_os_queue.o)
                0x10089154                OS_queue_mgmt_init

i.OS_remove_item
                0x100891ac       0xb8
 i.OS_remove_item
                0x100891ac       0xb8 Generated_Source\PSoC6\pdl\middleware\ble\lib\cy_ble_stack_gcc_host_ipc_cm4.a(mint_os_queue.o)
                0x100891ac                OS_remove_item

i.OS_create_task
                0x10089264       0x88
 i.OS_create_task
                0x10089264       0x88 Generated_Source\PSoC6\pdl\middleware\ble\lib\cy_ble_stack_gcc_host_ipc_cm4.a(mint_os_task.o)
                0x10089264                OS_create_task

i.OS_is_task_free
                0x100892ec       0x30
 i.OS_is_task_free
                0x100892ec       0x30 Generated_Source\PSoC6\pdl\middleware\ble\lib\cy_ble_stack_gcc_host_ipc_cm4.a(mint_os_task.o)
                0x100892ec                OS_is_task_free

i.OS_scheduler  0x1008931c       0x64
 i.OS_scheduler
                0x1008931c       0x64 Generated_Source\PSoC6\pdl\middleware\ble\lib\cy_ble_stack_gcc_host_ipc_cm4.a(mint_os_task.o)
                0x1008931c                OS_scheduler

i.OS_send_signal_to_task
                0x10089380        0xc
 i.OS_send_signal_to_task
                0x10089380        0xc Generated_Source\PSoC6\pdl\middleware\ble\lib\cy_ble_stack_gcc_host_ipc_cm4.a(mint_os_task.o)
                0x10089380                OS_send_signal_to_task

i.OS_send_signal_to_task_context
                0x1008938c       0x3c
 i.OS_send_signal_to_task_context
                0x1008938c       0x3c Generated_Source\PSoC6\pdl\middleware\ble\lib\cy_ble_stack_gcc_host_ipc_cm4.a(mint_os_task.o)

i.OS_task_mgmt_init
                0x100893c8       0x60
 i.OS_task_mgmt_init
                0x100893c8       0x60 Generated_Source\PSoC6\pdl\middleware\ble\lib\cy_ble_stack_gcc_host_ipc_cm4.a(mint_os_task.o)
                0x100893c8                OS_task_mgmt_init

i.mint_buf_mgmt_allocate_buffer
                0x10089428       0x54
 i.mint_buf_mgmt_allocate_buffer
                0x10089428       0x54 Generated_Source\PSoC6\pdl\middleware\ble\lib\cy_ble_stack_gcc_host_ipc_cm4.a(mint_buf_mgmt.o)
                0x10089428                mint_buf_mgmt_allocate_buffer

i.mint_buf_mgmt_create_pool
                0x1008947c       0xd4
 i.mint_buf_mgmt_create_pool
                0x1008947c       0xd4 Generated_Source\PSoC6\pdl\middleware\ble\lib\cy_ble_stack_gcc_host_ipc_cm4.a(mint_buf_mgmt.o)
                0x1008947c                mint_buf_mgmt_create_pool

i.mint_buf_mgmt_free_buffer
                0x10089550       0xac
 i.mint_buf_mgmt_free_buffer
                0x10089550       0xac Generated_Source\PSoC6\pdl\middleware\ble\lib\cy_ble_stack_gcc_host_ipc_cm4.a(mint_buf_mgmt.o)
                0x10089550                mint_buf_mgmt_free_buffer

i.mint_buf_mgmt_init
                0x100895fc       0x5c
 i.mint_buf_mgmt_init
                0x100895fc       0x5c Generated_Source\PSoC6\pdl\middleware\ble\lib\cy_ble_stack_gcc_host_ipc_cm4.a(mint_buf_mgmt.o)
                0x100895fc                mint_buf_mgmt_init

i.mint_buf_mgmt_malloc
                0x10089658       0x28
 i.mint_buf_mgmt_malloc
                0x10089658       0x28 Generated_Source\PSoC6\pdl\middleware\ble\lib\cy_ble_stack_gcc_host_ipc_cm4.a(mint_buf_mgmt.o)
                0x10089658                mint_buf_mgmt_malloc

i.mint_buf_mgmt_pl_init
                0x10089680       0x44
 i.mint_buf_mgmt_pl_init
                0x10089680       0x44 Generated_Source\PSoC6\pdl\middleware\ble\lib\cy_ble_stack_gcc_host_ipc_cm4.a(mint_buf_mgmt.o)
                0x10089680                mint_buf_mgmt_pl_init

i.mint_buf_mgmt_stack_init
                0x100896c4       0x22
 i.mint_buf_mgmt_stack_init
                0x100896c4       0x22 Generated_Source\PSoC6\pdl\middleware\ble\lib\cy_ble_stack_gcc_host_ipc_cm4.a(mint_buf_mgmt.o)
                0x100896c4                mint_buf_mgmt_stack_init

i.mint_buf_mgmt_stack_pop
                0x100896e6       0x34
 i.mint_buf_mgmt_stack_pop
                0x100896e6       0x34 Generated_Source\PSoC6\pdl\middleware\ble\lib\cy_ble_stack_gcc_host_ipc_cm4.a(mint_buf_mgmt.o)
                0x100896e6                mint_buf_mgmt_stack_pop

i.mint_buf_mgmt_stack_push
                0x1008971a       0x34
 i.mint_buf_mgmt_stack_push
                0x1008971a       0x34 Generated_Source\PSoC6\pdl\middleware\ble\lib\cy_ble_stack_gcc_host_ipc_cm4.a(mint_buf_mgmt.o)
                0x1008971a                mint_buf_mgmt_stack_push

i.mint_buf_mgmt_stack_search_item
                0x1008974e       0x2e
 i.mint_buf_mgmt_stack_search_item
                0x1008974e       0x2e Generated_Source\PSoC6\pdl\middleware\ble\lib\cy_ble_stack_gcc_host_ipc_cm4.a(mint_buf_mgmt.o)
                0x1008974e                mint_buf_mgmt_stack_search_item

i.CyBleHost_HciIpcFreePktBuffer
                0x1008977c       0x2e
 i.CyBleHost_HciIpcFreePktBuffer
                0x1008977c       0x2e Generated_Source\PSoC6\pdl\middleware\ble\lib\cy_ble_stack_gcc_host_ipc_cm4.a(transport_ipc.o)
                0x1008977c                CyBleHost_HciIpcFreePktBuffer

i.CyBleHost_HciIpcMsgCompleteReceive
                0x100897ac       0x28
 i.CyBleHost_HciIpcMsgCompleteReceive
                0x100897ac       0x28 Generated_Source\PSoC6\pdl\middleware\ble\lib\cy_ble_stack_gcc_host_ipc_cm4.a(transport_ipc.o)
                0x100897ac                CyBleHost_HciIpcMsgCompleteReceive

i.CyBleHost_HciIpcMsgReceive
                0x100897d4       0x28
 i.CyBleHost_HciIpcMsgReceive
                0x100897d4       0x28 Generated_Source\PSoC6\pdl\middleware\ble\lib\cy_ble_stack_gcc_host_ipc_cm4.a(transport_ipc.o)
                0x100897d4                CyBleHost_HciIpcMsgReceive

i.hci_transport_bt_shutdown
                0x100897fc        0x4
 i.hci_transport_bt_shutdown
                0x100897fc        0x4 Generated_Source\PSoC6\pdl\middleware\ble\lib\cy_ble_stack_gcc_host_ipc_cm4.a(transport_ipc.o)
                0x100897fc                hci_transport_bt_shutdown

i.hci_transport_init
                0x10089800       0x10
 i.hci_transport_init
                0x10089800       0x10 Generated_Source\PSoC6\pdl\middleware\ble\lib\cy_ble_stack_gcc_host_ipc_cm4.a(transport_ipc.o)
                0x10089800                hci_transport_init

i.hci_transport_write_data
                0x10089810       0x9c
 i.hci_transport_write_data
                0x10089810       0x9c Generated_Source\PSoC6\pdl\middleware\ble\lib\cy_ble_stack_gcc_host_ipc_cm4.a(transport_ipc.o)
                0x10089810                hci_transport_write_data

i.CyBleHost_IPC_HAL_Init
                0x100898ac       0x40
 i.CyBleHost_IPC_HAL_Init
                0x100898ac       0x40 Generated_Source\PSoC6\pdl\middleware\ble\lib\cy_ble_stack_gcc_host_ipc_cm4.a(CyBleStackMgr_PSoCIPCHal.o)
                0x100898ac                CyBleHost_IPC_HAL_Init

i.CyBleHost_IPC_HAL_InitWithStaticMem
                0x100898ec        0xc
 i.CyBleHost_IPC_HAL_InitWithStaticMem
                0x100898ec        0xc Generated_Source\PSoC6\pdl\middleware\ble\lib\cy_ble_stack_gcc_host_ipc_cm4.a(CyBleStackMgr_PSoCIPCHal.o)
                0x100898ec                CyBleHost_IPC_HAL_InitWithStaticMem

i.CyBleHost_IPC_HAL_IsQueueEmpty
                0x100898f8       0x24
 i.CyBleHost_IPC_HAL_IsQueueEmpty
                0x100898f8       0x24 Generated_Source\PSoC6\pdl\middleware\ble\lib\cy_ble_stack_gcc_host_ipc_cm4.a(CyBleStackMgr_PSoCIPCHal.o)
                0x100898f8                CyBleHost_IPC_HAL_IsQueueEmpty

i.CyBleHost_IPC_HAL_PipeReleaseCallback
                0x1008991c       0x1c
 i.CyBleHost_IPC_HAL_PipeReleaseCallback
                0x1008991c       0x1c Generated_Source\PSoC6\pdl\middleware\ble\lib\cy_ble_stack_gcc_host_ipc_cm4.a(CyBleStackMgr_PSoCIPCHal.o)

i.CyBleHost_IPC_HAL_ProcessMsgQ
                0x10089938       0x3c
 i.CyBleHost_IPC_HAL_ProcessMsgQ
                0x10089938       0x3c Generated_Source\PSoC6\pdl\middleware\ble\lib\cy_ble_stack_gcc_host_ipc_cm4.a(CyBleStackMgr_PSoCIPCHal.o)
                0x10089938                CyBleHost_IPC_HAL_ProcessMsgQ

i.CyBleHost_IPC_HAL_PushMessage
                0x10089974       0x48
 i.CyBleHost_IPC_HAL_PushMessage
                0x10089974       0x48 Generated_Source\PSoC6\pdl\middleware\ble\lib\cy_ble_stack_gcc_host_ipc_cm4.a(CyBleStackMgr_PSoCIPCHal.o)

i.CyBleHost_IPC_HAL_Reset
                0x100899bc        0x2
 i.CyBleHost_IPC_HAL_Reset
                0x100899bc        0x2 Generated_Source\PSoC6\pdl\middleware\ble\lib\cy_ble_stack_gcc_host_ipc_cm4.a(CyBleStackMgr_PSoCIPCHal.o)
                0x100899bc                CyBleHost_IPC_HAL_Reset

i.CyBleHost_IPC_HAL_SendEnqueue
                0x100899be       0x10
 i.CyBleHost_IPC_HAL_SendEnqueue
                0x100899be       0x10 Generated_Source\PSoC6\pdl\middleware\ble\lib\cy_ble_stack_gcc_host_ipc_cm4.a(CyBleStackMgr_PSoCIPCHal.o)
                0x100899be                CyBleHost_IPC_HAL_SendEnqueue

i.CyBle_BluetoothOnCmptCB
                0x100899d0       0x60
 i.CyBle_BluetoothOnCmptCB
                0x100899d0       0x60 Generated_Source\PSoC6\pdl\middleware\ble\lib\cy_ble_stack_gcc_host_ipc_cm4.a(host_main.o)

i.CyBle_HostDisableFeatures
                0x10089a30       0x12
 i.CyBle_HostDisableFeatures
                0x10089a30       0x12 Generated_Source\PSoC6\pdl\middleware\ble\lib\cy_ble_stack_gcc_host_ipc_cm4.a(host_main.o)
                0x10089a30                CyBle_HostDisableFeatures

i.CyBle_HostInit
                0x10089a44       0x60
 i.CyBle_HostInit
                0x10089a44       0x60 Generated_Source\PSoC6\pdl\middleware\ble\lib\cy_ble_stack_gcc_host_ipc_cm4.a(host_main.o)
                0x10089a44                CyBle_HostInit

i.CyBle_HostIsStackFree
                0x10089aa4       0x16
 i.CyBle_HostIsStackFree
                0x10089aa4       0x16 Generated_Source\PSoC6\pdl\middleware\ble\lib\cy_ble_stack_gcc_host_ipc_cm4.a(host_main.o)
                0x10089aa4                CyBle_HostIsStackFree

i.CyBle_HostSetFeatureConfig
                0x10089abc       0x80
 i.CyBle_HostSetFeatureConfig
                0x10089abc       0x80 Generated_Source\PSoC6\pdl\middleware\ble\lib\cy_ble_stack_gcc_host_ipc_cm4.a(host_main.o)
                0x10089abc                CyBle_HostSetFeatureConfig

i.CyBle_HostStackHeapDeInit
                0x10089b3c       0x1e
 i.CyBle_HostStackHeapDeInit
                0x10089b3c       0x1e Generated_Source\PSoC6\pdl\middleware\ble\lib\cy_ble_stack_gcc_host_ipc_cm4.a(host_main.o)
                0x10089b3c                CyBle_HostStackHeapDeInit

i.CyBle_HostStackHeapInit
                0x10089b5c       0x4c
 i.CyBle_HostStackHeapInit
                0x10089b5c       0x4c Generated_Source\PSoC6\pdl\middleware\ble\lib\cy_ble_stack_gcc_host_ipc_cm4.a(host_main.o)
                0x10089b5c                CyBle_HostStackHeapInit

i.CyBle_HostStackInit
                0x10089ba8       0x30
 i.CyBle_HostStackInit
                0x10089ba8       0x30 Generated_Source\PSoC6\pdl\middleware\ble\lib\cy_ble_stack_gcc_host_ipc_cm4.a(host_main.o)
                0x10089ba8                CyBle_HostStackInit

i.CyBle_HostStackOn
                0x10089bd8       0x30
 i.CyBle_HostStackOn
                0x10089bd8       0x30 Generated_Source\PSoC6\pdl\middleware\ble\lib\cy_ble_stack_gcc_host_ipc_cm4.a(host_main.o)

i.CyBle_HostValidateAppBuffers
                0x10089c08       0x4c
 i.CyBle_HostValidateAppBuffers
                0x10089c08       0x4c Generated_Source\PSoC6\pdl\middleware\ble\lib\cy_ble_stack_gcc_host_ipc_cm4.a(host_main.o)
                0x10089c08                CyBle_HostValidateAppBuffers

i.CyBle_HostValidateInputParams
                0x10089c54       0xb8
 i.CyBle_HostValidateInputParams
                0x10089c54       0xb8 Generated_Source\PSoC6\pdl\middleware\ble\lib\cy_ble_stack_gcc_host_ipc_cm4.a(host_main.o)
                0x10089c54                CyBle_HostValidateInputParams

i.CyBle_SendEvToApp
                0x10089d0c       0x14
 i.CyBle_SendEvToApp
                0x10089d0c       0x14 Generated_Source\PSoC6\pdl\middleware\ble\lib\cy_ble_stack_gcc_host_ipc_cm4.a(host_main.o)
                0x10089d0c                CyBle_SendEvToApp

i.CyBle_ShutdownResetComplete
                0x10089d20       0x68
 i.CyBle_ShutdownResetComplete
                0x10089d20       0x68 Generated_Source\PSoC6\pdl\middleware\ble\lib\cy_ble_stack_gcc_host_ipc_cm4.a(host_main.o)
                0x10089d20                CyBle_ShutdownResetComplete

i.CyBle_StackResetGlobalVariables
                0x10089d88       0x10
 i.CyBle_StackResetGlobalVariables
                0x10089d88       0x10 Generated_Source\PSoC6\pdl\middleware\ble\lib\cy_ble_stack_gcc_host_ipc_cm4.a(host_main.o)

i.BT_att_access_mtu
                0x10089d98       0x24
 i.BT_att_access_mtu
                0x10089d98       0x24 Generated_Source\PSoC6\pdl\middleware\ble\lib\cy_ble_stack_gcc_host_ipc_cm4.a(att_api.o)
                0x10089d98                BT_att_access_mtu

i.BT_att_check_connected_state
                0x10089dbc       0x38
 i.BT_att_check_connected_state
                0x10089dbc       0x38 Generated_Source\PSoC6\pdl\middleware\ble\lib\cy_ble_stack_gcc_host_ipc_cm4.a(att_api.o)
                0x10089dbc                BT_att_check_connected_state

i.BT_att_get_att_handle_from_device_id
                0x10089df4       0x34
 i.BT_att_get_att_handle_from_device_id
                0x10089df4       0x34 Generated_Source\PSoC6\pdl\middleware\ble\lib\cy_ble_stack_gcc_host_ipc_cm4.a(att_api.o)
                0x10089df4                BT_att_get_att_handle_from_device_id

i.BT_att_get_stop_long_procedure_state
                0x10089e28       0x10
 i.BT_att_get_stop_long_procedure_state
                0x10089e28       0x10 Generated_Source\PSoC6\pdl\middleware\ble\lib\cy_ble_stack_gcc_host_ipc_cm4.a(att_api.o)
                0x10089e28                BT_att_get_stop_long_procedure_state

i.BT_att_register
                0x10089e38       0x24
 i.BT_att_register
                0x10089e38       0x24 Generated_Source\PSoC6\pdl\middleware\ble\lib\cy_ble_stack_gcc_host_ipc_cm4.a(att_api.o)
                0x10089e38                BT_att_register

i.BT_att_send_pdu
                0x10089e5c      0x5a4
 i.BT_att_send_pdu
                0x10089e5c      0x5a4 Generated_Source\PSoC6\pdl\middleware\ble\lib\cy_ble_stack_gcc_host_ipc_cm4.a(att_api.o)
                0x10089e5c                BT_att_send_pdu

i.BT_att_set_stop_long_procedure
                0x1008a400       0x20