Archive member included to satisfy reference by file (symbol)

Generated_Source\PSoC6\pdl\middleware\ble\lib\cy_ble_stack_gcc_controller_ipc_cm0p.a(CyBleStackMgrIP_Interface.o)
                              .\CortexM0p\ARM_GCC_541\Debug\cy_ble.o (Cy_BLE_EnableDleFeature)
Generated_Source\PSoC6\pdl\middleware\ble\lib\cy_ble_stack_gcc_controller_ipc_cm0p.a(CyBleStackMgr_PSoCHal.o)
                              Generated_Source\PSoC6\pdl\middleware\ble\lib\cy_ble_stack_gcc_controller_ipc_cm0p.a(CyBleStackMgrIP_Interface.o) (bt_config)
Generated_Source\PSoC6\pdl\middleware\ble\lib\cy_ble_stack_gcc_controller_ipc_cm0p.a(CyBleStackMgr_BleSSDriver.o)
                              Generated_Source\PSoC6\pdl\middleware\ble\lib\cy_ble_stack_gcc_controller_ipc_cm0p.a(CyBleStackMgrIP_Interface.o) (CyBleStackMgr_BleSSInit)
Generated_Source\PSoC6\pdl\middleware\ble\lib\cy_ble_stack_gcc_controller_ipc_cm0p.a(CyBleStackMgr_StackTaskHandler.o)
                              Generated_Source\PSoC6\pdl\middleware\ble\lib\cy_ble_stack_gcc_controller_ipc_cm0p.a(CyBleStackMgrIP_Interface.o) (CyBle_CreateBleStackTask)
Generated_Source\PSoC6\pdl\middleware\ble\lib\cy_ble_stack_gcc_controller_ipc_cm0p.a(config_bin.o)
                              Generated_Source\PSoC6\pdl\middleware\ble\lib\cy_ble_stack_gcc_controller_ipc_cm0p.a(CyBleStackMgr_PSoCHal.o) (bt_cfg_pdata)
Generated_Source\PSoC6\pdl\middleware\ble\lib\cy_ble_stack_gcc_controller_ipc_cm0p.a(BT_timer.o)
                              Generated_Source\PSoC6\pdl\middleware\ble\lib\cy_ble_stack_gcc_controller_ipc_cm0p.a(CyBleStackMgr_StackTaskHandler.o) (BT_timer_process_signals)
Generated_Source\PSoC6\pdl\middleware\ble\lib\cy_ble_stack_gcc_controller_ipc_cm0p.a(bt_os_common.o)
                              Generated_Source\PSoC6\pdl\middleware\ble\lib\cy_ble_stack_gcc_controller_ipc_cm0p.a(CyBleStackMgr_StackTaskHandler.o) (BT_ISROSQPost)
Generated_Source\PSoC6\pdl\middleware\ble\lib\cy_ble_stack_gcc_controller_ipc_cm0p.a(CyBleStackMgrIP_Pilo.o)
                              Generated_Source\PSoC6\pdl\middleware\ble\lib\cy_ble_stack_gcc_controller_ipc_cm0p.a(CyBleStackMgrIP_Interface.o) (CyPilo_InitCalibration)
Generated_Source\PSoC6\pdl\middleware\ble\lib\cy_ble_stack_gcc_controller_ipc_cm0p.a(mint_os.o)
                              Generated_Source\PSoC6\pdl\middleware\ble\lib\cy_ble_stack_gcc_controller_ipc_cm0p.a(CyBleStackMgrIP_Interface.o) (OS_init)
Generated_Source\PSoC6\pdl\middleware\ble\lib\cy_ble_stack_gcc_controller_ipc_cm0p.a(mint_os_queue.o)
                              Generated_Source\PSoC6\pdl\middleware\ble\lib\cy_ble_stack_gcc_controller_ipc_cm0p.a(mint_os.o) (OS_TOTAL_QUEUES)
Generated_Source\PSoC6\pdl\middleware\ble\lib\cy_ble_stack_gcc_controller_ipc_cm0p.a(mint_os_task.o)
                              Generated_Source\PSoC6\pdl\middleware\ble\lib\cy_ble_stack_gcc_controller_ipc_cm0p.a(mint_os.o) (idle_func_handler)
Generated_Source\PSoC6\pdl\middleware\ble\lib\cy_ble_stack_gcc_controller_ipc_cm0p.a(mint_buf_mgmt.o)
                              Generated_Source\PSoC6\pdl\middleware\ble\lib\cy_ble_stack_gcc_controller_ipc_cm0p.a(CyBleStackMgrIP_Interface.o) (mint_buf_mgmt_init)
Generated_Source\PSoC6\pdl\middleware\ble\lib\cy_ble_stack_gcc_controller_ipc_cm0p.a(transport_ipc.o)
                              Generated_Source\PSoC6\pdl\middleware\ble\lib\cy_ble_stack_gcc_controller_ipc_cm0p.a(CyBleStackMgr_PSoCHal.o) (CyBleController_HciIpcInit)
Generated_Source\PSoC6\pdl\middleware\ble\lib\cy_ble_stack_gcc_controller_ipc_cm0p.a(CyBleStackMgr_PSoCIPCHal.o)
                              Generated_Source\PSoC6\pdl\middleware\ble\lib\cy_ble_stack_gcc_controller_ipc_cm0p.a(CyBleStackMgrIP_Interface.o) (CyBleController_IPC_HAL_InitWithStaticMem)
Generated_Source\PSoC6\pdl\middleware\ble\lib\cy_ble_stack_gcc_controller_ipc_cm0p.a(CyBleControllerIP_Interface.o)
                              Generated_Source\PSoC6\pdl\middleware\ble\lib\cy_ble_stack_gcc_controller_ipc_cm0p.a(CyBleStackMgrIP_Interface.o) (CyBle_ControllerEnableDleFeature)
Generated_Source\PSoC6\pdl\middleware\ble\lib\cy_ble_stack_gcc_controller_ipc_cm0p.a(ll.o)
                              Generated_Source\PSoC6\pdl\middleware\ble\lib\cy_ble_stack_gcc_controller_ipc_cm0p.a(CyBleControllerIP_Interface.o) (ll_self_device_data)
Generated_Source\PSoC6\pdl\middleware\ble\lib\cy_ble_stack_gcc_controller_ipc_cm0p.a(ll_advertiser.o)
                              Generated_Source\PSoC6\pdl\middleware\ble\lib\cy_ble_stack_gcc_controller_ipc_cm0p.a(ll.o) (ll_adv_is_configured_connection_adv)
Generated_Source\PSoC6\pdl\middleware\ble\lib\cy_ble_stack_gcc_controller_ipc_cm0p.a(ll_connection.o)
                              Generated_Source\PSoC6\pdl\middleware\ble\lib\cy_ble_stack_gcc_controller_ipc_cm0p.a(ll.o) (bleSlDsmFix)
Generated_Source\PSoC6\pdl\middleware\ble\lib\cy_ble_stack_gcc_controller_ipc_cm0p.a(llh_api.o)
[...]
Memory Configuration

Name             Origin             Length             Attributes
ram              0x08000000         0x00024000         xrw
flash            0x10000000         0x00080000         xr
em_eeprom        0x14000000         0x00008000         xr
sflash_user_data 0x16000800         0x00000800         xr
sflash_nar       0x16001a00         0x00000200         xr
sflash_public_key 0x16005a00         0x00000c00         xr
sflash_toc_2     0x16007c00         0x00000200         xr
sflash_rtoc_2    0x16007e00         0x00000200         xr
xip              0x18000000         0x08000000         xr
efuse            0x90700000         0x00100000         r
*default*        0x00000000         0xffffffff

Linker script and memory map

LOAD d:/cypress creator/psoc creator/4.2/psoc creator/import/gnu/arm/5.4.1/bin/../lib/gcc/arm-none-eabi/5.4.1/armv6-m/crti.o
LOAD d:/cypress creator/psoc creator/4.2/psoc creator/import/gnu/arm/5.4.1/bin/../lib/gcc/arm-none-eabi/5.4.1/armv6-m/crtbegin.o
LOAD d:/cypress creator/psoc creator/4.2/psoc creator/import/gnu/arm/5.4.1/bin/../lib/gcc/arm-none-eabi/5.4.1/../../../../arm-none-eabi/lib/armv6-m/crt0.o
START GROUP
LOAD Generated_Source\PSoC6\pdl\middleware\ble\lib\cy_ble_stack_gcc_radio_max_cm0p.a
LOAD Generated_Source\PSoC6\pdl\middleware\ble\lib\cy_ble_stack_gcc_controller_ipc_cm0p.a
LOAD .\CortexM0p\ARM_GCC_541\Debug\startup_psoc63_cm0plus.o
LOAD .\CortexM0p\ARM_GCC_541\Debug\main_cm0p.o
LOAD .\CortexM0p\ARM_GCC_541\Debug\system_psoc63_cm0plus.o
LOAD .\CortexM0p\ARM_GCC_541\Debug\cy_ipc_config.o
LOAD .\CortexM0p\ARM_GCC_541\Debug\cyfitter_sysint_cfg.o
LOAD .\CortexM0p\ARM_GCC_541\Debug\cyfitter_cfg.o
LOAD .\CortexM0p\ARM_GCC_541\Debug\cymetadata.o
LOAD .\CortexM0p\ARM_GCC_541\Debug\MCWDT_PDL.o
LOAD .\CortexM0p\ARM_GCC_541\Debug\BLE.o
LOAD .\CortexM0p\ARM_GCC_541\Debug\BLE_config.o
LOAD .\CortexM0p\ARM_GCC_541\Debug\BLE_custom_config.o
LOAD .\CortexM0p\ARM_GCC_541\Debug\CapSense_Control.o
LOAD .\CortexM0p\ARM_GCC_541\Debug\CapSense_Processing.o
LOAD .\CortexM0p\ARM_GCC_541\Debug\CapSense_Structure.o
LOAD .\CortexM0p\ARM_GCC_541\Debug\CapSense_Tuner.o
LOAD .\CortexM0p\ARM_GCC_541\Debug\CapSense_Filter.o
LOAD .\CortexM0p\ARM_GCC_541\Debug\CapSense_Sensing.o
LOAD .\CortexM0p\ARM_GCC_541\Debug\CapSense_INT.o
LOAD .\CortexM0p\ARM_GCC_541\Debug\CapSense_SensingCSD_LL.o
LOAD .\CortexM0p\ARM_GCC_541\Debug\CY_EINK_SPIM.o
LOAD .\CortexM0p\ARM_GCC_541\Debug\CY_EINK_Timer.o
LOAD .\CortexM0p\ARM_GCC_541\Debug\cy_sysint.o
LOAD .\CortexM0p\ARM_GCC_541\Debug\cy_ipc_drv.o
LOAD .\CortexM0p\ARM_GCC_541\Debug\cy_ipc_sema.o
LOAD .\CortexM0p\ARM_GCC_541\Debug\cy_ipc_pipe.o
LOAD .\CortexM0p\ARM_GCC_541\Debug\cy_sysclk.o
LOAD .\CortexM0p\ARM_GCC_541\Debug\cy_wdt.o
LOAD .\CortexM0p\ARM_GCC_541\Debug\cy_mcwdt.o
LOAD .\CortexM0p\ARM_GCC_541\Debug\cy_tcpwm_counter.o
LOAD .\CortexM0p\ARM_GCC_541\Debug\cy_tcpwm_pwm.o
LOAD .\CortexM0p\ARM_GCC_541\Debug\cy_tcpwm_quaddec.o
LOAD .\CortexM0p\ARM_GCC_541\Debug\cy_scb_common.o
LOAD .\CortexM0p\ARM_GCC_541\Debug\cy_scb_i2c.o
LOAD .\CortexM0p\ARM_GCC_541\Debug\cy_scb_ezi2c.o
LOAD .\CortexM0p\ARM_GCC_541\Debug\cy_scb_spi.o
LOAD .\CortexM0p\ARM_GCC_541\Debug\cy_scb_uart.o
LOAD .\CortexM0p\ARM_GCC_541\Debug\cy_efuse.o
LOAD .\CortexM0p\ARM_GCC_541\Debug\cy_flash.o
LOAD .\CortexM0p\ARM_GCC_541\Debug\cy_gpio.o
LOAD .\CortexM0p\ARM_GCC_541\Debug\cy_sysanalog.o
LOAD .\CortexM0p\ARM_GCC_541\Debug\cy_syspm.o
LOAD .\CortexM0p\ARM_GCC_541\Debug\cy_syslib.o
LOAD .\CortexM0p\ARM_GCC_541\Debug\cy_syslib_gcc.o
LOAD .\CortexM0p\ARM_GCC_541\Debug\cy_trigmux.o
LOAD .\CortexM0p\ARM_GCC_541\Debug\cy_systick.o
LOAD .\CortexM0p\ARM_GCC_541\Debug\cy_profile.o
LOAD .\CortexM0p\ARM_GCC_541\Debug\cy_prot.o
LOAD .\CortexM0p\ARM_GCC_541\Debug\cy_lvd.o
LOAD .\CortexM0p\ARM_GCC_541\Debug\cy_ble.o
LOAD .\CortexM0p\ARM_GCC_541\Debug\cy_ble_hal_int.o
LOAD .\CortexM0p\ARM_GCC_541\Debug\cy_ble_hal_pvt.o
LOAD .\CortexM0p\ARM_GCC_541\Debug\cy_ble_gap.o
LOAD .\CortexM0p\ARM_GCC_541\Debug\cy_ble_gatt.o
LOAD .\CortexM0p\ARM_GCC_541\Debug\cy_ble_event_handler.o
LOAD .\CortexM0p\ARM_GCC_541\Debug\cy_ble_ancs.o
LOAD .\CortexM0p\ARM_GCC_541\Debug\cy_ble_ans.o
LOAD .\CortexM0p\ARM_GCC_541\Debug\cy_ble_aios.o
LOAD .\CortexM0p\ARM_GCC_541\Debug\cy_ble_bas.o
LOAD .\CortexM0p\ARM_GCC_541\Debug\cy_ble_bcs.o
LOAD .\CortexM0p\ARM_GCC_541\Debug\cy_ble_bls.o
LOAD .\CortexM0p\ARM_GCC_541\Debug\cy_ble_bms.o
LOAD .\CortexM0p\ARM_GCC_541\Debug\cy_ble_bts.o
LOAD .\CortexM0p\ARM_GCC_541\Debug\cy_ble_cgms.o
LOAD .\CortexM0p\ARM_GCC_541\Debug\cy_ble_cps.o
LOAD .\CortexM0p\ARM_GCC_541\Debug\cy_ble_cscs.o
LOAD .\CortexM0p\ARM_GCC_541\Debug\cy_ble_cts.o
LOAD .\CortexM0p\ARM_GCC_541\Debug\cy_ble_custom.o
LOAD .\CortexM0p\ARM_GCC_541\Debug\cy_ble_dis.o
LOAD .\CortexM0p\ARM_GCC_541\Debug\cy_ble_ess.o
LOAD .\CortexM0p\ARM_GCC_541\Debug\cy_ble_gls.o
LOAD .\CortexM0p\ARM_GCC_541\Debug\cy_ble_hids.o
LOAD .\CortexM0p\ARM_GCC_541\Debug\cy_ble_hps.o
LOAD .\CortexM0p\ARM_GCC_541\Debug\cy_ble_hrs.o
LOAD .\CortexM0p\ARM_GCC_541\Debug\cy_ble_hts.o
LOAD .\CortexM0p\ARM_GCC_541\Debug\cy_ble_ias.o
LOAD .\CortexM0p\ARM_GCC_541\Debug\cy_ble_ips.o
LOAD .\CortexM0p\ARM_GCC_541\Debug\cy_ble_lls.o
LOAD .\CortexM0p\ARM_GCC_541\Debug\cy_ble_lns.o
LOAD .\CortexM0p\ARM_GCC_541\Debug\cy_ble_ndcs.o
LOAD .\CortexM0p\ARM_GCC_541\Debug\cy_ble_plxs.o
LOAD .\CortexM0p\ARM_GCC_541\Debug\cy_ble_pass.o
LOAD .\CortexM0p\ARM_GCC_541\Debug\cy_ble_rscs.o
LOAD .\CortexM0p\ARM_GCC_541\Debug\cy_ble_rtus.o
LOAD .\CortexM0p\ARM_GCC_541\Debug\cy_ble_scps.o
LOAD .\CortexM0p\ARM_GCC_541\Debug\cy_ble_tps.o
LOAD .\CortexM0p\ARM_GCC_541\Debug\cy_ble_uds.o
LOAD .\CortexM0p\ARM_GCC_541\Debug\cy_ble_wpts.o
LOAD .\CortexM0p\ARM_GCC_541\Debug\cy_ble_wss.o
LOAD .\CortexM0p\ARM_GCC_541\Debug\cy_ble_clk.o
LOAD .\CortexM0p\ARM_GCC_541\Debug\Uart_Printf.o
LOAD D:\CyPRess Creator\PSoC Creator\4.2\PSoC Creator\psoc\content\CyComponentLibrary\CyComponentLibrary.cylib\CapSense_v2_0\Library\CapSense_Library_GCC_M0p.a
END GROUP
START GROUP
LOAD d:/cypress creator/psoc creator/4.2/psoc creator/import/gnu/arm/5.4.1/bin/../lib/gcc/arm-none-eabi/5.4.1/armv6-m\libgcc.a
LOAD d:/cypress creator/psoc creator/4.2/psoc creator/import/gnu/arm/5.4.1/bin/../lib/gcc/arm-none-eabi/5.4.1/../../../../arm-none-eabi/lib/armv6-m\libg_nano.a
LOAD d:/cypress creator/psoc creator/4.2/psoc creator/import/gnu/arm/5.4.1/bin/../lib/gcc/arm-none-eabi/5.4.1/../../../../arm-none-eabi/lib/armv6-m\libc_nano.a
END GROUP
START GROUP
LOAD d:/cypress creator/psoc creator/4.2/psoc creator/import/gnu/arm/5.4.1/bin/../lib/gcc/arm-none-eabi/5.4.1/armv6-m\libgcc.a
LOAD d:/cypress creator/psoc creator/4.2/psoc creator/import/gnu/arm/5.4.1/bin/../lib/gcc/arm-none-eabi/5.4.1/../../../../arm-none-eabi/lib/armv6-m\libc_nano.a
END GROUP
LOAD d:/cypress creator/psoc creator/4.2/psoc creator/import/gnu/arm/5.4.1/bin/../lib/gcc/arm-none-eabi/5.4.1/armv6-m/crtend.o
LOAD d:/cypress creator/psoc creator/4.2/psoc creator/import/gnu/arm/5.4.1/bin/../lib/gcc/arm-none-eabi/5.4.1/armv6-m/crtn.o
START GROUP
LOAD d:/cypress creator/psoc creator/4.2/psoc creator/import/gnu/arm/5.4.1/bin/../lib/gcc/arm-none-eabi/5.4.1/armv6-m\libgcc.a
LOAD d:/cypress creator/psoc creator/4.2/psoc creator/import/gnu/arm/5.4.1/bin/../lib/gcc/arm-none-eabi/5.4.1/../../../../arm-none-eabi/lib/armv6-m\libc.a
LOAD d:/cypress creator/psoc creator/4.2/psoc creator/import/gnu/arm/5.4.1/bin/../lib/gcc/arm-none-eabi/5.4.1/../../../../arm-none-eabi/lib/armv6-m\libnosys.a
END GROUP
START GROUP
LOAD d:/cypress creator/psoc creator/4.2/psoc creator/import/gnu/arm/5.4.1/bin/../lib/gcc/arm-none-eabi/5.4.1/armv6-m\libgcc.a
LOAD d:/cypress creator/psoc creator/4.2/psoc creator/import/gnu/arm/5.4.1/bin/../lib/gcc/arm-none-eabi/5.4.1/../../../../arm-none-eabi/lib/armv6-m\libc.a
LOAD d:/cypress creator/psoc creator/4.2/psoc creator/import/gnu/arm/5.4.1/bin/../lib/gcc/arm-none-eabi/5.4.1/../../../../arm-none-eabi/lib/armv6-m\libm.a
LOAD d:/cypress creator/psoc creator/4.2/psoc creator/import/gnu/arm/5.4.1/bin/../lib/gcc/arm-none-eabi/5.4.1/../../../../arm-none-eabi/lib/armv6-m\libnosys.a
END GROUP

.cy_app_header
 *(.cy_app_header)

.text           0x10000000     0x617c
                0x10000000                . = ALIGN (0x4)
                0x10000000                __Vectors = .
 *(.vectors)
 .vectors       0x10000000       0xc0 .\CortexM0p\ARM_GCC_541\Debug\startup_psoc63_cm0plus.o
                0x100000c0                . = ALIGN (0x4)
                0x100000c0                __Vectors_End = .
                0x000000c0                __Vectors_Size = (__Vectors_End - __Vectors)
                0x100000c0                __end__ = .
                0x100000c0                . = ALIGN (0x4)
 *(.text*)
 .text          0x100000c0       0x60 d:/cypress creator/psoc creator/4.2/psoc creator/import/gnu/arm/5.4.1/bin/../lib/gcc/arm-none-eabi/5.4.1/armv6-m/crtbegin.o
 .text          0x10000120       0x90 .\CortexM0p\ARM_GCC_541\Debug\startup_psoc63_cm0plus.o
                0x10000120                Cy_OnResetUser
                0x10000122                Cy_SaveIRQ
                0x1000012a                Cy_RestoreIRQ
                0x10000130                Reset_Handler
                0x10000190                SysTick_Handler
                0x10000190                PendSV_Handler
                0x10000190                NMI_Handler
                0x10000190                NvicMux19_IRQHandler
                0x10000190                NvicMux8_IRQHandler
                0x10000190                NvicMux27_IRQHandler
                0x10000190                NvicMux26_IRQHandler
                0x10000190                NvicMux17_IRQHandler
                0x10000190                NvicMux0_IRQHandler
                0x10000190                NvicMux25_IRQHandler
                0x10000190                NvicMux13_IRQHandler
                0x10000190                NvicMux11_IRQHandler
                0x10000190                NvicMux9_IRQHandler
                0x10000190                NvicMux18_IRQHandler
                0x10000190                NvicMux6_IRQHandler
                0x10000190                NvicMux10_IRQHandler
                0x10000190                NvicMux7_IRQHandler
                0x10000190                NvicMux2_IRQHandler
                0x10000190                NvicMux4_IRQHandler
                0x10000190                Default_Handler
                0x10000190                NvicMux30_IRQHandler
                0x10000190                NvicMux12_IRQHandler
                0x10000190                NvicMux5_IRQHandler
                0x10000190                NvicMux14_IRQHandler
                0x10000190                NvicMux3_IRQHandler
                0x10000190                SVC_Handler
                0x10000190                NvicMux1_IRQHandler
                0x10000190                NvicMux16_IRQHandler
                0x10000190                NvicMux29_IRQHandler
                0x10000190                NvicMux31_IRQHandler
                0x10000190                NvicMux21_IRQHandler
                0x10000190                NvicMux24_IRQHandler
                0x10000190                NvicMux20_IRQHandler
                0x10000190                NvicMux22_IRQHandler
                0x10000190                NvicMux15_IRQHandler
                0x10000190                NvicMux28_IRQHandler
                0x10000190                NvicMux23_IRQHandler
                0x10000194                HardFault_Handler
 .text.main     0x100001b0       0x34 .\CortexM0p\ARM_GCC_541\Debug\main_cm0p.o
                0x100001b0                main
 .text.SystemCoreClockUpdate
                0x100001e4      0x1b0 .\CortexM0p\ARM_GCC_541\Debug\system_psoc63_cm0plus.o
                0x100001e4                SystemCoreClockUpdate
 .text.SystemInit
                0x10000394       0xa4 .\CortexM0p\ARM_GCC_541\Debug\system_psoc63_cm0plus.o
                0x10000394                SystemInit
 .text.Cy_SysGetCM4Status
                0x10000438       0x10 .\CortexM0p\ARM_GCC_541\Debug\system_psoc63_cm0plus.o
                0x10000438                Cy_SysGetCM4Status
 .text.Cy_SysResetCM4
                0x10000448       0x34 .\CortexM0p\ARM_GCC_541\Debug\system_psoc63_cm0plus.o
                0x10000448                Cy_SysResetCM4
 .text.Cy_SysEnableCM4
                0x1000047c       0x4c .\CortexM0p\ARM_GCC_541\Debug\system_psoc63_cm0plus.o
                0x1000047c                Cy_SysEnableCM4
 .text.Cy_IPC_SystemPipeIsr
                0x100004c8        0xc .\CortexM0p\ARM_GCC_541\Debug\cy_ipc_config.o
 .text.Cy_IPC_SystemSemaInit
                0x100004d4       0x14 .\CortexM0p\ARM_GCC_541\Debug\cy_ipc_config.o
                0x100004d4                Cy_IPC_SystemSemaInit
 .text.Cy_IPC_SystemPipeInit
                0x100004e8       0x28 .\CortexM0p\ARM_GCC_541\Debug\cy_ipc_config.o
                0x100004e8                Cy_IPC_SystemPipeInit
 .text.CyClockStartupError
                0x10000510        0x4 .\CortexM0p\ARM_GCC_541\Debug\cyfitter_cfg.o
 .text.AnalogSetDefault
                0x10000514       0x24 .\CortexM0p\ARM_GCC_541\Debug\cyfitter_cfg.o
 .text.ClockInit
                0x10000538      0x23c .\CortexM0p\ARM_GCC_541\Debug\cyfitter_cfg.o
 .text.Cy_SystemInit
                0x10000774      0x1a0 .\CortexM0p\ARM_GCC_541\Debug\cyfitter_cfg.o
                0x10000774                Cy_SystemInit
 .text.Cy_BLE_Start
                0x10000914       0x20 .\CortexM0p\ARM_GCC_541\Debug\BLE.o
                0x10000914                Cy_BLE_Start
 .text.Cy_SysInt_SetIntSource
                0x10000934       0x88 .\CortexM0p\ARM_GCC_541\Debug\cy_sysint.o
                0x10000934                Cy_SysInt_SetIntSource
 .text.Cy_SysInt_GetIntSource
                0x100009bc       0x78 .\CortexM0p\ARM_GCC_541\Debug\cy_sysint.o
                0x100009bc                Cy_SysInt_GetIntSource
 .text.Cy_SysInt_SetVector
                0x10000a34       0x44 .\CortexM0p\ARM_GCC_541\Debug\cy_sysint.o
                0x10000a34                Cy_SysInt_SetVector
 .text.Cy_SysInt_Init
                0x10000a78       0xcc .\CortexM0p\ARM_GCC_541\Debug\cy_sysint.o
                0x10000a78                Cy_SysInt_Init
 .text.Cy_IPC_Drv_LockRelease
                0x10000b44       0x34 .\CortexM0p\ARM_GCC_541\Debug\cy_ipc_drv.o
                0x10000b44                Cy_IPC_Drv_LockRelease
 .text.Cy_IPC_Drv_SendMsgWord
                0x10000b78       0x40 .\CortexM0p\ARM_GCC_541\Debug\cy_ipc_drv.o
                0x10000b78                Cy_IPC_Drv_SendMsgWord
 .text.Cy_IPC_Drv_ReadMsgWord
                0x10000bb8       0x2c .\CortexM0p\ARM_GCC_541\Debug\cy_ipc_drv.o
                0x10000bb8                Cy_IPC_Drv_ReadMsgWord
 .text.Cy_IPC_Sema_Init
                0x10000be4       0xb8 .\CortexM0p\ARM_GCC_541\Debug\cy_ipc_sema.o
                0x10000be4                Cy_IPC_Sema_Init
 .text.Cy_IPC_Sema_Set
                0x10000c9c       0x8c .\CortexM0p\ARM_GCC_541\Debug\cy_ipc_sema.o
                0x10000c9c                Cy_IPC_Sema_Set
 .text.Cy_IPC_Sema_Clear
                0x10000d28       0x8c .\CortexM0p\ARM_GCC_541\Debug\cy_ipc_sema.o
                0x10000d28                Cy_IPC_Sema_Clear
 .text.Cy_IPC_Sema_Status
                0x10000db4       0x3c .\CortexM0p\ARM_GCC_541\Debug\cy_ipc_sema.o
                0x10000db4                Cy_IPC_Sema_Status
 .text.Cy_IPC_Pipe_Config
                0x10000df0       0x14 .\CortexM0p\ARM_GCC_541\Debug\cy_ipc_pipe.o
                0x10000df0                Cy_IPC_Pipe_Config
 .text.Cy_IPC_Pipe_EndpointInit
                0x10000e04       0xd0 .\CortexM0p\ARM_GCC_541\Debug\cy_ipc_pipe.o
                0x10000e04                Cy_IPC_Pipe_EndpointInit
 .text.Cy_IPC_Pipe_Init
                0x10000ed4       0xcc .\CortexM0p\ARM_GCC_541\Debug\cy_ipc_pipe.o
                0x10000ed4                Cy_IPC_Pipe_Init
 .text.Cy_IPC_Pipe_SendMessage
                0x10000fa0       0xd0 .\CortexM0p\ARM_GCC_541\Debug\cy_ipc_pipe.o
                0x10000fa0                Cy_IPC_Pipe_SendMessage
 .text.Cy_IPC_Pipe_RegisterCallback
                0x10001070       0x64 .\CortexM0p\ARM_GCC_541\Debug\cy_ipc_pipe.o
                0x10001070                Cy_IPC_Pipe_RegisterCallback
 .text.Cy_IPC_Pipe_RegisterCallbackRel
                0x100010d4       0x3c .\CortexM0p\ARM_GCC_541\Debug\cy_ipc_pipe.o
                0x100010d4                Cy_IPC_Pipe_RegisterCallbackRel
 .text.Cy_IPC_Pipe_ExecCallback
                0x10001110       0xc4 .\CortexM0p\ARM_GCC_541\Debug\cy_ipc_pipe.o
                0x10001110                Cy_IPC_Pipe_ExecCallback
 .text.Cy_IPC_Pipe_ExecuteCallback
                0x100011d4       0x3c .\CortexM0p\ARM_GCC_541\Debug\cy_ipc_pipe.o
                0x100011d4                Cy_IPC_Pipe_ExecuteCallback
 .text.Cy_IPC_Pipe_EndpointPause
                0x10001210       0x60 .\CortexM0p\ARM_GCC_541\Debug\cy_ipc_pipe.o
                0x10001210                Cy_IPC_Pipe_EndpointPause
 .text.Cy_IPC_Pipe_EndpointResume
                0x10001270       0x58 .\CortexM0p\ARM_GCC_541\Debug\cy_ipc_pipe.o
                0x10001270                Cy_IPC_Pipe_EndpointResume
 .text.Cy_SysClk_ClkPathSetSource
                0x100012c8       0x50 .\CortexM0p\ARM_GCC_541\Debug\cy_sysclk.o
                0x100012c8                Cy_SysClk_ClkPathSetSource
 .text.Cy_SysClk_ClkPathGetSource
                0x10001318       0x40 .\CortexM0p\ARM_GCC_541\Debug\cy_sysclk.o
                0x10001318                Cy_SysClk_ClkPathGetSource
 .text.Cy_SysClk_FllManualConfigure
                0x10001358      0x170 .\CortexM0p\ARM_GCC_541\Debug\cy_sysclk.o
                0x10001358                Cy_SysClk_FllManualConfigure
 .text.Cy_SysClk_FllEnable
                0x100014c8       0xcc .\CortexM0p\ARM_GCC_541\Debug\cy_sysclk.o
                0x100014c8                Cy_SysClk_FllEnable
 .text.Cy_SysClk_StartClkMeasurementCounters
                0x10001594      0x1b8 .\CortexM0p\ARM_GCC_541\Debug\cy_sysclk.o
                0x10001594                Cy_SysClk_StartClkMeasurementCounters
 .text.Cy_SysClk_ClkMeasurementCountersGetFreq
                0x1000174c       0xdc .\CortexM0p\ARM_GCC_541\Debug\cy_sysclk.o
                0x1000174c                Cy_SysClk_ClkMeasurementCountersGetFreq
 .text.Cy_Flash_GetRowNum
                0x10001828       0x4c .\CortexM0p\ARM_GCC_541\Debug\cy_flash.o
 .text.Cy_Flash_BoundsCheck
                0x10001874       0x1c .\CortexM0p\ARM_GCC_541\Debug\cy_flash.o
 .text.Cy_Flash_ProcessOpcode
                0x10001890       0xbc .\CortexM0p\ARM_GCC_541\Debug\cy_flash.o
 .text.Cy_Flash_OperationStatus
                0x1000194c       0x4c .\CortexM0p\ARM_GCC_541\Debug\cy_flash.o
 .text.Cy_Flash_Init
                0x10001998       0x14 .\CortexM0p\ARM_GCC_541\Debug\cy_flash.o
                0x10001998                Cy_Flash_Init
 .text.Cy_Flash_WriteRow
                0x100019ac       0x84 .\CortexM0p\ARM_GCC_541\Debug\cy_flash.o
                0x100019ac                Cy_Flash_WriteRow
 .text.Cy_Flash_IsOperationComplete
                0x10001a30        0x8 .\CortexM0p\ARM_GCC_541\Debug\cy_flash.o
                0x10001a30                Cy_Flash_IsOperationComplete
 .text.Cy_Flash_StartErase
                0x10001a38       0x80 .\CortexM0p\ARM_GCC_541\Debug\cy_flash.o
                0x10001a38                Cy_Flash_StartErase
 .text.Cy_Flash_StartProgram
                0x10001ab8       0x88 .\CortexM0p\ARM_GCC_541\Debug\cy_flash.o
                0x10001ab8                Cy_Flash_StartProgram
 .text.Cy_GPIO_Pin_Init
                0x10001b40      0x2d4 .\CortexM0p\ARM_GCC_541\Debug\cy_gpio.o
                0x10001b40                Cy_GPIO_Pin_Init
 .text.Cy_GPIO_Port_Init
                0x10001e14       0xb4 .\CortexM0p\ARM_GCC_541\Debug\cy_gpio.o
                0x10001e14                Cy_GPIO_Port_Init
 .text.SaveRegisters
                0x10001ec8       0x54 .\CortexM0p\ARM_GCC_541\Debug\cy_syspm.o
 .text.RestoreRegisters
                0x10001f1c       0x54 .\CortexM0p\ARM_GCC_541\Debug\cy_syspm.o
 .text.SetReadMarginTrimUlp
                0x10001f70       0x28 .\CortexM0p\ARM_GCC_541\Debug\cy_syspm.o
 .text.SetReadMarginTrimLp
                0x10001f98       0x28 .\CortexM0p\ARM_GCC_541\Debug\cy_syspm.o
 .text.SetWriteAssistTrimUlp
                0x10001fc0       0x20 .\CortexM0p\ARM_GCC_541\Debug\cy_syspm.o
 .text.SetWriteAssistTrimLp
                0x10001fe0       0x20 .\CortexM0p\ARM_GCC_541\Debug\cy_syspm.o
 .text.IsVoltageChangePossible
                0x10002000       0x34 .\CortexM0p\ARM_GCC_541\Debug\cy_syspm.o
 .text.WriteVoltageBitForFlash
                0x10002034       0x78 .\CortexM0p\ARM_GCC_541\Debug\cy_syspm.o
 .text.Cy_SysPm_BuckSetVoltage1
                0x100020ac       0xac .\CortexM0p\ARM_GCC_541\Debug\cy_syspm.o
                0x100020ac                Cy_SysPm_BuckSetVoltage1
 .text.Cy_SysPm_BuckEnable
                0x10002158      0x148 .\CortexM0p\ARM_GCC_541\Debug\cy_syspm.o
                0x10002158                Cy_SysPm_BuckEnable
 .text.Cy_SysPm_BuckIsOutputEnabled
                0x100022a0       0x4c .\CortexM0p\ARM_GCC_541\Debug\cy_syspm.o
                0x100022a0                Cy_SysPm_BuckIsOutputEnabled
 .text.Cy_SysPm_BuckSetVoltage2
                0x100022ec       0x4c .\CortexM0p\ARM_GCC_541\Debug\cy_syspm.o
                0x100022ec                Cy_SysPm_BuckSetVoltage2
 .text.Cy_SysPm_LdoSetVoltage
                0x10002338       0xc8 .\CortexM0p\ARM_GCC_541\Debug\cy_syspm.o
                0x10002338                Cy_SysPm_LdoSetVoltage
 .text.Cy_SysPm_RegisterCallback
                0x10002400       0x7c .\CortexM0p\ARM_GCC_541\Debug\cy_syspm.o
                0x10002400                Cy_SysPm_RegisterCallback
 .text.Cy_SysPm_ExecuteCallback
                0x1000247c       0xc8 .\CortexM0p\ARM_GCC_541\Debug\cy_syspm.o
                0x1000247c                Cy_SysPm_ExecuteCallback
 .text.Cy_SysPm_Sleep
                0x10002544       0x8c .\CortexM0p\ARM_GCC_541\Debug\cy_syspm.o
                0x10002544                Cy_SysPm_Sleep
 .text.Cy_SysPm_DeepSleep
                0x100025d0      0x110 .\CortexM0p\ARM_GCC_541\Debug\cy_syspm.o
                0x100025d0                Cy_SysPm_DeepSleep
 .text.Cy_SysPm_IoUnfreeze
                0x100026e0       0x2c .\CortexM0p\ARM_GCC_541\Debug\cy_syspm.o
                0x100026e0                Cy_SysPm_IoUnfreeze
 .text.Cy_SysLib_DelayUs
                0x1000270c       0x14 .\CortexM0p\ARM_GCC_541\Debug\cy_syslib.o
                0x1000270c                Cy_SysLib_DelayUs
 .text.Cy_SysLib_Halt
                0x10002720        0x4 .\CortexM0p\ARM_GCC_541\Debug\cy_syslib.o
                0x10002720                Cy_SysLib_Halt
 .text.Cy_SysLib_AssertFailed
                0x10002724       0x1c .\CortexM0p\ARM_GCC_541\Debug\cy_syslib.o
                0x10002724                Cy_SysLib_AssertFailed
 .text.Cy_SysLib_ClearFlashCacheAndBuffer
                0x10002740        0xc .\CortexM0p\ARM_GCC_541\Debug\cy_syslib.o
                0x10002740                Cy_SysLib_ClearFlashCacheAndBuffer
 .text.Cy_SysLib_ResetBackupDomain
                0x1000274c       0x20 .\CortexM0p\ARM_GCC_541\Debug\cy_syslib.o
                0x1000274c                Cy_SysLib_ResetBackupDomain
 .text.Cy_SysLib_GetResetReason
                0x1000276c       0x1c .\CortexM0p\ARM_GCC_541\Debug\cy_syslib.o
                0x1000276c                Cy_SysLib_GetResetReason
 .text.Cy_SysLib_ProcessingFault
                0x10002788        0x4 .\CortexM0p\ARM_GCC_541\Debug\cy_syslib.o
                0x10002788                Cy_SysLib_ProcessingFault
 .text.Cy_SysLib_FaultHandler
                0x1000278c       0x30 .\CortexM0p\ARM_GCC_541\Debug\cy_syslib.o
                0x1000278c                Cy_SysLib_FaultHandler
 .text.Cy_SysLib_SetWaitStates
                0x100027bc       0x90 .\CortexM0p\ARM_GCC_541\Debug\cy_syslib.o
                0x100027bc                Cy_SysLib_SetWaitStates
 *fill*         0x1000284c        0x4 
 .text          0x10002850       0x20 .\CortexM0p\ARM_GCC_541\Debug\cy_syslib_gcc.o
                0x10002850                Cy_SysLib_DelayCycles
                0x10002862                Cy_SysLib_EnterCriticalSection
                0x1000286a                Cy_SysLib_ExitCriticalSection
 .text.Cy_SysTick_SetClockSource
                0x10002870       0x34 .\CortexM0p\ARM_GCC_541\Debug\cy_systick.o
                0x10002870                Cy_SysTick_SetClockSource
 .text.Cy_Prot_GetActivePC
                0x100028a4       0x28 .\CortexM0p\ARM_GCC_541\Debug\cy_prot.o
                0x100028a4                Cy_Prot_GetActivePC
 .text.Cy_BLE_DeepSleepCallback
                0x100028cc       0xb4 .\CortexM0p\ARM_GCC_541\Debug\cy_ble.o
                0x100028cc                Cy_BLE_DeepSleepCallback
 .text.Cy_BLE_Init
                0x10002980       0x20 .\CortexM0p\ARM_GCC_541\Debug\cy_ble.o
                0x10002980                Cy_BLE_Init
 .text.Cy_BLE_Enable
                0x100029a0       0x64 .\CortexM0p\ARM_GCC_541\Debug\cy_ble.o
                0x100029a0                Cy_BLE_Enable
 .text.Cy_BLE_ConfigureExtPA
                0x10002a04       0x10 .\CortexM0p\ARM_GCC_541\Debug\cy_ble.o
                0x10002a04                Cy_BLE_ConfigureExtPA
 .text.Cy_BLE_BlessInterrupt
                0x10002a14        0x8 .\CortexM0p\ARM_GCC_541\Debug\cy_ble_hal_int.o
                0x10002a14                Cy_BLE_BlessInterrupt
 .text.Cy_BLE_IPC_CtrlMsgFlushRecvCallBack
                0x10002a1c       0x10 .\CortexM0p\ARM_GCC_541\Debug\cy_ble_hal_pvt.o
 .text.Cy_BLE_HAL_RadioCalibrationRead
                0x10002a2c       0x2c .\CortexM0p\ARM_GCC_541\Debug\cy_ble_hal_pvt.o
                0x10002a2c                Cy_BLE_HAL_RadioCalibrationRead
 .text.Cy_BLE_HAL_NvramWrite
                0x10002a58      0x324 .\CortexM0p\ARM_GCC_541\Debug\cy_ble_hal_pvt.o
                0x10002a58                Cy_BLE_HAL_NvramWrite
 .text.Cy_BLE_HAL_RadioCalibrationWrite
                0x10002d7c       0x2c .\CortexM0p\ARM_GCC_541\Debug\cy_ble_hal_pvt.o
                0x10002d7c                Cy_BLE_HAL_RadioCalibrationWrite
 .text.Cy_BLE_HAL_GetIcPackageType
                0x10002da8        0x4 .\CortexM0p\ARM_GCC_541\Debug\cy_ble_hal_pvt.o
                0x10002da8                Cy_BLE_HAL_GetIcPackageType
 .text.Cy_BLE_HAL_GetSiliconId
                0x10002dac        0xc .\CortexM0p\ARM_GCC_541\Debug\cy_ble_hal_pvt.o
                0x10002dac                Cy_BLE_HAL_GetSiliconId
 .text.Cy_BLE_HAL_IsDefinedTx5dbm
                0x10002db8        0x4 .\CortexM0p\ARM_GCC_541\Debug\cy_ble_hal_pvt.o
                0x10002db8                Cy_BLE_HAL_IsDefinedTx5dbm
 .text.Cy_BLE_HAL_DelayUs
                0x10002dbc        0x8 .\CortexM0p\ARM_GCC_541\Debug\cy_ble_hal_pvt.o
                0x10002dbc                Cy_BLE_HAL_DelayUs
 .text.Cy_BLE_HAL_LfClkGetSource
                0x10002dc4       0x14 .\CortexM0p\ARM_GCC_541\Debug\cy_ble_hal_pvt.o
                0x10002dc4                Cy_BLE_HAL_LfClkGetSource
 .text.Cy_BLE_HAL_ClkMeasurementCountersDone
                0x10002dd8       0x14 .\CortexM0p\ARM_GCC_541\Debug\cy_ble_hal_pvt.o
                0x10002dd8                Cy_BLE_HAL_ClkMeasurementCountersDone
 .text.Cy_BLE_HAL_ClkMeasurementCountersGetFreq
                0x10002dec        0x8 .\CortexM0p\ARM_GCC_541\Debug\cy_ble_hal_pvt.o
                0x10002dec                Cy_BLE_HAL_ClkMeasurementCountersGetFreq
 .text.Cy_BLE_HAL_StartClkMeasurementCounters
                0x10002df4       0x2c .\CortexM0p\ARM_GCC_541\Debug\cy_ble_hal_pvt.o
                0x10002df4                Cy_BLE_HAL_StartClkMeasurementCounters
 .text.Cy_BLE_HAL_TryPiloTrim
                0x10002e20       0x78 .\CortexM0p\ARM_GCC_541\Debug\cy_ble_hal_pvt.o
                0x10002e20                Cy_BLE_HAL_TryPiloTrim
 .text.Cy_BLE_HAL_PiloTrim
                0x10002e98       0x14 .\CortexM0p\ARM_GCC_541\Debug\cy_ble_hal_pvt.o
                0x10002e98                Cy_BLE_HAL_PiloTrim
 .text.Cy_BLE_HAL_BlessStart
                0x10002eac       0x40 .\CortexM0p\ARM_GCC_541\Debug\cy_ble_hal_pvt.o
                0x10002eac                Cy_BLE_HAL_BlessStart
 .text.Cy_BLE_HAL_GetIpBlockVersion
                0x10002eec        0x4 .\CortexM0p\ARM_GCC_541\Debug\cy_ble_hal_pvt.o
                0x10002eec                Cy_BLE_HAL_GetIpBlockVersion
 .text.Cy_BLE_HAL_EnterCriticalSection
                0x10002ef0        0x8 .\CortexM0p\ARM_GCC_541\Debug\cy_ble_hal_pvt.o
                0x10002ef0                Cy_BLE_HAL_EnterCriticalSection
 .text.Cy_BLE_HAL_ExitCriticalSection
                0x10002ef8        0x8 .\CortexM0p\ARM_GCC_541\Debug\cy_ble_hal_pvt.o
                0x10002ef8                Cy_BLE_HAL_ExitCriticalSection
 .text.Cy_BLE_HAL_SysPmSleep
                0x10002f00        0x8 .\CortexM0p\ARM_GCC_541\Debug\cy_ble_hal_pvt.o
                0x10002f00                Cy_BLE_HAL_SysPmSleep
 .text.Cy_BLE_HAL_SimoBuckSetVoltage2
                0x10002f08        0xc .\CortexM0p\ARM_GCC_541\Debug\cy_ble_hal_pvt.o
                0x10002f08                Cy_BLE_HAL_SimoBuckSetVoltage2
 .text.Cy_BLE_Ipc_Cypipe_Isr_Enable
                0x10002f14        0xc .\CortexM0p\ARM_GCC_541\Debug\cy_ble_hal_pvt.o
                0x10002f14                Cy_BLE_Ipc_Cypipe_Isr_Enable
 .text.Cy_BLE_HAL_EnableGlobalInterrupts
                0x10002f20       0x2c .\CortexM0p\ARM_GCC_541\Debug\cy_ble_hal_pvt.o
                0x10002f20                Cy_BLE_HAL_EnableGlobalInterrupts
 .text.Cy_BLE_Ipc_Cypipe_Isr_Disable
                0x10002f4c        0xc .\CortexM0p\ARM_GCC_541\Debug\cy_ble_hal_pvt.o
                0x10002f4c                Cy_BLE_Ipc_Cypipe_Isr_Disable
 .text.Cy_BLE_HAL_DisableGlobalInterrupts
                0x10002f58       0x34 .\CortexM0p\ARM_GCC_541\Debug\cy_ble_hal_pvt.o
                0x10002f58                Cy_BLE_HAL_DisableGlobalInterrupts
 .text.Cy_BLE_IPC_ControllerRegisterClientCallbacks
                0x10002f8c       0x28 .\CortexM0p\ARM_GCC_541\Debug\cy_ble_hal_pvt.o
                0x10002f8c                Cy_BLE_IPC_ControllerRegisterClientCallbacks
 .text.Cy_BLE_IPC_SendMessageToHost
                0x10002fb4       0x20 .\CortexM0p\ARM_GCC_541\Debug\cy_ble_hal_pvt.o
                0x10002fb4                Cy_BLE_IPC_SendMessageToHost
 .text.Cy_BLE_HAL_RcbRegRead
                0x10002fd4       0x50 .\CortexM0p\ARM_GCC_541\Debug\cy_ble_clk.o
 .text.Cy_BLE_HAL_RcbRegWrite
                0x10003024       0x4c .\CortexM0p\ARM_GCC_541\Debug\cy_ble_clk.o
 .text.Cy_BLE_HAL_MxdRadioEnableClocks
                0x10003070      0x21c .\CortexM0p\ARM_GCC_541\Debug\cy_ble_clk.o
 .text.Cy_BLE_HAL_EcoSetTrim
                0x1000328c       0x38 .\CortexM0p\ARM_GCC_541\Debug\cy_ble_clk.o
 .text.Cy_BLE_EcoStop
                0x100032c4       0x18 .\CortexM0p\ARM_GCC_541\Debug\cy_ble_clk.o
                0x100032c4                Cy_BLE_EcoStop
 .text.Cy_BLE_HAL_Init
                0x100032dc       0x68 .\CortexM0p\ARM_GCC_541\Debug\cy_ble_clk.o
                0x100032dc                Cy_BLE_HAL_Init
 .text.Cy_BLE_EcoStart
                0x10003344      0x23c .\CortexM0p\ARM_GCC_541\Debug\cy_ble_clk.o
                0x10003344                Cy_BLE_EcoStart
 .text.Cy_BLE_HAL_EcoGetFrequency
                0x10003580        0xc .\CortexM0p\ARM_GCC_541\Debug\cy_ble_clk.o
                0x10003580                Cy_BLE_HAL_EcoGetFrequency
 .text.Cy_BLE_HAL_IsEcoCpuClockSrc
                0x1000358c       0x20 .\CortexM0p\ARM_GCC_541\Debug\cy_ble_clk.o
                0x1000358c                Cy_BLE_HAL_IsEcoCpuClockSrc
 .text.Cy_BLE_HAL_IsWcoLfclkSrc
                0x100035ac       0x24 .\CortexM0p\ARM_GCC_541\Debug\cy_ble_clk.o
                0x100035ac                Cy_BLE_HAL_IsWcoLfclkSrc
 .text          0x100035d0      0x114 d:/cypress creator/psoc creator/4.2/psoc creator/import/gnu/arm/5.4.1/bin/../lib/gcc/arm-none-eabi/5.4.1/armv6-m\libgcc.a(_udivsi3.o)
                0x100035d0                __aeabi_uidiv
                0x100035d0                __udivsi3
                0x100036dc                __aeabi_uidivmod
 .text          0x100036e4      0x1d4 d:/cypress creator/psoc creator/4.2/psoc creator/import/gnu/arm/5.4.1/bin/../lib/gcc/arm-none-eabi/5.4.1/armv6-m\libgcc.a(_divsi3.o)
                0x100036e4                __divsi3
                0x100036e4                __aeabi_idiv
                0x100038b0                __aeabi_idivmod
 .text          0x100038b8        0x4 d:/cypress creator/psoc creator/4.2/psoc creator/import/gnu/arm/5.4.1/bin/../lib/gcc/arm-none-eabi/5.4.1/armv6-m\libgcc.a(_dvmd_tls.o)
                0x100038b8                __aeabi_idiv0
                0x100038b8                __aeabi_ldiv0
 .text          0x100038bc       0x40 d:/cypress creator/psoc creator/4.2/psoc creator/import/gnu/arm/5.4.1/bin/../lib/gcc/arm-none-eabi/5.4.1/armv6-m\libgcc.a(_aeabi_uldivmod.o)
                0x100038bc                __aeabi_uldivmod
 .text          0x100038fc       0x58 d:/cypress creator/psoc creator/4.2/psoc creator/import/gnu/arm/5.4.1/bin/../lib/gcc/arm-none-eabi/5.4.1/armv6-m\libgcc.a(_muldi3.o)
                0x100038fc                __muldi3
                0x100038fc                __aeabi_lmul
 .text          0x10003954       0x3c d:/cypress creator/psoc creator/4.2/psoc creator/import/gnu/arm/5.4.1/bin/../lib/gcc/arm-none-eabi/5.4.1/armv6-m\libgcc.a(_fixunsdfsi.o)
                0x10003954                __aeabi_d2uiz
                0x10003954                __fixunsdfsi
 .text          0x10003990      0x180 d:/cypress creator/psoc creator/4.2/psoc creator/import/gnu/arm/5.4.1/bin/../lib/gcc/arm-none-eabi/5.4.1/armv6-m\libgcc.a(_udivmoddi4.o)
                0x10003990                __udivmoddi4
 .text          0x10003b10      0x62c d:/cypress creator/psoc creator/4.2/psoc creator/import/gnu/arm/5.4.1/bin/../lib/gcc/arm-none-eabi/5.4.1/armv6-m\libgcc.a(divdf3.o)
                0x10003b10                __aeabi_ddiv
 .text          0x1000413c      0x4f4 d:/cypress creator/psoc creator/4.2/psoc creator/import/gnu/arm/5.4.1/bin/../lib/gcc/arm-none-eabi/5.4.1/armv6-m\libgcc.a(muldf3.o)
                0x1000413c                __aeabi_dmul
 .text          0x10004630      0x6a8 d:/cypress creator/psoc creator/4.2/psoc creator/import/gnu/arm/5.4.1/bin/../lib/gcc/arm-none-eabi/5.4.1/armv6-m\libgcc.a(subdf3.o)
                0x10004630                __aeabi_dsub
 .text          0x10004cd8       0x6c d:/cypress creator/psoc creator/4.2/psoc creator/import/gnu/arm/5.4.1/bin/../lib/gcc/arm-none-eabi/5.4.1/armv6-m\libgcc.a(fixdfsi.o)
                0x10004cd8                __aeabi_d2iz
 .text          0x10004d44       0x70 d:/cypress creator/psoc creator/4.2/psoc creator/import/gnu/arm/5.4.1/bin/../lib/gcc/arm-none-eabi/5.4.1/armv6-m\libgcc.a(floatunsidf.o)
                0x10004d44                __aeabi_ui2d
 .text          0x10004db4       0x7c d:/cypress creator/psoc creator/4.2/psoc creator/import/gnu/arm/5.4.1/bin/../lib/gcc/arm-none-eabi/5.4.1/armv6-m\libgcc.a(_arm_cmpdf2.o)
                0x10004db4                __aeabi_cdrcmple
                0x10004dc4                __aeabi_cdcmple
                0x10004dc4                __aeabi_cdcmpeq
                0x10004dd4                __aeabi_dcmpeq
                0x10004de0                __aeabi_dcmplt
                0x10004df4                __aeabi_dcmple
                0x10004e08                __aeabi_dcmpgt
                0x10004e1c                __aeabi_dcmpge
 .text          0x10004e30       0x3c d:/cypress creator/psoc creator/4.2/psoc creator/import/gnu/arm/5.4.1/bin/../lib/gcc/arm-none-eabi/5.4.1/armv6-m\libgcc.a(_clzsi2.o)
                0x10004e30                __clzsi2
 .text          0x10004e6c       0x18 d:/cypress creator/psoc creator/4.2/psoc creator/import/gnu/arm/5.4.1/bin/../lib/gcc/arm-none-eabi/5.4.1/armv6-m\libgcc.a(_clzdi2.o)
                0x10004e6c                __clzdi2
 .text          0x10004e84       0x80 d:/cypress creator/psoc creator/4.2/psoc creator/import/gnu/arm/5.4.1/bin/../lib/gcc/arm-none-eabi/5.4.1/armv6-m\libgcc.a(eqdf2.o)
                0x10004e84                __nedf2
                0x10004e84                __eqdf2
 .text          0x10004f04       0xc8 d:/cypress creator/psoc creator/4.2/psoc creator/import/gnu/arm/5.4.1/bin/../lib/gcc/arm-none-eabi/5.4.1/armv6-m\libgcc.a(gedf2.o)
                0x10004f04                __gedf2
                0x10004f04                __gtdf2
 .text          0x10004fcc       0xd4 d:/cypress creator/psoc creator/4.2/psoc creator/import/gnu/arm/5.4.1/bin/../lib/gcc/arm-none-eabi/5.4.1/armv6-m\libgcc.a(ledf2.o)
                0x10004fcc                __ledf2
                0x10004fcc                __ltdf2
 .text.memcmp   0x100050a0       0x1e d:/cypress creator/psoc creator/4.2/psoc creator/import/gnu/arm/5.4.1/bin/../lib/gcc/arm-none-eabi/5.4.1/../../../../arm-none-eabi/lib/armv6-m\libg_nano.a(lib_a-memcmp.o)
                0x100050a0                memcmp
 .text.memcpy   0x100050be       0x12 d:/cypress creator/psoc creator/4.2/psoc creator/import/gnu/arm/5.4.1/bin/../lib/gcc/arm-none-eabi/5.4.1/../../../../arm-none-eabi/lib/armv6-m\libg_nano.a(lib_a-memcpy-stub.o)
                0x100050be                memcpy
 .text.memset   0x100050d0       0x10 d:/cypress creator/psoc creator/4.2/psoc creator/import/gnu/arm/5.4.1/bin/../lib/gcc/arm-none-eabi/5.4.1/../../../../arm-none-eabi/lib/armv6-m\libg_nano.a(lib_a-memset.o)
                0x100050d0                memset
 .text.strncpy  0x100050e0       0x26 d:/cypress creator/psoc creator/4.2/psoc creator/import/gnu/arm/5.4.1/bin/../lib/gcc/arm-none-eabi/5.4.1/../../../../arm-none-eabi/lib/armv6-m\libg_nano.a(lib_a-strncpy.o)
                0x100050e0                strncpy
 *(.init)
 *fill*         0x10005106        0x2 
 .init          0x10005108        0x4 d:/cypress creator/psoc creator/4.2/psoc creator/import/gnu/arm/5.4.1/bin/../lib/gcc/arm-none-eabi/5.4.1/armv6-m/crti.o
                0x10005108                _init
 .init          0x1000510c        0x8 d:/cypress creator/psoc creator/4.2/psoc creator/import/gnu/arm/5.4.1/bin/../lib/gcc/arm-none-eabi/5.4.1/armv6-m/crtn.o
 *(.fini)
 .fini          0x10005114        0x4 d:/cypress creator/psoc creator/4.2/psoc creator/import/gnu/arm/5.4.1/bin/../lib/gcc/arm-none-eabi/5.4.1/armv6-m/crti.o
                0x10005114                _fini
 .fini          0x10005118        0x8 d:/cypress creator/psoc creator/4.2/psoc creator/import/gnu/arm/5.4.1/bin/../lib/gcc/arm-none-eabi/5.4.1/armv6-m/crtn.o
 .fini.__stub   0x10005120       0x30 linker stubs
 *crtbegin.o(.ctors)
 *crtbegin?.o(.ctors)
 *(EXCLUDE_FILE(*crtend.o *crtend?.o) .ctors)
 *(SORT(.ctors.*))
 *(.ctors)
 *crtbegin.o(.dtors)
 *crtbegin?.o(.dtors)
 *(EXCLUDE_FILE(*crtend.o *crtend?.o) .dtors)
 *(SORT(.dtors.*))
 *(.dtors)
 *(.rodata .rodata.* .constdata .constdata.* .conststring .conststring.*)
 .rodata.str1.4
                0x10005150        0xc .\CortexM0p\ARM_GCC_541\Debug\main_cm0p.o
 .rodata        0x1000515c       0x34 .\CortexM0p\ARM_GCC_541\Debug\cy_ipc_config.o
 .rodata        0x10005190        0x8 .\CortexM0p\ARM_GCC_541\Debug\cyfitter_sysint_cfg.o
                0x10005190                BLE_bless_isr_cfg
 .rodata        0x10005198       0xec .\CortexM0p\ARM_GCC_541\Debug\cyfitter_cfg.o
 .rodata        0x10005284       0x40 .\CortexM0p\ARM_GCC_541\Debug\cy_sysint.o
 .rodata.str1.4
                0x100052c4       0x41 .\CortexM0p\ARM_GCC_541\Debug\cy_sysint.o
 *fill*         0x10005305        0x3 
 .rodata.str1.4
                0x10005308       0x7f .\CortexM0p\ARM_GCC_541\Debug\cy_ipc_drv.o
 *fill*         0x10005387        0x1 
 .rodata.str1.4
                0x10005388       0x3f .\CortexM0p\ARM_GCC_541\Debug\cy_ipc_sema.o
 *fill*         0x100053c7        0x1 
 .rodata.str1.4
                0x100053c8       0x40 .\CortexM0p\ARM_GCC_541\Debug\cy_ipc_pipe.o
                                 0x7f (size before relaxing)
 .rodata.str1.4
                0x10005408       0x85 .\CortexM0p\ARM_GCC_541\Debug\cy_sysclk.o
 *fill*         0x1000548d        0x3 
 .rodata.str1.4
                0x10005490       0x7d .\CortexM0p\ARM_GCC_541\Debug\cy_gpio.o
 *fill*         0x1000550d        0x3 
 .rodata.str1.4
                0x10005510       0x3f .\CortexM0p\ARM_GCC_541\Debug\cy_syspm.o
 *fill*         0x1000554f        0x1 
 .rodata.str1.4
                0x10005550       0x3d .\CortexM0p\ARM_GCC_541\Debug\cy_prot.o
 *fill*         0x1000558d        0x3 
 .rodata.str1.4
                0x10005590       0x3c .\CortexM0p\ARM_GCC_541\Debug\cy_ble_hal_pvt.o
                                 0x3b (size before relaxing)
 .rodata        0x100055cc       0x6c .\CortexM0p\ARM_GCC_541\Debug\cy_ble_clk.o
 .constdata     0x10005638       0x48 Generated_Source\PSoC6\pdl\middleware\ble\lib\cy_ble_stack_gcc_controller_ipc_cm0p.a(config_bin.o)
                0x10005638                bt_cfg_pdata
 .constdata     0x10005680       0x10 Generated_Source\PSoC6\pdl\middleware\ble\lib\cy_ble_stack_gcc_controller_ipc_cm0p.a(ll_connection.o)
                0x10005680                g_slave_clock_accuracy
 .constdata     0x10005690       0xd0 Generated_Source\PSoC6\pdl\middleware\ble\lib\cy_ble_stack_gcc_controller_ipc_cm0p.a(ll_pdu.o)
                0x10005690                enc_valid_pdu_list
                0x10005698                fp_ll_pdu_handlers
                0x100056fc                fp_ll_pdu_ack_handlers
 .constdata     0x10005760       0x88 Generated_Source\PSoC6\pdl\middleware\ble\lib\cy_ble_stack_gcc_controller_ipc_cm0p.a(ll_privacy.o)
 .constdata     0x100057e8       0x40 Generated_Source\PSoC6\pdl\middleware\ble\lib\cy_ble_stack_gcc_controller_ipc_cm0p.a(ll_dle.o)
 .constdata     0x10005828       0x50 Generated_Source\PSoC6\pdl\middleware\ble\lib\cy_ble_stack_gcc_controller_ipc_cm0p.a(ll_phy_update.o)
 .constdata     0x10005878       0x84 Generated_Source\PSoC6\pdl\middleware\ble\lib\cy_ble_stack_gcc_controller_ipc_cm0p.a(lec_hci_le_commands.o)
 .constdata     0x100058fc      0x3f6 Generated_Source\PSoC6\pdl\middleware\ble\lib\cy_ble_stack_gcc_controller_ipc_cm0p.a(lec_hci_le_commands.o)
 *fill*         0x10005cf2        0x2 
 .constdata     0x10005cf4       0x84 Generated_Source\PSoC6\pdl\middleware\ble\lib\cy_ble_stack_gcc_controller_ipc_cm0p.a(lec_hci_le_commands.o)
 .constdata     0x10005d78       0x84 Generated_Source\PSoC6\pdl\middleware\ble\lib\cy_ble_stack_gcc_controller_ipc_cm0p.a(lec_hci_le_commands.o)
 .constdata     0x10005dfc       0x21 Generated_Source\PSoC6\pdl\middleware\ble\lib\cy_ble_stack_gcc_controller_ipc_cm0p.a(lec_hci_le_commands.o)
 .constdata     0x10005e1d       0x40 Generated_Source\PSoC6\pdl\middleware\ble\lib\cy_ble_stack_gcc_controller_ipc_cm0p.a(lec_hci_le_common_commands.o)
                0x10005e1d                Cu8_hci_le_supported_commands_array
 *fill*         0x10005e5d        0x3 
 .constdata     0x10005e60       0xcc Generated_Source\PSoC6\pdl\middleware\ble\lib\cy_ble_stack_gcc_controller_ipc_cm0p.a(lec_hci_le_privacy.o)
 .constdata     0x10005f2c        0xc Generated_Source\PSoC6\pdl\middleware\ble\lib\cy_ble_stack_gcc_controller_ipc_cm0p.a(lec_hci_le_privacy.o)
 .constdata     0x10005f38       0x60 Generated_Source\PSoC6\pdl\middleware\ble\lib\cy_ble_stack_gcc_controller_ipc_cm0p.a(lec_hci_le_dle.o)
 .constdata     0x10005f98       0x78 Generated_Source\PSoC6\pdl\middleware\ble\lib\cy_ble_stack_gcc_controller_ipc_cm0p.a(lec_hci_le_phy_update.o)
 .conststring   0x10006010       0x87 Generated_Source\PSoC6\pdl\middleware\ble\lib\cy_ble_stack_gcc_controller_ipc_cm0p.a(drbg.o)
 *fill*         0x10006097        0x1 
 .constdata     0x10006098       0x60 Generated_Source\PSoC6\pdl\middleware\ble\lib\cy_ble_stack_gcc_radio_max_cm0p.a(CyBlessVer3.o)
                0x10006098                rssiMap
 .rodata        0x100060f8       0x40 d:/cypress creator/psoc creator/4.2/psoc creator/import/gnu/arm/5.4.1/bin/../lib/gcc/arm-none-eabi/5.4.1/armv6-m\libgcc.a(divdf3.o)
 .rodata        0x10006138       0x40 d:/cypress creator/psoc creator/4.2/psoc creator/import/gnu/arm/5.4.1/bin/../lib/gcc/arm-none-eabi/5.4.1/armv6-m\libgcc.a(muldf3.o)
 *(.eh_frame*)
 .eh_frame      0x10006178        0x0 d:/cypress creator/psoc creator/4.2/psoc creator/import/gnu/arm/5.4.1/bin/../lib/gcc/arm-none-eabi/5.4.1/armv6-m/crtbegin.o
 .eh_frame      0x10006178        0x4 d:/cypress creator/psoc creator/4.2/psoc creator/import/gnu/arm/5.4.1/bin/../lib/gcc/arm-none-eabi/5.4.1/armv6-m/crtend.o

.glue_7         0x1000617c        0x0
 .glue_7        0x1000617c        0x0 linker stubs

.glue_7t        0x1000617c        0x0
 .glue_7t       0x1000617c        0x0 linker stubs

.vfp11_veneer   0x1000617c        0x0
 .vfp11_veneer  0x1000617c        0x0 linker stubs

.v4_bx          0x1000617c        0x0
 .v4_bx         0x1000617c        0x0 linker stubs

.iplt           0x1000617c        0x0
 .iplt          0x1000617c        0x0 d:/cypress creator/psoc creator/4.2/psoc creator/import/gnu/arm/5.4.1/bin/../lib/gcc/arm-none-eabi/5.4.1/armv6-m/crtbegin.o

i.CyBleStackMgr_Init
                0x1000617c       0xe8
 i.CyBleStackMgr_Init
                0x1000617c       0xe8 Generated_Source\PSoC6\pdl\middleware\ble\lib\cy_ble_stack_gcc_controller_ipc_cm0p.a(CyBleStackMgrIP_Interface.o)
                0x1000617c                CyBleStackMgr_Init

i.CyBleStackMgr_ProcessBleEvents
                0x10006264       0x2c
 i.CyBleStackMgr_ProcessBleEvents
                0x10006264       0x2c Generated_Source\PSoC6\pdl\middleware\ble\lib\cy_ble_stack_gcc_controller_ipc_cm0p.a(CyBleStackMgrIP_Interface.o)
                0x10006264                CyBleStackMgr_ProcessBleEvents

i.CyBleStackMgr_Shutdown
                0x10006290       0x28
 i.CyBleStackMgr_Shutdown
                0x10006290       0x28 Generated_Source\PSoC6\pdl\middleware\ble\lib\cy_ble_stack_gcc_controller_ipc_cm0p.a(CyBleStackMgrIP_Interface.o)
                0x10006290                CyBleStackMgr_Shutdown

i.CyBle_GetHeapConfig
                0x100062b8        0x8
 i.CyBle_GetHeapConfig
                0x100062b8        0x8 Generated_Source\PSoC6\pdl\middleware\ble\lib\cy_ble_stack_gcc_controller_ipc_cm0p.a(CyBleStackMgrIP_Interface.o)
                0x100062b8                CyBle_GetHeapConfig

i.CyBle_GetHeapMemory
                0x100062c0       0x3c
 i.CyBle_GetHeapMemory
                0x100062c0       0x3c Generated_Source\PSoC6\pdl\middleware\ble\lib\cy_ble_stack_gcc_controller_ipc_cm0p.a(CyBleStackMgrIP_Interface.o)
                0x100062c0                CyBle_GetHeapMemory

i.CyBle_StackGetConfigPtr
                0x100062fc        0x8
 i.CyBle_StackGetConfigPtr
                0x100062fc        0x8 Generated_Source\PSoC6\pdl\middleware\ble\lib\cy_ble_stack_gcc_controller_ipc_cm0p.a(CyBleStackMgrIP_Interface.o)
                0x100062fc                CyBle_StackGetConfigPtr

i.Cy_BLE_EnableDleFeature
                0x10006304        0x8
 i.Cy_BLE_EnableDleFeature
                0x10006304        0x8 Generated_Source\PSoC6\pdl\middleware\ble\lib\cy_ble_stack_gcc_controller_ipc_cm0p.a(CyBleStackMgrIP_Interface.o)
                0x10006304                Cy_BLE_EnableDleFeature

i.Cy_BLE_GetStackLibraryVersion
                0x1000630c       0x24
 i.Cy_BLE_GetStackLibraryVersion
                0x1000630c       0x24 Generated_Source\PSoC6\pdl\middleware\ble\lib\cy_ble_stack_gcc_controller_ipc_cm0p.a(CyBleStackMgrIP_Interface.o)
                0x1000630c                Cy_BLE_GetStackLibraryVersion

i.Cy_BLE_ProcessEvents
                0x10006330        0x8
 i.Cy_BLE_ProcessEvents
                0x10006330        0x8 Generated_Source\PSoC6\pdl\middleware\ble\lib\cy_ble_stack_gcc_controller_ipc_cm0p.a(CyBleStackMgrIP_Interface.o)
                0x10006330                Cy_BLE_ProcessEvents

i.Cy_BLE_StackEnterLPM
                0x10006338        0x8
 i.Cy_BLE_StackEnterLPM
                0x10006338        0x8 Generated_Source\PSoC6\pdl\middleware\ble\lib\cy_ble_stack_gcc_controller_ipc_cm0p.a(CyBleStackMgrIP_Interface.o)
                0x10006338                Cy_BLE_StackEnterLPM

i.Cy_BLE_StackGetBleSsState
                0x10006340        0x8
 i.Cy_BLE_StackGetBleSsState
                0x10006340        0x8 Generated_Source\PSoC6\pdl\middleware\ble\lib\cy_ble_stack_gcc_controller_ipc_cm0p.a(CyBleStackMgrIP_Interface.o)
                0x10006340                Cy_BLE_StackGetBleSsState

i.Cy_BLE_StackInit
                0x10006348       0x58
 i.Cy_BLE_StackInit
                0x10006348       0x58 Generated_Source\PSoC6\pdl\middleware\ble\lib\cy_ble_stack_gcc_controller_ipc_cm0p.a(CyBleStackMgrIP_Interface.o)
                0x10006348                Cy_BLE_StackInit

i.Cy_BLE_StackSetFeatureConfig
                0x100063a0       0x54
 i.Cy_BLE_StackSetFeatureConfig
                0x100063a0       0x54 Generated_Source\PSoC6\pdl\middleware\ble\lib\cy_ble_stack_gcc_controller_ipc_cm0p.a(CyBleStackMgrIP_Interface.o)
                0x100063a0                Cy_BLE_StackSetFeatureConfig

i.ble_stack_idle_task_callback
                0x100063f4        0x2
 i.ble_stack_idle_task_callback
                0x100063f4        0x2 Generated_Source\PSoC6\pdl\middleware\ble\lib\cy_ble_stack_gcc_controller_ipc_cm0p.a(CyBleStackMgrIP_Interface.o)
                0x100063f4                ble_stack_idle_task_callback

i.CyBleStackMgr_GetTime
                0x100063f8       0x28
 i.CyBleStackMgr_GetTime
                0x100063f8       0x28 Generated_Source\PSoC6\pdl\middleware\ble\lib\cy_ble_stack_gcc_controller_ipc_cm0p.a(CyBleStackMgr_PSoCHal.o)
                0x100063f8                CyBleStackMgr_GetTime

i.CyBleStackMgr_HalInit
                0x10006420       0x1c
 i.CyBleStackMgr_HalInit
                0x10006420       0x1c Generated_Source\PSoC6\pdl\middleware\ble\lib\cy_ble_stack_gcc_controller_ipc_cm0p.a(CyBleStackMgr_PSoCHal.o)
                0x10006420                CyBleStackMgr_HalInit

i.CyBleStackMgr_HalIntrEnable
                0x1000643c        0x8
 i.CyBleStackMgr_HalIntrEnable
                0x1000643c        0x8 Generated_Source\PSoC6\pdl\middleware\ble\lib\cy_ble_stack_gcc_controller_ipc_cm0p.a(CyBleStackMgr_PSoCHal.o)
                0x1000643c                CyBleStackMgr_HalIntrEnable

i.CyBleStackMgr_HciPortInit
                0x10006444       0x18
 i.CyBleStackMgr_HciPortInit
                0x10006444       0x18 Generated_Source\PSoC6\pdl\middleware\ble\lib\cy_ble_stack_gcc_controller_ipc_cm0p.a(CyBleStackMgr_PSoCHal.o)
                0x10006444                CyBleStackMgr_HciPortInit

i.CyBleStackMgr_HciPortReset
                0x1000645c        0x8
 i.CyBleStackMgr_HciPortReset
                0x1000645c        0x8 Generated_Source\PSoC6\pdl\middleware\ble\lib\cy_ble_stack_gcc_controller_ipc_cm0p.a(CyBleStackMgr_PSoCHal.o)
                0x1000645c                CyBleStackMgr_HciPortReset

i.CyBleStackMgr_HciPortWrite
                0x10006464        0x8
 i.CyBleStackMgr_HciPortWrite
                0x10006464        0x8 Generated_Source\PSoC6\pdl\middleware\ble\lib\cy_ble_stack_gcc_controller_ipc_cm0p.a(CyBleStackMgr_PSoCHal.o)
                0x10006464                CyBleStackMgr_HciPortWrite

i.CyBleStackMgr_TimerStart
                0x1000646c       0x20
 i.CyBleStackMgr_TimerStart
                0x1000646c       0x20 Generated_Source\PSoC6\pdl\middleware\ble\lib\cy_ble_stack_gcc_controller_ipc_cm0p.a(CyBleStackMgr_PSoCHal.o)
                0x1000646c                CyBleStackMgr_TimerStart

i.CyBleStackMgr_TimerStop
                0x1000648c       0x18
 i.CyBleStackMgr_TimerStop
                0x1000648c       0x18 Generated_Source\PSoC6\pdl\middleware\ble\lib\cy_ble_stack_gcc_controller_ipc_cm0p.a(CyBleStackMgr_PSoCHal.o)
                0x1000648c                CyBleStackMgr_TimerStop

i.CyBleStackMgr_isTimerRunning
                0x100064a4        0xc
 i.CyBleStackMgr_isTimerRunning
                0x100064a4        0xc Generated_Source\PSoC6\pdl\middleware\ble\lib\cy_ble_stack_gcc_controller_ipc_cm0p.a(CyBleStackMgr_PSoCHal.o)
                0x100064a4                CyBleStackMgr_isTimerRunning

i.CyBleStackMgr_BleSSFifoRead
                0x100064b0       0x3c
 i.CyBleStackMgr_BleSSFifoRead
                0x100064b0       0x3c Generated_Source\PSoC6\pdl\middleware\ble\lib\cy_ble_stack_gcc_controller_ipc_cm0p.a(CyBleStackMgr_BleSSDriver.o)
                0x100064b0                CyBleStackMgr_BleSSFifoRead

i.CyBleStackMgr_BleSSFifoWrite
                0x100064ec       0x30
 i.CyBleStackMgr_BleSSFifoWrite
                0x100064ec       0x30 Generated_Source\PSoC6\pdl\middleware\ble\lib\cy_ble_stack_gcc_controller_ipc_cm0p.a(CyBleStackMgr_BleSSDriver.o)
                0x100064ec                CyBleStackMgr_BleSSFifoWrite

i.CyBleStackMgr_BleSSInit
                0x1000651c       0x70
 i.CyBleStackMgr_BleSSInit
                0x1000651c       0x70 Generated_Source\PSoC6\pdl\middleware\ble\lib\cy_ble_stack_gcc_controller_ipc_cm0p.a(CyBleStackMgr_BleSSDriver.o)
                0x1000651c                CyBleStackMgr_BleSSInit

i.CyBleStackMgr_BleSSMemRead
                0x1000658c       0x30
 i.CyBleStackMgr_BleSSMemRead
                0x1000658c       0x30 Generated_Source\PSoC6\pdl\middleware\ble\lib\cy_ble_stack_gcc_controller_ipc_cm0p.a(CyBleStackMgr_BleSSDriver.o)
                0x1000658c                CyBleStackMgr_BleSSMemRead

i.CyBleStackMgr_BleSSMemWrite
                0x100065bc       0x34
 i.CyBleStackMgr_BleSSMemWrite
                0x100065bc       0x34 Generated_Source\PSoC6\pdl\middleware\ble\lib\cy_ble_stack_gcc_controller_ipc_cm0p.a(CyBleStackMgr_BleSSDriver.o)
                0x100065bc                CyBleStackMgr_BleSSMemWrite

i.CyBleStackMgr_BleSSMemWriteFields
                0x100065f0       0x70
 i.CyBleStackMgr_BleSSMemWriteFields
                0x100065f0       0x70 Generated_Source\PSoC6\pdl\middleware\ble\lib\cy_ble_stack_gcc_controller_ipc_cm0p.a(CyBleStackMgr_BleSSDriver.o)
                0x100065f0                CyBleStackMgr_BleSSMemWriteFields

i.CyBleStackMgr_BleSSReset
                0x10006660       0x2c
 i.CyBleStackMgr_BleSSReset
                0x10006660       0x2c Generated_Source\PSoC6\pdl\middleware\ble\lib\cy_ble_stack_gcc_controller_ipc_cm0p.a(CyBleStackMgr_BleSSDriver.o)
                0x10006660                CyBleStackMgr_BleSSReset

i.CyBleStackMgr_BleSSShutdown
                0x1000668c       0x34
 i.CyBleStackMgr_BleSSShutdown
                0x1000668c       0x34 Generated_Source\PSoC6\pdl\middleware\ble\lib\cy_ble_stack_gcc_controller_ipc_cm0p.a(CyBleStackMgr_BleSSDriver.o)
                0x1000668c                CyBleStackMgr_BleSSShutdown

i.CyBleStackMgr_GenericIface
                0x100066c0       0x58
 i.CyBleStackMgr_GenericIface
                0x100066c0       0x58 Generated_Source\PSoC6\pdl\middleware\ble\lib\cy_ble_stack_gcc_controller_ipc_cm0p.a(CyBleStackMgr_BleSSDriver.o)
                0x100066c0                CyBleStackMgr_GenericIface

i.CyBleStackMgr_HandleBleSSIntr
                0x10006718       0x70
 i.CyBleStackMgr_HandleBleSSIntr
                0x10006718       0x70 Generated_Source\PSoC6\pdl\middleware\ble\lib\cy_ble_stack_gcc_controller_ipc_cm0p.a(CyBleStackMgr_BleSSDriver.o)
                0x10006718                CyBleStackMgr_HandleBleSSIntr

i.CyBle_ControllerGetBleClockCfgParam
                0x10006788       0x20
 i.CyBle_ControllerGetBleClockCfgParam
                0x10006788       0x20 Generated_Source\PSoC6\pdl\middleware\ble\lib\cy_ble_stack_gcc_controller_ipc_cm0p.a(CyBleStackMgr_BleSSDriver.o)
                0x10006788                CyBle_ControllerGetBleClockCfgParam

i.CyBle_ControllerGetTxPowerLevel
                0x100067a8       0x3c
 i.CyBle_ControllerGetTxPowerLevel
                0x100067a8       0x3c Generated_Source\PSoC6\pdl\middleware\ble\lib\cy_ble_stack_gcc_controller_ipc_cm0p.a(CyBleStackMgr_BleSSDriver.o)
                0x100067a8                CyBle_ControllerGetTxPowerLevel

i.CyBle_ControllerSetBleClockCfgParam
                0x100067e4       0x30
 i.CyBle_ControllerSetBleClockCfgParam
                0x100067e4       0x30 Generated_Source\PSoC6\pdl\middleware\ble\lib\cy_ble_stack_gcc_controller_ipc_cm0p.a(CyBleStackMgr_BleSSDriver.o)
                0x100067e4                CyBle_ControllerSetBleClockCfgParam

i.CyBle_ControllerSetDcxoLdoTrim
                0x10006814       0x1c
 i.CyBle_ControllerSetDcxoLdoTrim
                0x10006814       0x1c Generated_Source\PSoC6\pdl\middleware\ble\lib\cy_ble_stack_gcc_controller_ipc_cm0p.a(CyBleStackMgr_BleSSDriver.o)
                0x10006814                CyBle_ControllerSetDcxoLdoTrim

i.CyBle_ControllerSetTxPowerLevel
                0x10006830       0x20
 i.CyBle_ControllerSetTxPowerLevel
                0x10006830       0x20 Generated_Source\PSoC6\pdl\middleware\ble\lib\cy_ble_stack_gcc_controller_ipc_cm0p.a(CyBleStackMgr_BleSSDriver.o)
                0x10006830                CyBle_ControllerSetTxPowerLevel

i.CyBle_EnterDsmMode
                0x10006850       0x34
 i.CyBle_EnterDsmMode
                0x10006850       0x34 Generated_Source\PSoC6\pdl\middleware\ble\lib\cy_ble_stack_gcc_controller_ipc_cm0p.a(CyBleStackMgr_BleSSDriver.o)
                0x10006850                CyBle_EnterDsmMode

i.CyBle_ExitDsmMode
                0x10006884       0x34
 i.CyBle_ExitDsmMode
                0x10006884       0x34 Generated_Source\PSoC6\pdl\middleware\ble\lib\cy_ble_stack_gcc_controller_ipc_cm0p.a(CyBleStackMgr_BleSSDriver.o)
                0x10006884                CyBle_ExitDsmMode

i.CyBle_GetBleSsOperationalMode
                0x100068b8        0xc
 i.CyBle_GetBleSsOperationalMode
                0x100068b8        0xc Generated_Source\PSoC6\pdl\middleware\ble\lib\cy_ble_stack_gcc_controller_ipc_cm0p.a(CyBleStackMgr_BleSSDriver.o)
                0x100068b8                CyBle_GetBleSsOperationalMode

i.CyBle_GetEventCloseState
                0x100068c4       0x10
 i.CyBle_GetEventCloseState
                0x100068c4       0x10 Generated_Source\PSoC6\pdl\middleware\ble\lib\cy_ble_stack_gcc_controller_ipc_cm0p.a(CyBleStackMgr_BleSSDriver.o)
                0x100068c4                CyBle_GetEventCloseState

i.CyBle_GetLpMode
                0x100068d4       0x1c
 i.CyBle_GetLpMode
                0x100068d4       0x1c Generated_Source\PSoC6\pdl\middleware\ble\lib\cy_ble_stack_gcc_controller_ipc_cm0p.a(CyBleStackMgr_BleSSDriver.o)
                0x100068d4                CyBle_GetLpMode

i.CyBle_GetTxGainMode
                0x100068f0        0xe
 i.CyBle_GetTxGainMode
                0x100068f0        0xe Generated_Source\PSoC6\pdl\middleware\ble\lib\cy_ble_stack_gcc_controller_ipc_cm0p.a(CyBleStackMgr_BleSSDriver.o)
                0x100068f0                CyBle_GetTxGainMode

i.CyBle_SetAutoWakeUp
                0x10006900        0xc
 i.CyBle_SetAutoWakeUp
                0x10006900        0xc Generated_Source\PSoC6\pdl\middleware\ble\lib\cy_ble_stack_gcc_controller_ipc_cm0p.a(CyBleStackMgr_BleSSDriver.o)
                0x10006900                CyBle_SetAutoWakeUp

i.CyBle_SetBleSsOperationalMode
                0x1000690c       0x20
 i.CyBle_SetBleSsOperationalMode
                0x1000690c       0x20 Generated_Source\PSoC6\pdl\middleware\ble\lib\cy_ble_stack_gcc_controller_ipc_cm0p.a(CyBleStackMgr_BleSSDriver.o)
                0x1000690c                CyBle_SetBleSsOperationalMode

i.CyBle_SetEventCloseState
                0x1000692c        0xc
 i.CyBle_SetEventCloseState
                0x1000692c        0xc Generated_Source\PSoC6\pdl\middleware\ble\lib\cy_ble_stack_gcc_controller_ipc_cm0p.a(CyBleStackMgr_BleSSDriver.o)
                0x1000692c                CyBle_SetEventCloseState

i.CyBle_CheckBleStackTaskStatus
                0x10006938        0x4
 i.CyBle_CheckBleStackTaskStatus
                0x10006938        0x4 Generated_Source\PSoC6\pdl\middleware\ble\lib\cy_ble_stack_gcc_controller_ipc_cm0p.a(CyBleStackMgr_StackTaskHandler.o)
                0x10006938                CyBle_CheckBleStackTaskStatus

i.CyBle_CreateBleStackTask
                0x1000693c       0x30
 i.CyBle_CreateBleStackTask
                0x1000693c       0x30 Generated_Source\PSoC6\pdl\middleware\ble\lib\cy_ble_stack_gcc_controller_ipc_cm0p.a(CyBleStackMgr_StackTaskHandler.o)
                0x1000693c                CyBle_CreateBleStackTask

i.CyBle_SignalBleStackTask
                0x1000696c       0x44
 i.CyBle_SignalBleStackTask
                0x1000696c       0x44 Generated_Source\PSoC6\pdl\middleware\ble\lib\cy_ble_stack_gcc_controller_ipc_cm0p.a(CyBleStackMgr_StackTaskHandler.o)
                0x1000696c                CyBle_SignalBleStackTask

i.CyBle_StackTaskHandler
                0x100069b0       0x26
 i.CyBle_StackTaskHandler
                0x100069b0       0x26 Generated_Source\PSoC6\pdl\middleware\ble\lib\cy_ble_stack_gcc_controller_ipc_cm0p.a(CyBleStackMgr_StackTaskHandler.o)
                0x100069b0                CyBle_StackTaskHandler

i.IsStackTaskFree
                0x100069d8       0x10
 i.IsStackTaskFree
                0x100069d8       0x10 Generated_Source\PSoC6\pdl\middleware\ble\lib\cy_ble_stack_gcc_controller_ipc_cm0p.a(CyBleStackMgr_StackTaskHandler.o)
                0x100069d8                IsStackTaskFree

i.BT_start_timer
                0x100069e8       0xe4
 i.BT_start_timer
                0x100069e8       0xe4 Generated_Source\PSoC6\pdl\middleware\ble\lib\cy_ble_stack_gcc_controller_ipc_cm0p.a(BT_timer.o)
                0x100069e8                BT_start_timer

i.BT_start_timer_controller
                0x10006acc       0x28
 i.BT_start_timer_controller
                0x10006acc       0x28 Generated_Source\PSoC6\pdl\middleware\ble\lib\cy_ble_stack_gcc_controller_ipc_cm0p.a(BT_timer.o)
                0x10006acc                BT_start_timer_controller

i.BT_start_timer_pilo
                0x10006af4       0x28
 i.BT_start_timer_pilo
                0x10006af4       0x28 Generated_Source\PSoC6\pdl\middleware\ble\lib\cy_ble_stack_gcc_controller_ipc_cm0p.a(BT_timer.o)
                0x10006af4                BT_start_timer_pilo

i.BT_stop_timer
                0x10006b1c       0xa0
 i.BT_stop_timer
                0x10006b1c       0xa0 Generated_Source\PSoC6\pdl\middleware\ble\lib\cy_ble_stack_gcc_controller_ipc_cm0p.a(BT_timer.o)
                0x10006b1c                BT_stop_timer

i.BT_stop_timer_controller
                0x10006bbc       0x28
 i.BT_stop_timer_controller
                0x10006bbc       0x28 Generated_Source\PSoC6\pdl\middleware\ble\lib\cy_ble_stack_gcc_controller_ipc_cm0p.a(BT_timer.o)
                0x10006bbc                BT_stop_timer_controller

i.BT_stop_timer_pilo
                0x10006be4       0x28
 i.BT_stop_timer_pilo
                0x10006be4       0x28 Generated_Source\PSoC6\pdl\middleware\ble\lib\cy_ble_stack_gcc_controller_ipc_cm0p.a(BT_timer.o)
                0x10006be4                BT_stop_timer_pilo

i.BT_timer_process_signals
                0x10006c0c       0xd4
 i.BT_timer_process_signals
                0x10006c0c       0xd4 Generated_Source\PSoC6\pdl\middleware\ble\lib\cy_ble_stack_gcc_controller_ipc_cm0p.a(BT_timer.o)
                0x10006c0c                BT_timer_process_signals

i.timer_allocated_entity
                0x10006ce0       0x34
 i.timer_allocated_entity
                0x10006ce0       0x34 Generated_Source\PSoC6\pdl\middleware\ble\lib\cy_ble_stack_gcc_controller_ipc_cm0p.a(BT_timer.o)
                0x10006ce0                timer_allocated_entity

i.timer_init    0x10006d14       0x30
 i.timer_init   0x10006d14       0x30 Generated_Source\PSoC6\pdl\middleware\ble\lib\cy_ble_stack_gcc_controller_ipc_cm0p.a(BT_timer.o)
                0x10006d14                timer_init

i.timer_update_offsets
                0x10006d44       0x34
 i.timer_update_offsets
                0x10006d44       0x34 Generated_Source\PSoC6\pdl\middleware\ble\lib\cy_ble_stack_gcc_controller_ipc_cm0p.a(BT_timer.o)

i.BT_ISROSQPost
                0x10006d78        0xa
 i.BT_ISROSQPost
                0x10006d78        0xa Generated_Source\PSoC6\pdl\middleware\ble\lib\cy_ble_stack_gcc_controller_ipc_cm0p.a(bt_os_common.o)
                0x10006d78                BT_ISROSQPost

i.BT_OSQPost    0x10006d82        0xa
 i.BT_OSQPost   0x10006d82        0xa Generated_Source\PSoC6\pdl\middleware\ble\lib\cy_ble_stack_gcc_controller_ipc_cm0p.a(bt_os_common.o)
                0x10006d82                BT_OSQPost

i.BT_thread_create
                0x10006d8c       0x30
 i.BT_thread_create
                0x10006d8c       0x30 Generated_Source\PSoC6\pdl\middleware\ble\lib\cy_ble_stack_gcc_controller_ipc_cm0p.a(bt_os_common.o)
                0x10006d8c                BT_thread_create

i.pf_timer_handle_tick
                0x10006dbc       0x20
 i.pf_timer_handle_tick
                0x10006dbc       0x20 Generated_Source\PSoC6\pdl\middleware\ble\lib\cy_ble_stack_gcc_controller_ipc_cm0p.a(bt_os_common.o)
                0x10006dbc                pf_timer_handle_tick

i.CyPilo_ApplyTrim
                0x10006ddc       0x88
 i.CyPilo_ApplyTrim
                0x10006ddc       0x88 Generated_Source\PSoC6\pdl\middleware\ble\lib\cy_ble_stack_gcc_controller_ipc_cm0p.a(CyBleStackMgrIP_Pilo.o)

i.CyPilo_DSMExitCalibration
                0x10006e64       0x14
 i.CyPilo_DSMExitCalibration
                0x10006e64       0x14 Generated_Source\PSoC6\pdl\middleware\ble\lib\cy_ble_stack_gcc_controller_ipc_cm0p.a(CyBleStackMgrIP_Pilo.o)
                0x10006e64                CyPilo_DSMExitCalibration

i.CyPilo_GetState
                0x10006e78        0xc
 i.CyPilo_GetState
                0x10006e78        0xc Generated_Source\PSoC6\pdl\middleware\ble\lib\cy_ble_stack_gcc_controller_ipc_cm0p.a(CyBleStackMgrIP_Pilo.o)
                0x10006e78                CyPilo_GetState

i.CyPilo_InitCalibration
                0x10006e84       0x18
 i.CyPilo_InitCalibration
                0x10006e84       0x18 Generated_Source\PSoC6\pdl\middleware\ble\lib\cy_ble_stack_gcc_controller_ipc_cm0p.a(CyBleStackMgrIP_Pilo.o)
                0x10006e84                CyPilo_InitCalibration

i.CyPilo_PeriodicCalibTimeout
                0x10006e9c       0x24
 i.CyPilo_PeriodicCalibTimeout
                0x10006e9c       0x24 Generated_Source\PSoC6\pdl\middleware\ble\lib\cy_ble_stack_gcc_controller_ipc_cm0p.a(CyBleStackMgrIP_Pilo.o)

i.CyPilo_RetryCalibration
                0x10006ec0       0x20
 i.CyPilo_RetryCalibration
                0x10006ec0       0x20 Generated_Source\PSoC6\pdl\middleware\ble\lib\cy_ble_stack_gcc_controller_ipc_cm0p.a(CyBleStackMgrIP_Pilo.o)

i.CyPilo_SetCalibInterval
                0x10006ee0        0xc
 i.CyPilo_SetCalibInterval
                0x10006ee0        0xc Generated_Source\PSoC6\pdl\middleware\ble\lib\cy_ble_stack_gcc_controller_ipc_cm0p.a(CyBleStackMgrIP_Pilo.o)
                0x10006ee0                CyPilo_SetCalibInterval

i.CyPilo_SetState
                0x10006eec        0xc
 i.CyPilo_SetState
                0x10006eec        0xc Generated_Source\PSoC6\pdl\middleware\ble\lib\cy_ble_stack_gcc_controller_ipc_cm0p.a(CyBleStackMgrIP_Pilo.o)
                0x10006eec                CyPilo_SetState

i.CyPilo_ShutdownCalibration
                0x10006ef8       0x1c
 i.CyPilo_ShutdownCalibration
                0x10006ef8       0x1c Generated_Source\PSoC6\pdl\middleware\ble\lib\cy_ble_stack_gcc_controller_ipc_cm0p.a(CyBleStackMgrIP_Pilo.o)
                0x10006ef8                CyPilo_ShutdownCalibration

i.CyPilo_StopPeriodicTimer
                0x10006f14       0x10
 i.CyPilo_StopPeriodicTimer
                0x10006f14       0x10 Generated_Source\PSoC6\pdl\middleware\ble\lib\cy_ble_stack_gcc_controller_ipc_cm0p.a(CyBleStackMgrIP_Pilo.o)
                0x10006f14                CyPilo_StopPeriodicTimer

i.CyPilo_TriggerCalibration
                0x10006f24       0x54
 i.CyPilo_TriggerCalibration
                0x10006f24       0x54 Generated_Source\PSoC6\pdl\middleware\ble\lib\cy_ble_stack_gcc_controller_ipc_cm0p.a(CyBleStackMgrIP_Pilo.o)
                0x10006f24                CyPilo_TriggerCalibration

i.CyPilo_UpdateCalibInterval
                0x10006f78       0x34
 i.CyPilo_UpdateCalibInterval
                0x10006f78       0x34 Generated_Source\PSoC6\pdl\middleware\ble\lib\cy_ble_stack_gcc_controller_ipc_cm0p.a(CyBleStackMgrIP_Pilo.o)
                0x10006f78                CyPilo_UpdateCalibInterval

i.OS_init       0x10006fac       0x64
 i.OS_init      0x10006fac       0x64 Generated_Source\PSoC6\pdl\middleware\ble\lib\cy_ble_stack_gcc_controller_ipc_cm0p.a(mint_os.o)
                0x10006fac                OS_init

i.OS_shutdown   0x10007010        0x4
 i.OS_shutdown  0x10007010        0x4 Generated_Source\PSoC6\pdl\middleware\ble\lib\cy_ble_stack_gcc_controller_ipc_cm0p.a(mint_os.o)
                0x10007010                OS_shutdown

i.mintos_malloc
                0x10007014       0x34
 i.mintos_malloc
                0x10007014       0x34 Generated_Source\PSoC6\pdl\middleware\ble\lib\cy_ble_stack_gcc_controller_ipc_cm0p.a(mint_os.o)
                0x10007014                mintos_malloc

i.OS_create_queue
                0x10007048       0x64
 i.OS_create_queue
                0x10007048       0x64 Generated_Source\PSoC6\pdl\middleware\ble\lib\cy_ble_stack_gcc_controller_ipc_cm0p.a(mint_os_queue.o)
                0x10007048                OS_create_queue

i.OS_enqueue_item
                0x100070ac       0x8c
 i.OS_enqueue_item
                0x100070ac       0x8c Generated_Source\PSoC6\pdl\middleware\ble\lib\cy_ble_stack_gcc_controller_ipc_cm0p.a(mint_os_queue.o)
                0x100070ac                OS_enqueue_item

i.OS_queue_get_num_of_items
                0x10007138       0x28
 i.OS_queue_get_num_of_items
                0x10007138       0x28 Generated_Source\PSoC6\pdl\middleware\ble\lib\cy_ble_stack_gcc_controller_ipc_cm0p.a(mint_os_queue.o)
                0x10007138                OS_queue_get_num_of_items

i.OS_queue_mgmt_init
                0x10007160       0x40
 i.OS_queue_mgmt_init
                0x10007160       0x40 Generated_Source\PSoC6\pdl\middleware\ble\lib\cy_ble_stack_gcc_controller_ipc_cm0p.a(mint_os_queue.o)
                0x10007160                OS_queue_mgmt_init

i.OS_remove_item
                0x100071a0       0xa0
 i.OS_remove_item
                0x100071a0       0xa0 Generated_Source\PSoC6\pdl\middleware\ble\lib\cy_ble_stack_gcc_controller_ipc_cm0p.a(mint_os_queue.o)
                0x100071a0                OS_remove_item

i.OS_create_task
                0x10007240       0x88
 i.OS_create_task
                0x10007240       0x88 Generated_Source\PSoC6\pdl\middleware\ble\lib\cy_ble_stack_gcc_controller_ipc_cm0p.a(mint_os_task.o)
                0x10007240                OS_create_task

i.OS_is_task_free
                0x100072c8       0x30
 i.OS_is_task_free
                0x100072c8       0x30 Generated_Source\PSoC6\pdl\middleware\ble\lib\cy_ble_stack_gcc_controller_ipc_cm0p.a(mint_os_task.o)
                0x100072c8                OS_is_task_free

i.OS_isr_send_signal_to_task
                0x100072f8        0xc
 i.OS_isr_send_signal_to_task
                0x100072f8        0xc Generated_Source\PSoC6\pdl\middleware\ble\lib\cy_ble_stack_gcc_controller_ipc_cm0p.a(mint_os_task.o)
                0x100072f8                OS_isr_send_signal_to_task

i.OS_scheduler  0x10007304       0x64
 i.OS_scheduler
                0x10007304       0x64 Generated_Source\PSoC6\pdl\middleware\ble\lib\cy_ble_stack_gcc_controller_ipc_cm0p.a(mint_os_task.o)
                0x10007304                OS_scheduler

i.OS_send_signal_to_task
                0x10007368        0xc
 i.OS_send_signal_to_task
                0x10007368        0xc Generated_Source\PSoC6\pdl\middleware\ble\lib\cy_ble_stack_gcc_controller_ipc_cm0p.a(mint_os_task.o)
                0x10007368                OS_send_signal_to_task

i.OS_send_signal_to_task_context
                0x10007374       0x3c
 i.OS_send_signal_to_task_context
                0x10007374       0x3c Generated_Source\PSoC6\pdl\middleware\ble\lib\cy_ble_stack_gcc_controller_ipc_cm0p.a(mint_os_task.o)

i.OS_task_mgmt_init
                0x100073b0       0x50
 i.OS_task_mgmt_init
                0x100073b0       0x50 Generated_Source\PSoC6\pdl\middleware\ble\lib\cy_ble_stack_gcc_controller_ipc_cm0p.a(mint_os_task.o)
                0x100073b0                OS_task_mgmt_init

i.mint_buf_mgmt_allocate_buffer
                0x10007400       0x4c
 i.mint_buf_mgmt_allocate_buffer
                0x10007400       0x4c Generated_Source\PSoC6\pdl\middleware\ble\lib\cy_ble_stack_gcc_controller_ipc_cm0p.a(mint_buf_mgmt.o)
                0x10007400                mint_buf_mgmt_allocate_buffer

i.mint_buf_mgmt_create_pool
                0x1000744c       0xd4
 i.mint_buf_mgmt_create_pool
                0x1000744c       0xd4 Generated_Source\PSoC6\pdl\middleware\ble\lib\cy_ble_stack_gcc_controller_ipc_cm0p.a(mint_buf_mgmt.o)
                0x1000744c                mint_buf_mgmt_create_pool

i.mint_buf_mgmt_free_buffer
                0x10007520       0xa4
 i.mint_buf_mgmt_free_buffer
                0x10007520       0xa4 Generated_Source\PSoC6\pdl\middleware\ble\lib\cy_ble_stack_gcc_controller_ipc_cm0p.a(mint_buf_mgmt.o)
                0x10007520                mint_buf_mgmt_free_buffer

i.mint_buf_mgmt_init
                0x100075c4       0x44
 i.mint_buf_mgmt_init
                0x100075c4       0x44 Generated_Source\PSoC6\pdl\middleware\ble\lib\cy_ble_stack_gcc_controller_ipc_cm0p.a(mint_buf_mgmt.o)
                0x100075c4                mint_buf_mgmt_init

i.mint_buf_mgmt_malloc
                0x10007608       0x28
 i.mint_buf_mgmt_malloc
                0x10007608       0x28 Generated_Source\PSoC6\pdl\middleware\ble\lib\cy_ble_stack_gcc_controller_ipc_cm0p.a(mint_buf_mgmt.o)
                0x10007608                mint_buf_mgmt_malloc

i.mint_buf_mgmt_pl_init
                0x10007630       0x4c
 i.mint_buf_mgmt_pl_init
                0x10007630       0x4c Generated_Source\PSoC6\pdl\middleware\ble\lib\cy_ble_stack_gcc_controller_ipc_cm0p.a(mint_buf_mgmt.o)
                0x10007630                mint_buf_mgmt_pl_init

i.mint_buf_mgmt_reset_pool
                0x1000767c       0x70
 i.mint_buf_mgmt_reset_pool
                0x1000767c       0x70 Generated_Source\PSoC6\pdl\middleware\ble\lib\cy_ble_stack_gcc_controller_ipc_cm0p.a(mint_buf_mgmt.o)
                0x1000767c                mint_buf_mgmt_reset_pool

i.mint_buf_mgmt_stack_init
                0x100076ec       0x24
 i.mint_buf_mgmt_stack_init
                0x100076ec       0x24 Generated_Source\PSoC6\pdl\middleware\ble\lib\cy_ble_stack_gcc_controller_ipc_cm0p.a(mint_buf_mgmt.o)
                0x100076ec                mint_buf_mgmt_stack_init

i.mint_buf_mgmt_stack_pop
                0x10007710       0x36
 i.mint_buf_mgmt_stack_pop
                0x10007710       0x36 Generated_Source\PSoC6\pdl\middleware\ble\lib\cy_ble_stack_gcc_controller_ipc_cm0p.a(mint_buf_mgmt.o)
                0x10007710                mint_buf_mgmt_stack_pop

i.mint_buf_mgmt_stack_push
                0x10007746       0x36
 i.mint_buf_mgmt_stack_push
                0x10007746       0x36 Generated_Source\PSoC6\pdl\middleware\ble\lib\cy_ble_stack_gcc_controller_ipc_cm0p.a(mint_buf_mgmt.o)
                0x10007746                mint_buf_mgmt_stack_push

i.mint_buf_mgmt_stack_reset
                0x1000777c       0x1e
 i.mint_buf_mgmt_stack_reset
                0x1000777c       0x1e Generated_Source\PSoC6\pdl\middleware\ble\lib\cy_ble_stack_gcc_controller_ipc_cm0p.a(mint_buf_mgmt.o)
                0x1000777c                mint_buf_mgmt_stack_reset

i.mint_buf_mgmt_stack_search_item
                0x1000779a       0x30
 i.mint_buf_mgmt_stack_search_item
                0x1000779a       0x30 Generated_Source\PSoC6\pdl\middleware\ble\lib\cy_ble_stack_gcc_controller_ipc_cm0p.a(mint_buf_mgmt.o)
                0x1000779a                mint_buf_mgmt_stack_search_item

i.CyBleController_HciIpcExtractPacket
                0x100077cc       0x84
 i.CyBleController_HciIpcExtractPacket
                0x100077cc       0x84 Generated_Source\PSoC6\pdl\middleware\ble\lib\cy_ble_stack_gcc_controller_ipc_cm0p.a(transport_ipc.o)
                0x100077cc                CyBleController_HciIpcExtractPacket

i.CyBleController_HciIpcInit
                0x10007850       0x10
 i.CyBleController_HciIpcInit
                0x10007850       0x10 Generated_Source\PSoC6\pdl\middleware\ble\lib\cy_ble_stack_gcc_controller_ipc_cm0p.a(transport_ipc.o)
                0x10007850                CyBleController_HciIpcInit

i.CyBleController_HciIpcMsgCompleteReceive
                0x10007860       0x20
 i.CyBleController_HciIpcMsgCompleteReceive
                0x10007860       0x20 Generated_Source\PSoC6\pdl\middleware\ble\lib\cy_ble_stack_gcc_controller_ipc_cm0p.a(transport_ipc.o)
                0x10007860                CyBleController_HciIpcMsgCompleteReceive

i.CyBleController_HciIpcMsgReceive
                0x10007880       0xb4
 i.CyBleController_HciIpcMsgReceive
                0x10007880       0xb4 Generated_Source\PSoC6\pdl\middleware\ble\lib\cy_ble_stack_gcc_controller_ipc_cm0p.a(transport_ipc.o)
                0x10007880                CyBleController_HciIpcMsgReceive

i.CyBleController_HciIpcSend
                0x10007934       0x16
 i.CyBleController_HciIpcSend
                0x10007934       0x16 Generated_Source\PSoC6\pdl\middleware\ble\lib\cy_ble_stack_gcc_controller_ipc_cm0p.a(transport_ipc.o)
                0x10007934                CyBleController_HciIpcSend

i.CyBleController_IpcSendStackInitHWError
                0x1000794a        0x8
 i.CyBleController_IpcSendStackInitHWError
                0x1000794a        0x8 Generated_Source\PSoC6\pdl\middleware\ble\lib\cy_ble_stack_gcc_controller_ipc_cm0p.a(transport_ipc.o)
                0x1000794a                CyBleController_IpcSendStackInitHWError

i.CyBleController_IPC_HAL_Init
                0x10007954       0x40
 i.CyBleController_IPC_HAL_Init
                0x10007954       0x40 Generated_Source\PSoC6\pdl\middleware\ble\lib\cy_ble_stack_gcc_controller_ipc_cm0p.a(CyBleStackMgr_PSoCIPCHal.o)
                0x10007954                CyBleController_IPC_HAL_Init

i.CyBleController_IPC_HAL_InitWithStaticMem
                0x10007994       0x10
 i.CyBleController_IPC_HAL_InitWithStaticMem
                0x10007994       0x10 Generated_Source\PSoC6\pdl\middleware\ble\lib\cy_ble_stack_gcc_controller_ipc_cm0p.a(CyBleStackMgr_PSoCIPCHal.o)
                0x10007994                CyBleController_IPC_HAL_InitWithStaticMem

i.CyBleController_IPC_HAL_IsQueueEmpty
                0x100079a4       0x24
 i.CyBleController_IPC_HAL_IsQueueEmpty
                0x100079a4       0x24 Generated_Source\PSoC6\pdl\middleware\ble\lib\cy_ble_stack_gcc_controller_ipc_cm0p.a(CyBleStackMgr_PSoCIPCHal.o)
                0x100079a4                CyBleController_IPC_HAL_IsQueueEmpty

i.CyBleController_IPC_HAL_PipeReleaseCallback
                0x100079c8       0x1c
 i.CyBleController_IPC_HAL_PipeReleaseCallback
                0x100079c8       0x1c Generated_Source\PSoC6\pdl\middleware\ble\lib\cy_ble_stack_gcc_controller_ipc_cm0p.a(CyBleStackMgr_PSoCIPCHal.o)

i.CyBleController_IPC_HAL_ProcessMsgQ
                0x100079e4       0x40
 i.CyBleController_IPC_HAL_ProcessMsgQ
                0x100079e4       0x40 Generated_Source\PSoC6\pdl\middleware\ble\lib\cy_ble_stack_gcc_controller_ipc_cm0p.a(CyBleStackMgr_PSoCIPCHal.o)
                0x100079e4                CyBleController_IPC_HAL_ProcessMsgQ

i.CyBleController_IPC_HAL_PushMessage
                0x10007a24       0x4c
 i.CyBleController_IPC_HAL_PushMessage
                0x10007a24       0x4c Generated_Source\PSoC6\pdl\middleware\ble\lib\cy_ble_stack_gcc_controller_ipc_cm0p.a(CyBleStackMgr_PSoCIPCHal.o)

i.CyBleController_IPC_HAL_Reset
                0x10007a70        0x2
 i.CyBleController_IPC_HAL_Reset
                0x10007a70        0x2 Generated_Source\PSoC6\pdl\middleware\ble\lib\cy_ble_stack_gcc_controller_ipc_cm0p.a(CyBleStackMgr_PSoCIPCHal.o)
                0x10007a70                CyBleController_IPC_HAL_Reset

i.CyBleController_IPC_HAL_SendEnqueue
                0x10007a72       0x10
 i.CyBleController_IPC_HAL_SendEnqueue
                0x10007a72       0x10 Generated_Source\PSoC6\pdl\middleware\ble\lib\cy_ble_stack_gcc_controller_ipc_cm0p.a(CyBleStackMgr_PSoCIPCHal.o)
                0x10007a72                CyBleController_IPC_HAL_SendEnqueue

i.CyBle_ControllerAesCcmDecrypt
                0x10007a84       0x50
 i.CyBle_ControllerAesCcmDecrypt
                0x10007a84       0x50 Generated_Source\PSoC6\pdl\middleware\ble\lib\cy_ble_stack_gcc_controller_ipc_cm0p.a(CyBleControllerIP_Interface.o)
                0x10007a84                CyBle_ControllerAesCcmDecrypt

i.CyBle_ControllerAesCcmEncrypt
                0x10007ad4       0x44
 i.CyBle_ControllerAesCcmEncrypt
                0x10007ad4       0x44 Generated_Source\PSoC6\pdl\middleware\ble\lib\cy_ble_stack_gcc_controller_ipc_cm0p.a(CyBleControllerIP_Interface.o)
                0x10007ad4                CyBle_ControllerAesCcmEncrypt

i.CyBle_ControllerAesEncrypt
                0x10007b18       0x60
 i.CyBle_ControllerAesEncrypt
                0x10007b18       0x60 Generated_Source\PSoC6\pdl\middleware\ble\lib\cy_ble_stack_gcc_controller_ipc_cm0p.a(CyBleControllerIP_Interface.o)
                0x10007b18                CyBle_ControllerAesEncrypt

i.CyBle_ControllerDisableDleFeature
                0x10007b78       0x10
 i.CyBle_ControllerDisableDleFeature
                0x10007b78       0x10 Generated_Source\PSoC6\pdl\middleware\ble\lib\cy_ble_stack_gcc_controller_ipc_cm0p.a(CyBleControllerIP_Interface.o)
                0x10007b78                CyBle_ControllerDisableDleFeature

i.CyBle_ControllerDisablePhyUpdateFeature
                0x10007b88        0xc
 i.CyBle_ControllerDisablePhyUpdateFeature
                0x10007b88        0xc Generated_Source\PSoC6\pdl\middleware\ble\lib\cy_ble_stack_gcc_controller_ipc_cm0p.a(CyBleControllerIP_Interface.o)
                0x10007b88                CyBle_ControllerDisablePhyUpdateFeature

i.CyBle_ControllerDisablePrivacyFeature
                0x10007b94        0xc
 i.CyBle_ControllerDisablePrivacyFeature
                0x10007b94        0xc Generated_Source\PSoC6\pdl\middleware\ble\lib\cy_ble_stack_gcc_controller_ipc_cm0p.a(CyBleControllerIP_Interface.o)
                0x10007b94                CyBle_ControllerDisablePrivacyFeature

i.CyBle_ControllerEnableDleFeature
                0x10007ba0       0x14
 i.CyBle_ControllerEnableDleFeature
                0x10007ba0       0x14 Generated_Source\PSoC6\pdl\middleware\ble\lib\cy_ble_stack_gcc_controller_ipc_cm0p.a(CyBleControllerIP_Interface.o)
                0x10007ba0                CyBle_ControllerEnableDleFeature

i.CyBle_ControllerEnterLPM
                0x10007bb4       0x14
 i.CyBle_ControllerEnterLPM
                0x10007bb4       0x14 Generated_Source\PSoC6\pdl\middleware\ble\lib\cy_ble_stack_gcc_controller_ipc_cm0p.a(CyBleControllerIP_Interface.o)
                0x10007bb4                CyBle_ControllerEnterLPM

i.CyBle_ControllerExitLPM
                0x10007bc8       0x10
 i.CyBle_ControllerExitLPM
                0x10007bc8       0x10 Generated_Source\PSoC6\pdl\middleware\ble\lib\cy_ble_stack_gcc_controller_ipc_cm0p.a(CyBleControllerIP_Interface.o)
                0x10007bc8                CyBle_ControllerExitLPM

i.CyBle_ControllerGetBleSsState
                0x10007bd8       0x10
 i.CyBle_ControllerGetBleSsState
                0x10007bd8       0x10 Generated_Source\PSoC6\pdl\middleware\ble\lib\cy_ble_stack_gcc_controller_ipc_cm0p.a(CyBleControllerIP_Interface.o)
                0x10007bd8                CyBle_ControllerGetBleSsState

i.CyBle_ControllerGetFeatureHeapReq
                0x10007be8       0x56
 i.CyBle_ControllerGetFeatureHeapReq
                0x10007be8       0x56 Generated_Source\PSoC6\pdl\middleware\ble\lib\cy_ble_stack_gcc_controller_ipc_cm0p.a(CyBleControllerIP_Interface.o)
                0x10007be8                CyBle_ControllerGetFeatureHeapReq

i.CyBle_ControllerGetFirmwareProgrammedDSM
                0x10007c40        0xc
 i.CyBle_ControllerGetFirmwareProgrammedDSM
                0x10007c40        0xc Generated_Source\PSoC6\pdl\middleware\ble\lib\cy_ble_stack_gcc_controller_ipc_cm0p.a(CyBleControllerIP_Interface.o)
                0x10007c40                CyBle_ControllerGetFirmwareProgrammedDSM

i.CyBle_ControllerGetHeapMemory
                0x10007c4c       0x18
 i.CyBle_ControllerGetHeapMemory
                0x10007c4c       0x18 Generated_Source\PSoC6\pdl\middleware\ble\lib\cy_ble_stack_gcc_controller_ipc_cm0p.a(CyBleControllerIP_Interface.o)
                0x10007c4c                CyBle_ControllerGetHeapMemory

i.CyBle_ControllerGetInternalHeapReq
                0x10007c64       0x3c
 i.CyBle_ControllerGetInternalHeapReq
                0x10007c64       0x3c Generated_Source\PSoC6\pdl\middleware\ble\lib\cy_ble_stack_gcc_controller_ipc_cm0p.a(CyBleControllerIP_Interface.o)
                0x10007c64                CyBle_ControllerGetInternalHeapReq

i.CyBle_ControllerHCIReInit
                0x10007ca0       0x60
 i.CyBle_ControllerHCIReInit
                0x10007ca0       0x60 Generated_Source\PSoC6\pdl\middleware\ble\lib\cy_ble_stack_gcc_controller_ipc_cm0p.a(CyBleControllerIP_Interface.o)
                0x10007ca0                CyBle_ControllerHCIReInit

i.CyBle_ControllerInit
                0x10007d00       0x68
 i.CyBle_ControllerInit
                0x10007d00       0x68 Generated_Source\PSoC6\pdl\middleware\ble\lib\cy_ble_stack_gcc_controller_ipc_cm0p.a(CyBleControllerIP_Interface.o)
                0x10007d00                CyBle_ControllerInit

i.CyBle_ControllerReset
                0x10007d68       0x20
 i.CyBle_ControllerReset
                0x10007d68       0x20 Generated_Source\PSoC6\pdl\middleware\ble\lib\cy_ble_stack_gcc_controller_ipc_cm0p.a(CyBleControllerIP_Interface.o)
                0x10007d68                CyBle_ControllerReset

i.CyBle_ControllerSetFeatureConfig
                0x10007d88       0x5c
 i.CyBle_ControllerSetFeatureConfig
                0x10007d88       0x5c Generated_Source\PSoC6\pdl\middleware\ble\lib\cy_ble_stack_gcc_controller_ipc_cm0p.a(CyBleControllerIP_Interface.o)
                0x10007d88                CyBle_ControllerSetFeatureConfig

i.CyBle_ControllerSetFirmwareProgrammedDSM
                0x10007de4        0xc
 i.CyBle_ControllerSetFirmwareProgrammedDSM
                0x10007de4        0xc Generated_Source\PSoC6\pdl\middleware\ble\lib\cy_ble_stack_gcc_controller_ipc_cm0p.a(CyBleControllerIP_Interface.o)
                0x10007de4                CyBle_ControllerSetFirmwareProgrammedDSM

i.CyBle_ControllerValidateInputParams
                0x10007df0       0x24
 i.CyBle_ControllerValidateInputParams
                0x10007df0       0x24 Generated_Source\PSoC6\pdl\middleware\ble\lib\cy_ble_stack_gcc_controller_ipc_cm0p.a(CyBleControllerIP_Interface.o)
                0x10007df0                CyBle_ControllerValidateInputParams

i.Cy_BLE_IsControllerActive
                0x10007e14       0x30
 i.Cy_BLE_IsControllerActive
                0x10007e14       0x30 Generated_Source\PSoC6\pdl\middleware\ble\lib\cy_ble_stack_gcc_controller_ipc_cm0p.a(ll.o)
                0x10007e14                Cy_BLE_IsControllerActive

i.ll_check_and_mark_packet_ready_for_transmission
                0x10007e44       0x5c
 i.ll_check_and_mark_packet_ready_for_transmission
                0x10007e44       0x5c Generated_Source\PSoC6\pdl\middleware\ble\lib\cy_ble_stack_gcc_controller_ipc_cm0p.a(ll.o)
                0x10007e44                ll_check_and_mark_packet_ready_for_transmission

i.ll_cleanup_pending_data_pdu
                0x10007ea0       0x3c
 i.ll_cleanup_pending_data_pdu
                0x10007ea0       0x3c Generated_Source\PSoC6\pdl\middleware\ble\lib\cy_ble_stack_gcc_controller_ipc_cm0p.a(ll.o)
                0x10007ea0                ll_cleanup_pending_data_pdu

i.ll_dequeue_data_in_pdu_q_mgr
                0x10007edc      0x144
 i.ll_dequeue_data_in_pdu_q_mgr
                0x10007edc      0x144 Generated_Source\PSoC6\pdl\middleware\ble\lib\cy_ble_stack_gcc_controller_ipc_cm0p.a(ll.o)
                0x10007edc                ll_dequeue_data_in_pdu_q_mgr

i.ll_derive_window_offset
                0x10008020       0x20
 i.ll_derive_window_offset
                0x10008020       0x20 Generated_Source\PSoC6\pdl\middleware\ble\lib\cy_ble_stack_gcc_controller_ipc_cm0p.a(ll.o)
                0x10008020                ll_derive_window_offset

i.ll_derive_window_size
                0x10008040        0xc
 i.ll_derive_window_size
                0x10008040        0xc Generated_Source\PSoC6\pdl\middleware\ble\lib\cy_ble_stack_gcc_controller_ipc_cm0p.a(ll.o)
                0x10008040                ll_derive_window_size

i.ll_enqueue_data_in_pdu_q_mgr
                0x1000804c       0x84
 i.ll_enqueue_data_in_pdu_q_mgr
                0x1000804c       0x84 Generated_Source\PSoC6\pdl\middleware\ble\lib\cy_ble_stack_gcc_controller_ipc_cm0p.a(ll.o)
                0x1000804c                ll_enqueue_data_in_pdu_q_mgr

i.ll_enter_dsm_mode
                0x100080d0      0x200
 i.ll_enter_dsm_mode
                0x100080d0      0x200 Generated_Source\PSoC6\pdl\middleware\ble\lib\cy_ble_stack_gcc_controller_ipc_cm0p.a(ll.o)
                0x100080d0                ll_enter_dsm_mode

i.ll_exit_low_power_mode
                0x100082d0       0x6c
 i.ll_exit_low_power_mode
                0x100082d0       0x6c Generated_Source\PSoC6\pdl\middleware\ble\lib\cy_ble_stack_gcc_controller_ipc_cm0p.a(ll.o)
                0x100082d0                ll_exit_low_power_mode

i.ll_get_ack_status
                0x1000833c       0x44
 i.ll_get_ack_status
                0x1000833c       0x44 Generated_Source\PSoC6\pdl\middleware\ble\lib\cy_ble_stack_gcc_controller_ipc_cm0p.a(ll.o)
                0x1000833c                ll_get_ack_status

i.ll_get_ack_status_for_all_connections
                0x10008380       0x38
 i.ll_get_ack_status_for_all_connections
                0x10008380       0x38 Generated_Source\PSoC6\pdl\middleware\ble\lib\cy_ble_stack_gcc_controller_ipc_cm0p.a(ll.o)
                0x10008380                ll_get_ack_status_for_all_connections

i.ll_get_adv_ch_tx_power
                0x100083b8       0x16
 i.ll_get_adv_ch_tx_power
                0x100083b8       0x16 Generated_Source\PSoC6\pdl\middleware\ble\lib\cy_ble_stack_gcc_controller_ipc_cm0p.a(ll.o)
                0x100083b8                ll_get_adv_ch_tx_power

i.ll_get_data_channel_map
                0x100083ce       0x28
 i.ll_get_data_channel_map
                0x100083ce       0x28 Generated_Source\PSoC6\pdl\middleware\ble\lib\cy_ble_stack_gcc_controller_ipc_cm0p.a(ll.o)
                0x100083ce                ll_get_data_channel_map

i.ll_get_max_white_list_size
                0x100083f8        0xc
 i.ll_get_max_white_list_size
                0x100083f8        0xc Generated_Source\PSoC6\pdl\middleware\ble\lib\cy_ble_stack_gcc_controller_ipc_cm0p.a(ll.o)
                0x100083f8                ll_get_max_white_list_size

i.ll_get_my_role
                0x10008404        0xc
 i.ll_get_my_role
                0x10008404        0xc Generated_Source\PSoC6\pdl\middleware\ble\lib\cy_ble_stack_gcc_controller_ipc_cm0p.a(ll.o)
                0x10008404                ll_get_my_role

i.ll_get_next_available_fifo_for_data_pdu
                0x10008410        0x8
 i.ll_get_next_available_fifo_for_data_pdu
                0x10008410        0x8 Generated_Source\PSoC6\pdl\middleware\ble\lib\cy_ble_stack_gcc_controller_ipc_cm0p.a(ll.o)
                0x10008410                ll_get_next_available_fifo_for_data_pdu

i.ll_get_next_available_fifo_for_ll_pdu
                0x10008418       0x30
 i.ll_get_next_available_fifo_for_ll_pdu
                0x10008418       0x30 Generated_Source\PSoC6\pdl\middleware\ble\lib\cy_ble_stack_gcc_controller_ipc_cm0p.a(ll.o)
                0x10008418                ll_get_next_available_fifo_for_ll_pdu

i.ll_get_rssi_value
                0x10008448       0x28
 i.ll_get_rssi_value
                0x10008448       0x28 Generated_Source\PSoC6\pdl\middleware\ble\lib\cy_ble_stack_gcc_controller_ipc_cm0p.a(ll.o)
                0x10008448                ll_get_rssi_value

i.ll_get_transmit_power_level
                0x10008470       0x20
 i.ll_get_transmit_power_level
                0x10008470       0x20 Generated_Source\PSoC6\pdl\middleware\ble\lib\cy_ble_stack_gcc_controller_ipc_cm0p.a(ll.o)
                0x10008470                ll_get_transmit_power_level

i.ll_handle_ack_received
                0x10008490       0x6c
 i.ll_handle_ack_received
                0x10008490       0x6c Generated_Source\PSoC6\pdl\middleware\ble\lib\cy_ble_stack_gcc_controller_ipc_cm0p.a(ll.o)
                0x10008490                ll_handle_ack_received

i.ll_handle_add_device_in_whitelist
                0x100084fc       0xbc
 i.ll_handle_add_device_in_whitelist
                0x100084fc       0xbc Generated_Source\PSoC6\pdl\middleware\ble\lib\cy_ble_stack_gcc_controller_ipc_cm0p.a(ll.o)
                0x100084fc                ll_handle_add_device_in_whitelist

i.ll_handle_clear_whitelist
                0x100085b8       0x2c
 i.ll_handle_clear_whitelist
                0x100085b8       0x2c Generated_Source\PSoC6\pdl\middleware\ble\lib\cy_ble_stack_gcc_controller_ipc_cm0p.a(ll.o)
                0x100085b8                ll_handle_clear_whitelist

i.ll_handle_encrypt_host_data
                0x100085e4       0x36
 i.ll_handle_encrypt_host_data
                0x100085e4       0x36 Generated_Source\PSoC6\pdl\middleware\ble\lib\cy_ble_stack_gcc_controller_ipc_cm0p.a(ll.o)
                0x100085e4                ll_handle_encrypt_host_data

i.ll_handle_host_data_packet
                0x1000861c       0xa0
 i.ll_handle_host_data_packet